<!doctype html public "-//w3c//dtd html 4.0 transitional//en">
<html><head>
<title>Static Call Graph - [.\Objects\Lab1.axf]</title></head>
<body><HR>
<H1>Static Call Graph for image .\Objects\Lab1.axf</H1><HR>
<BR><P>#&#060CALLGRAPH&#062# ARM Linker, 6210000: Last Updated: Mon Feb  3 18:46:50 2025
<BR><P>
<H3>Maximum Stack Usage =        276 bytes + Unknown(Functions without stacksize, Cycles, Untraceable Function Pointers)</H3><H3>
Call chain for Maximum Stack Depth:</H3>
Thread_Average &rArr; osMessageQueuePut &rArr; isrRtxMessageQueuePut &rArr; osRtxPostProcess &rArr; isr_queue_put &rArr; atomic_inc16_lt
<P>
<H3>
Functions with no stack information
</H3><UL>
 <LI><a href="#[6]">SVC_Handler</a>
 <LI><a href="#[8]">PendSV_Handler</a>
 <LI><a href="#[9]">SysTick_Handler</a>
</UL>
</UL>
<P>
<H3>
Mutually Recursive functions
</H3> <LI><a href="#[1]">NMI_Handler</a>&nbsp;&nbsp;&nbsp;&rArr;&nbsp;&nbsp;&nbsp;<a href="#[1]">NMI_Handler</a><BR>
 <LI><a href="#[2]">HardFault_Handler</a>&nbsp;&nbsp;&nbsp;&rArr;&nbsp;&nbsp;&nbsp;<a href="#[2]">HardFault_Handler</a><BR>
 <LI><a href="#[3]">MemManage_Handler</a>&nbsp;&nbsp;&nbsp;&rArr;&nbsp;&nbsp;&nbsp;<a href="#[3]">MemManage_Handler</a><BR>
 <LI><a href="#[4]">BusFault_Handler</a>&nbsp;&nbsp;&nbsp;&rArr;&nbsp;&nbsp;&nbsp;<a href="#[4]">BusFault_Handler</a><BR>
 <LI><a href="#[5]">UsageFault_Handler</a>&nbsp;&nbsp;&nbsp;&rArr;&nbsp;&nbsp;&nbsp;<a href="#[5]">UsageFault_Handler</a><BR>
 <LI><a href="#[7]">DebugMon_Handler</a>&nbsp;&nbsp;&nbsp;&rArr;&nbsp;&nbsp;&nbsp;<a href="#[7]">DebugMon_Handler</a><BR>
 <LI><a href="#[a]">GPIOA_Handler</a>&nbsp;&nbsp;&nbsp;&rArr;&nbsp;&nbsp;&nbsp;<a href="#[a]">GPIOA_Handler</a><BR>
 <LI><a href="#[b]">GPIOB_Handler</a>&nbsp;&nbsp;&nbsp;&rArr;&nbsp;&nbsp;&nbsp;<a href="#[b]">GPIOB_Handler</a><BR>
 <LI><a href="#[c]">GPIOC_Handler</a>&nbsp;&nbsp;&nbsp;&rArr;&nbsp;&nbsp;&nbsp;<a href="#[c]">GPIOC_Handler</a><BR>
 <LI><a href="#[d]">GPIOD_Handler</a>&nbsp;&nbsp;&nbsp;&rArr;&nbsp;&nbsp;&nbsp;<a href="#[d]">GPIOD_Handler</a><BR>
 <LI><a href="#[e]">GPIOE_Handler</a>&nbsp;&nbsp;&nbsp;&rArr;&nbsp;&nbsp;&nbsp;<a href="#[e]">GPIOE_Handler</a><BR>
 <LI><a href="#[f]">UART0_Handler</a>&nbsp;&nbsp;&nbsp;&rArr;&nbsp;&nbsp;&nbsp;<a href="#[f]">UART0_Handler</a><BR>
 <LI><a href="#[10]">UART1_Handler</a>&nbsp;&nbsp;&nbsp;&rArr;&nbsp;&nbsp;&nbsp;<a href="#[10]">UART1_Handler</a><BR>
 <LI><a href="#[11]">SSI0_Handler</a>&nbsp;&nbsp;&nbsp;&rArr;&nbsp;&nbsp;&nbsp;<a href="#[11]">SSI0_Handler</a><BR>
 <LI><a href="#[12]">I2C0_Handler</a>&nbsp;&nbsp;&nbsp;&rArr;&nbsp;&nbsp;&nbsp;<a href="#[12]">I2C0_Handler</a><BR>
 <LI><a href="#[13]">PMW0_FAULT_Handler</a>&nbsp;&nbsp;&nbsp;&rArr;&nbsp;&nbsp;&nbsp;<a href="#[13]">PMW0_FAULT_Handler</a><BR>
 <LI><a href="#[14]">PWM0_0_Handler</a>&nbsp;&nbsp;&nbsp;&rArr;&nbsp;&nbsp;&nbsp;<a href="#[14]">PWM0_0_Handler</a><BR>
 <LI><a href="#[15]">PWM0_1_Handler</a>&nbsp;&nbsp;&nbsp;&rArr;&nbsp;&nbsp;&nbsp;<a href="#[15]">PWM0_1_Handler</a><BR>
 <LI><a href="#[16]">PWM0_2_Handler</a>&nbsp;&nbsp;&nbsp;&rArr;&nbsp;&nbsp;&nbsp;<a href="#[16]">PWM0_2_Handler</a><BR>
 <LI><a href="#[17]">QEI0_Handler</a>&nbsp;&nbsp;&nbsp;&rArr;&nbsp;&nbsp;&nbsp;<a href="#[17]">QEI0_Handler</a><BR>
 <LI><a href="#[18]">ADC0SS0_Handler</a>&nbsp;&nbsp;&nbsp;&rArr;&nbsp;&nbsp;&nbsp;<a href="#[18]">ADC0SS0_Handler</a><BR>
 <LI><a href="#[19]">ADC0SS1_Handler</a>&nbsp;&nbsp;&nbsp;&rArr;&nbsp;&nbsp;&nbsp;<a href="#[19]">ADC0SS1_Handler</a><BR>
 <LI><a href="#[1a]">ADC0SS2_Handler</a>&nbsp;&nbsp;&nbsp;&rArr;&nbsp;&nbsp;&nbsp;<a href="#[1a]">ADC0SS2_Handler</a><BR>
 <LI><a href="#[1b]">ADC0SS3_Handler</a>&nbsp;&nbsp;&nbsp;&rArr;&nbsp;&nbsp;&nbsp;<a href="#[1b]">ADC0SS3_Handler</a><BR>
 <LI><a href="#[1c]">WDT0_Handler</a>&nbsp;&nbsp;&nbsp;&rArr;&nbsp;&nbsp;&nbsp;<a href="#[1c]">WDT0_Handler</a><BR>
 <LI><a href="#[1d]">TIMER0A_Handler</a>&nbsp;&nbsp;&nbsp;&rArr;&nbsp;&nbsp;&nbsp;<a href="#[1d]">TIMER0A_Handler</a><BR>
 <LI><a href="#[1e]">TIMER0B_Handler</a>&nbsp;&nbsp;&nbsp;&rArr;&nbsp;&nbsp;&nbsp;<a href="#[1e]">TIMER0B_Handler</a><BR>
 <LI><a href="#[1f]">TIMER1A_Handler</a>&nbsp;&nbsp;&nbsp;&rArr;&nbsp;&nbsp;&nbsp;<a href="#[1f]">TIMER1A_Handler</a><BR>
 <LI><a href="#[20]">TIMER1B_Handler</a>&nbsp;&nbsp;&nbsp;&rArr;&nbsp;&nbsp;&nbsp;<a href="#[20]">TIMER1B_Handler</a><BR>
 <LI><a href="#[21]">TIMER2A_Handler</a>&nbsp;&nbsp;&nbsp;&rArr;&nbsp;&nbsp;&nbsp;<a href="#[21]">TIMER2A_Handler</a><BR>
 <LI><a href="#[22]">TIMER2B_Handler</a>&nbsp;&nbsp;&nbsp;&rArr;&nbsp;&nbsp;&nbsp;<a href="#[22]">TIMER2B_Handler</a><BR>
 <LI><a href="#[23]">COMP0_Handler</a>&nbsp;&nbsp;&nbsp;&rArr;&nbsp;&nbsp;&nbsp;<a href="#[23]">COMP0_Handler</a><BR>
 <LI><a href="#[24]">COMP1_Handler</a>&nbsp;&nbsp;&nbsp;&rArr;&nbsp;&nbsp;&nbsp;<a href="#[24]">COMP1_Handler</a><BR>
 <LI><a href="#[25]">COMP2_Handler</a>&nbsp;&nbsp;&nbsp;&rArr;&nbsp;&nbsp;&nbsp;<a href="#[25]">COMP2_Handler</a><BR>
 <LI><a href="#[26]">SYSCTL_Handler</a>&nbsp;&nbsp;&nbsp;&rArr;&nbsp;&nbsp;&nbsp;<a href="#[26]">SYSCTL_Handler</a><BR>
 <LI><a href="#[27]">FLASH_Handler</a>&nbsp;&nbsp;&nbsp;&rArr;&nbsp;&nbsp;&nbsp;<a href="#[27]">FLASH_Handler</a><BR>
 <LI><a href="#[28]">GPIOF_Handler</a>&nbsp;&nbsp;&nbsp;&rArr;&nbsp;&nbsp;&nbsp;<a href="#[28]">GPIOF_Handler</a><BR>
 <LI><a href="#[29]">GPIOG_Handler</a>&nbsp;&nbsp;&nbsp;&rArr;&nbsp;&nbsp;&nbsp;<a href="#[29]">GPIOG_Handler</a><BR>
 <LI><a href="#[2a]">GPIOH_Handler</a>&nbsp;&nbsp;&nbsp;&rArr;&nbsp;&nbsp;&nbsp;<a href="#[2a]">GPIOH_Handler</a><BR>
 <LI><a href="#[2b]">UART2_Handler</a>&nbsp;&nbsp;&nbsp;&rArr;&nbsp;&nbsp;&nbsp;<a href="#[2b]">UART2_Handler</a><BR>
 <LI><a href="#[2c]">SSI1_Handler</a>&nbsp;&nbsp;&nbsp;&rArr;&nbsp;&nbsp;&nbsp;<a href="#[2c]">SSI1_Handler</a><BR>
 <LI><a href="#[2d]">TIMER3A_Handler</a>&nbsp;&nbsp;&nbsp;&rArr;&nbsp;&nbsp;&nbsp;<a href="#[2d]">TIMER3A_Handler</a><BR>
 <LI><a href="#[2e]">TIMER3B_Handler</a>&nbsp;&nbsp;&nbsp;&rArr;&nbsp;&nbsp;&nbsp;<a href="#[2e]">TIMER3B_Handler</a><BR>
 <LI><a href="#[2f]">I2C1_Handler</a>&nbsp;&nbsp;&nbsp;&rArr;&nbsp;&nbsp;&nbsp;<a href="#[2f]">I2C1_Handler</a><BR>
 <LI><a href="#[30]">CAN0_Handler</a>&nbsp;&nbsp;&nbsp;&rArr;&nbsp;&nbsp;&nbsp;<a href="#[30]">CAN0_Handler</a><BR>
 <LI><a href="#[31]">CAN1_Handler</a>&nbsp;&nbsp;&nbsp;&rArr;&nbsp;&nbsp;&nbsp;<a href="#[31]">CAN1_Handler</a><BR>
 <LI><a href="#[32]">ETH_Handler</a>&nbsp;&nbsp;&nbsp;&rArr;&nbsp;&nbsp;&nbsp;<a href="#[32]">ETH_Handler</a><BR>
 <LI><a href="#[33]">HIB_Handler</a>&nbsp;&nbsp;&nbsp;&rArr;&nbsp;&nbsp;&nbsp;<a href="#[33]">HIB_Handler</a><BR>
 <LI><a href="#[34]">USB0_Handler</a>&nbsp;&nbsp;&nbsp;&rArr;&nbsp;&nbsp;&nbsp;<a href="#[34]">USB0_Handler</a><BR>
 <LI><a href="#[35]">PWM0_3_Handler</a>&nbsp;&nbsp;&nbsp;&rArr;&nbsp;&nbsp;&nbsp;<a href="#[35]">PWM0_3_Handler</a><BR>
 <LI><a href="#[36]">UDMA_Handler</a>&nbsp;&nbsp;&nbsp;&rArr;&nbsp;&nbsp;&nbsp;<a href="#[36]">UDMA_Handler</a><BR>
 <LI><a href="#[37]">UDMAERR_Handler</a>&nbsp;&nbsp;&nbsp;&rArr;&nbsp;&nbsp;&nbsp;<a href="#[37]">UDMAERR_Handler</a><BR>
 <LI><a href="#[38]">ADC1SS0_Handler</a>&nbsp;&nbsp;&nbsp;&rArr;&nbsp;&nbsp;&nbsp;<a href="#[38]">ADC1SS0_Handler</a><BR>
 <LI><a href="#[39]">ADC1SS1_Handler</a>&nbsp;&nbsp;&nbsp;&rArr;&nbsp;&nbsp;&nbsp;<a href="#[39]">ADC1SS1_Handler</a><BR>
 <LI><a href="#[3a]">ADC1SS2_Handler</a>&nbsp;&nbsp;&nbsp;&rArr;&nbsp;&nbsp;&nbsp;<a href="#[3a]">ADC1SS2_Handler</a><BR>
 <LI><a href="#[3b]">ADC1SS3_Handler</a>&nbsp;&nbsp;&nbsp;&rArr;&nbsp;&nbsp;&nbsp;<a href="#[3b]">ADC1SS3_Handler</a><BR>
 <LI><a href="#[3c]">EBI0_Handler</a>&nbsp;&nbsp;&nbsp;&rArr;&nbsp;&nbsp;&nbsp;<a href="#[3c]">EBI0_Handler</a><BR>
 <LI><a href="#[3d]">GPIOJ_Handler</a>&nbsp;&nbsp;&nbsp;&rArr;&nbsp;&nbsp;&nbsp;<a href="#[3d]">GPIOJ_Handler</a><BR>
 <LI><a href="#[3e]">GPIOK_Handler</a>&nbsp;&nbsp;&nbsp;&rArr;&nbsp;&nbsp;&nbsp;<a href="#[3e]">GPIOK_Handler</a><BR>
 <LI><a href="#[3f]">GPIOL_Handler</a>&nbsp;&nbsp;&nbsp;&rArr;&nbsp;&nbsp;&nbsp;<a href="#[3f]">GPIOL_Handler</a><BR>
 <LI><a href="#[40]">SSI2_Handler</a>&nbsp;&nbsp;&nbsp;&rArr;&nbsp;&nbsp;&nbsp;<a href="#[40]">SSI2_Handler</a><BR>
 <LI><a href="#[41]">SSI3_Handler</a>&nbsp;&nbsp;&nbsp;&rArr;&nbsp;&nbsp;&nbsp;<a href="#[41]">SSI3_Handler</a><BR>
 <LI><a href="#[42]">UART3_Handler</a>&nbsp;&nbsp;&nbsp;&rArr;&nbsp;&nbsp;&nbsp;<a href="#[42]">UART3_Handler</a><BR>
 <LI><a href="#[43]">UART4_Handler</a>&nbsp;&nbsp;&nbsp;&rArr;&nbsp;&nbsp;&nbsp;<a href="#[43]">UART4_Handler</a><BR>
 <LI><a href="#[44]">UART5_Handler</a>&nbsp;&nbsp;&nbsp;&rArr;&nbsp;&nbsp;&nbsp;<a href="#[44]">UART5_Handler</a><BR>
 <LI><a href="#[45]">UART6_Handler</a>&nbsp;&nbsp;&nbsp;&rArr;&nbsp;&nbsp;&nbsp;<a href="#[45]">UART6_Handler</a><BR>
 <LI><a href="#[46]">UART7_Handler</a>&nbsp;&nbsp;&nbsp;&rArr;&nbsp;&nbsp;&nbsp;<a href="#[46]">UART7_Handler</a><BR>
 <LI><a href="#[47]">I2C2_Handler</a>&nbsp;&nbsp;&nbsp;&rArr;&nbsp;&nbsp;&nbsp;<a href="#[47]">I2C2_Handler</a><BR>
 <LI><a href="#[48]">I2C3_Handler</a>&nbsp;&nbsp;&nbsp;&rArr;&nbsp;&nbsp;&nbsp;<a href="#[48]">I2C3_Handler</a><BR>
 <LI><a href="#[49]">TIMER4A_Handler</a>&nbsp;&nbsp;&nbsp;&rArr;&nbsp;&nbsp;&nbsp;<a href="#[49]">TIMER4A_Handler</a><BR>
 <LI><a href="#[4a]">TIMER4B_Handler</a>&nbsp;&nbsp;&nbsp;&rArr;&nbsp;&nbsp;&nbsp;<a href="#[4a]">TIMER4B_Handler</a><BR>
 <LI><a href="#[4b]">TIMER5A_Handler</a>&nbsp;&nbsp;&nbsp;&rArr;&nbsp;&nbsp;&nbsp;<a href="#[4b]">TIMER5A_Handler</a><BR>
 <LI><a href="#[4c]">TIMER5B_Handler</a>&nbsp;&nbsp;&nbsp;&rArr;&nbsp;&nbsp;&nbsp;<a href="#[4c]">TIMER5B_Handler</a><BR>
 <LI><a href="#[4d]">FPU_Handler</a>&nbsp;&nbsp;&nbsp;&rArr;&nbsp;&nbsp;&nbsp;<a href="#[4d]">FPU_Handler</a><BR>
 <LI><a href="#[4e]">I2C4_Handler</a>&nbsp;&nbsp;&nbsp;&rArr;&nbsp;&nbsp;&nbsp;<a href="#[4e]">I2C4_Handler</a><BR>
 <LI><a href="#[4f]">I2C5_Handler</a>&nbsp;&nbsp;&nbsp;&rArr;&nbsp;&nbsp;&nbsp;<a href="#[4f]">I2C5_Handler</a><BR>
 <LI><a href="#[50]">GPIOM_Handler</a>&nbsp;&nbsp;&nbsp;&rArr;&nbsp;&nbsp;&nbsp;<a href="#[50]">GPIOM_Handler</a><BR>
 <LI><a href="#[51]">GPION_Handler</a>&nbsp;&nbsp;&nbsp;&rArr;&nbsp;&nbsp;&nbsp;<a href="#[51]">GPION_Handler</a><BR>
 <LI><a href="#[52]">TAMPER_Handler</a>&nbsp;&nbsp;&nbsp;&rArr;&nbsp;&nbsp;&nbsp;<a href="#[52]">TAMPER_Handler</a><BR>
 <LI><a href="#[53]">GPIOP0_Handler</a>&nbsp;&nbsp;&nbsp;&rArr;&nbsp;&nbsp;&nbsp;<a href="#[53]">GPIOP0_Handler</a><BR>
 <LI><a href="#[54]">GPIOP1_Handler</a>&nbsp;&nbsp;&nbsp;&rArr;&nbsp;&nbsp;&nbsp;<a href="#[54]">GPIOP1_Handler</a><BR>
 <LI><a href="#[55]">GPIOP2_Handler</a>&nbsp;&nbsp;&nbsp;&rArr;&nbsp;&nbsp;&nbsp;<a href="#[55]">GPIOP2_Handler</a><BR>
 <LI><a href="#[56]">GPIOP3_Handler</a>&nbsp;&nbsp;&nbsp;&rArr;&nbsp;&nbsp;&nbsp;<a href="#[56]">GPIOP3_Handler</a><BR>
 <LI><a href="#[57]">GPIOP4_Handler</a>&nbsp;&nbsp;&nbsp;&rArr;&nbsp;&nbsp;&nbsp;<a href="#[57]">GPIOP4_Handler</a><BR>
 <LI><a href="#[58]">GPIOP5_Handler</a>&nbsp;&nbsp;&nbsp;&rArr;&nbsp;&nbsp;&nbsp;<a href="#[58]">GPIOP5_Handler</a><BR>
 <LI><a href="#[59]">GPIOP6_Handler</a>&nbsp;&nbsp;&nbsp;&rArr;&nbsp;&nbsp;&nbsp;<a href="#[59]">GPIOP6_Handler</a><BR>
 <LI><a href="#[5a]">GPIOP7_Handler</a>&nbsp;&nbsp;&nbsp;&rArr;&nbsp;&nbsp;&nbsp;<a href="#[5a]">GPIOP7_Handler</a><BR>
 <LI><a href="#[5b]">GPIOQ0_Handler</a>&nbsp;&nbsp;&nbsp;&rArr;&nbsp;&nbsp;&nbsp;<a href="#[5b]">GPIOQ0_Handler</a><BR>
 <LI><a href="#[5c]">GPIOQ1_Handler</a>&nbsp;&nbsp;&nbsp;&rArr;&nbsp;&nbsp;&nbsp;<a href="#[5c]">GPIOQ1_Handler</a><BR>
 <LI><a href="#[5d]">GPIOQ2_Handler</a>&nbsp;&nbsp;&nbsp;&rArr;&nbsp;&nbsp;&nbsp;<a href="#[5d]">GPIOQ2_Handler</a><BR>
 <LI><a href="#[5e]">GPIOQ3_Handler</a>&nbsp;&nbsp;&nbsp;&rArr;&nbsp;&nbsp;&nbsp;<a href="#[5e]">GPIOQ3_Handler</a><BR>
 <LI><a href="#[5f]">GPIOQ4_Handler</a>&nbsp;&nbsp;&nbsp;&rArr;&nbsp;&nbsp;&nbsp;<a href="#[5f]">GPIOQ4_Handler</a><BR>
 <LI><a href="#[60]">GPIOQ5_Handler</a>&nbsp;&nbsp;&nbsp;&rArr;&nbsp;&nbsp;&nbsp;<a href="#[60]">GPIOQ5_Handler</a><BR>
 <LI><a href="#[61]">GPIOQ6_Handler</a>&nbsp;&nbsp;&nbsp;&rArr;&nbsp;&nbsp;&nbsp;<a href="#[61]">GPIOQ6_Handler</a><BR>
 <LI><a href="#[62]">GPIOQ7_Handler</a>&nbsp;&nbsp;&nbsp;&rArr;&nbsp;&nbsp;&nbsp;<a href="#[62]">GPIOQ7_Handler</a><BR>
 <LI><a href="#[63]">GPIOR_Handler</a>&nbsp;&nbsp;&nbsp;&rArr;&nbsp;&nbsp;&nbsp;<a href="#[63]">GPIOR_Handler</a><BR>
 <LI><a href="#[64]">GPIOS_Handler</a>&nbsp;&nbsp;&nbsp;&rArr;&nbsp;&nbsp;&nbsp;<a href="#[64]">GPIOS_Handler</a><BR>
 <LI><a href="#[65]">SHAMD5_Handler</a>&nbsp;&nbsp;&nbsp;&rArr;&nbsp;&nbsp;&nbsp;<a href="#[65]">SHAMD5_Handler</a><BR>
 <LI><a href="#[66]">AES_Handler</a>&nbsp;&nbsp;&nbsp;&rArr;&nbsp;&nbsp;&nbsp;<a href="#[66]">AES_Handler</a><BR>
 <LI><a href="#[67]">DES3DES_Handler</a>&nbsp;&nbsp;&nbsp;&rArr;&nbsp;&nbsp;&nbsp;<a href="#[67]">DES3DES_Handler</a><BR>
 <LI><a href="#[68]">LCDCONTROLLER_Handler</a>&nbsp;&nbsp;&nbsp;&rArr;&nbsp;&nbsp;&nbsp;<a href="#[68]">LCDCONTROLLER_Handler</a><BR>
 <LI><a href="#[69]">TIMER6A_Handler</a>&nbsp;&nbsp;&nbsp;&rArr;&nbsp;&nbsp;&nbsp;<a href="#[69]">TIMER6A_Handler</a><BR>
 <LI><a href="#[6a]">TIMER6B_Handler</a>&nbsp;&nbsp;&nbsp;&rArr;&nbsp;&nbsp;&nbsp;<a href="#[6a]">TIMER6B_Handler</a><BR>
 <LI><a href="#[6b]">TIMER7A_Handler</a>&nbsp;&nbsp;&nbsp;&rArr;&nbsp;&nbsp;&nbsp;<a href="#[6b]">TIMER7A_Handler</a><BR>
 <LI><a href="#[6c]">TIMER7B_Handler</a>&nbsp;&nbsp;&nbsp;&rArr;&nbsp;&nbsp;&nbsp;<a href="#[6c]">TIMER7B_Handler</a><BR>
 <LI><a href="#[6d]">I2C6_Handler</a>&nbsp;&nbsp;&nbsp;&rArr;&nbsp;&nbsp;&nbsp;<a href="#[6d]">I2C6_Handler</a><BR>
 <LI><a href="#[6e]">I2C7_Handler</a>&nbsp;&nbsp;&nbsp;&rArr;&nbsp;&nbsp;&nbsp;<a href="#[6e]">I2C7_Handler</a><BR>
 <LI><a href="#[6f]">HIMSCANKEYBOARD_Handler</a>&nbsp;&nbsp;&nbsp;&rArr;&nbsp;&nbsp;&nbsp;<a href="#[6f]">HIMSCANKEYBOARD_Handler</a><BR>
 <LI><a href="#[70]">ONEWIRE_Handler</a>&nbsp;&nbsp;&nbsp;&rArr;&nbsp;&nbsp;&nbsp;<a href="#[70]">ONEWIRE_Handler</a><BR>
 <LI><a href="#[71]">HIMPS2_Handler</a>&nbsp;&nbsp;&nbsp;&rArr;&nbsp;&nbsp;&nbsp;<a href="#[71]">HIMPS2_Handler</a><BR>
 <LI><a href="#[72]">HIMLEDSEQUENCER_Handler</a>&nbsp;&nbsp;&nbsp;&rArr;&nbsp;&nbsp;&nbsp;<a href="#[72]">HIMLEDSEQUENCER_Handler</a><BR>
 <LI><a href="#[73]">HIMCONSUMERIR_Handler</a>&nbsp;&nbsp;&nbsp;&rArr;&nbsp;&nbsp;&nbsp;<a href="#[73]">HIMCONSUMERIR_Handler</a><BR>
 <LI><a href="#[74]">I2C8_Handler</a>&nbsp;&nbsp;&nbsp;&rArr;&nbsp;&nbsp;&nbsp;<a href="#[74]">I2C8_Handler</a><BR>
 <LI><a href="#[75]">I2C9_Handler</a>&nbsp;&nbsp;&nbsp;&rArr;&nbsp;&nbsp;&nbsp;<a href="#[75]">I2C9_Handler</a><BR>
 <LI><a href="#[76]">GPIOT_Handler</a>&nbsp;&nbsp;&nbsp;&rArr;&nbsp;&nbsp;&nbsp;<a href="#[76]">GPIOT_Handler</a><BR>
 <LI><a href="#[d4]">UARTCharPut</a>&nbsp;&nbsp;&nbsp;&rArr;&nbsp;&nbsp;&nbsp;<a href="#[d4]">UARTCharPut</a><BR>
 <LI><a href="#[c1]">UARTConfigSetExpClk</a>&nbsp;&nbsp;&nbsp;&rArr;&nbsp;&nbsp;&nbsp;<a href="#[c1]">UARTConfigSetExpClk</a><BR>
 <LI><a href="#[91]">WTIMER0A_Handler</a>&nbsp;&nbsp;&nbsp;&rArr;&nbsp;&nbsp;&nbsp;<a href="#[91]">WTIMER0A_Handler</a><BR>
 <LI><a href="#[92]">WTIMER0B_Handler</a>&nbsp;&nbsp;&nbsp;&rArr;&nbsp;&nbsp;&nbsp;<a href="#[92]">WTIMER0B_Handler</a><BR>
 <LI><a href="#[93]">WTIMER1A_Handler</a>&nbsp;&nbsp;&nbsp;&rArr;&nbsp;&nbsp;&nbsp;<a href="#[93]">WTIMER1A_Handler</a><BR>
 <LI><a href="#[94]">WTIMER1B_Handler</a>&nbsp;&nbsp;&nbsp;&rArr;&nbsp;&nbsp;&nbsp;<a href="#[94]">WTIMER1B_Handler</a><BR>
 <LI><a href="#[95]">WTIMER2A_Handler</a>&nbsp;&nbsp;&nbsp;&rArr;&nbsp;&nbsp;&nbsp;<a href="#[95]">WTIMER2A_Handler</a><BR>
 <LI><a href="#[96]">WTIMER2B_Handler</a>&nbsp;&nbsp;&nbsp;&rArr;&nbsp;&nbsp;&nbsp;<a href="#[96]">WTIMER2B_Handler</a><BR>
 <LI><a href="#[97]">WTIMER3A_Handler</a>&nbsp;&nbsp;&nbsp;&rArr;&nbsp;&nbsp;&nbsp;<a href="#[97]">WTIMER3A_Handler</a><BR>
 <LI><a href="#[98]">WTIMER3B_Handler</a>&nbsp;&nbsp;&nbsp;&rArr;&nbsp;&nbsp;&nbsp;<a href="#[98]">WTIMER3B_Handler</a><BR>
 <LI><a href="#[99]">WTIMER4A_Handler</a>&nbsp;&nbsp;&nbsp;&rArr;&nbsp;&nbsp;&nbsp;<a href="#[99]">WTIMER4A_Handler</a><BR>
 <LI><a href="#[9a]">WTIMER4B_Handler</a>&nbsp;&nbsp;&nbsp;&rArr;&nbsp;&nbsp;&nbsp;<a href="#[9a]">WTIMER4B_Handler</a><BR>
 <LI><a href="#[9b]">WTIMER5A_Handler</a>&nbsp;&nbsp;&nbsp;&rArr;&nbsp;&nbsp;&nbsp;<a href="#[9b]">WTIMER5A_Handler</a><BR>
 <LI><a href="#[9c]">WTIMER5B_Handler</a>&nbsp;&nbsp;&nbsp;&rArr;&nbsp;&nbsp;&nbsp;<a href="#[9c]">WTIMER5B_Handler</a><BR>
</UL>
<P>
<H3>
Function Pointers
</H3><UL>
 <LI><a href="#[18]">ADC0SS0_Handler</a> from startup_tm4c129.o(.text) referenced from startup_tm4c129.o(RESET)
 <LI><a href="#[19]">ADC0SS1_Handler</a> from startup_tm4c129.o(.text) referenced from startup_tm4c129.o(RESET)
 <LI><a href="#[1a]">ADC0SS2_Handler</a> from startup_tm4c129.o(.text) referenced from startup_tm4c129.o(RESET)
 <LI><a href="#[1b]">ADC0SS3_Handler</a> from startup_tm4c129.o(.text) referenced from startup_tm4c129.o(RESET)
 <LI><a href="#[38]">ADC1SS0_Handler</a> from startup_tm4c129.o(.text) referenced from startup_tm4c129.o(RESET)
 <LI><a href="#[39]">ADC1SS1_Handler</a> from startup_tm4c129.o(.text) referenced from startup_tm4c129.o(RESET)
 <LI><a href="#[3a]">ADC1SS2_Handler</a> from startup_tm4c129.o(.text) referenced from startup_tm4c129.o(RESET)
 <LI><a href="#[3b]">ADC1SS3_Handler</a> from startup_tm4c129.o(.text) referenced from startup_tm4c129.o(RESET)
 <LI><a href="#[66]">AES_Handler</a> from startup_tm4c129.o(.text) referenced from startup_tm4c129.o(RESET)
 <LI><a href="#[4]">BusFault_Handler</a> from startup_tm4c129.o(.text) referenced from startup_tm4c129.o(RESET)
 <LI><a href="#[30]">CAN0_Handler</a> from startup_tm4c129.o(.text) referenced from startup_tm4c129.o(RESET)
 <LI><a href="#[31]">CAN1_Handler</a> from startup_tm4c129.o(.text) referenced from startup_tm4c129.o(RESET)
 <LI><a href="#[23]">COMP0_Handler</a> from startup_tm4c129.o(.text) referenced from startup_tm4c129.o(RESET)
 <LI><a href="#[24]">COMP1_Handler</a> from startup_tm4c129.o(.text) referenced from startup_tm4c129.o(RESET)
 <LI><a href="#[25]">COMP2_Handler</a> from startup_tm4c129.o(.text) referenced from startup_tm4c129.o(RESET)
 <LI><a href="#[67]">DES3DES_Handler</a> from startup_tm4c129.o(.text) referenced from startup_tm4c129.o(RESET)
 <LI><a href="#[7]">DebugMon_Handler</a> from startup_tm4c129.o(.text) referenced from startup_tm4c129.o(RESET)
 <LI><a href="#[3c]">EBI0_Handler</a> from startup_tm4c129.o(.text) referenced from startup_tm4c129.o(RESET)
 <LI><a href="#[32]">ETH_Handler</a> from startup_tm4c129.o(.text) referenced from startup_tm4c129.o(RESET)
 <LI><a href="#[27]">FLASH_Handler</a> from startup_tm4c129.o(.text) referenced from startup_tm4c129.o(RESET)
 <LI><a href="#[4d]">FPU_Handler</a> from startup_tm4c129.o(.text) referenced from startup_tm4c129.o(RESET)
 <LI><a href="#[a]">GPIOA_Handler</a> from startup_tm4c129.o(.text) referenced from startup_tm4c129.o(RESET)
 <LI><a href="#[b]">GPIOB_Handler</a> from startup_tm4c129.o(.text) referenced from startup_tm4c129.o(RESET)
 <LI><a href="#[c]">GPIOC_Handler</a> from startup_tm4c129.o(.text) referenced from startup_tm4c129.o(RESET)
 <LI><a href="#[d]">GPIOD_Handler</a> from startup_tm4c129.o(.text) referenced from startup_tm4c129.o(RESET)
 <LI><a href="#[e]">GPIOE_Handler</a> from startup_tm4c129.o(.text) referenced from startup_tm4c129.o(RESET)
 <LI><a href="#[28]">GPIOF_Handler</a> from startup_tm4c129.o(.text) referenced from startup_tm4c129.o(RESET)
 <LI><a href="#[29]">GPIOG_Handler</a> from startup_tm4c129.o(.text) referenced from startup_tm4c129.o(RESET)
 <LI><a href="#[2a]">GPIOH_Handler</a> from startup_tm4c129.o(.text) referenced from startup_tm4c129.o(RESET)
 <LI><a href="#[3d]">GPIOJ_Handler</a> from startup_tm4c129.o(.text) referenced from startup_tm4c129.o(RESET)
 <LI><a href="#[3e]">GPIOK_Handler</a> from startup_tm4c129.o(.text) referenced from startup_tm4c129.o(RESET)
 <LI><a href="#[3f]">GPIOL_Handler</a> from startup_tm4c129.o(.text) referenced from startup_tm4c129.o(RESET)
 <LI><a href="#[50]">GPIOM_Handler</a> from startup_tm4c129.o(.text) referenced from startup_tm4c129.o(RESET)
 <LI><a href="#[51]">GPION_Handler</a> from startup_tm4c129.o(.text) referenced from startup_tm4c129.o(RESET)
 <LI><a href="#[53]">GPIOP0_Handler</a> from startup_tm4c129.o(.text) referenced from startup_tm4c129.o(RESET)
 <LI><a href="#[54]">GPIOP1_Handler</a> from startup_tm4c129.o(.text) referenced from startup_tm4c129.o(RESET)
 <LI><a href="#[55]">GPIOP2_Handler</a> from startup_tm4c129.o(.text) referenced from startup_tm4c129.o(RESET)
 <LI><a href="#[56]">GPIOP3_Handler</a> from startup_tm4c129.o(.text) referenced from startup_tm4c129.o(RESET)
 <LI><a href="#[57]">GPIOP4_Handler</a> from startup_tm4c129.o(.text) referenced from startup_tm4c129.o(RESET)
 <LI><a href="#[58]">GPIOP5_Handler</a> from startup_tm4c129.o(.text) referenced from startup_tm4c129.o(RESET)
 <LI><a href="#[59]">GPIOP6_Handler</a> from startup_tm4c129.o(.text) referenced from startup_tm4c129.o(RESET)
 <LI><a href="#[5a]">GPIOP7_Handler</a> from startup_tm4c129.o(.text) referenced from startup_tm4c129.o(RESET)
 <LI><a href="#[5b]">GPIOQ0_Handler</a> from startup_tm4c129.o(.text) referenced from startup_tm4c129.o(RESET)
 <LI><a href="#[5c]">GPIOQ1_Handler</a> from startup_tm4c129.o(.text) referenced from startup_tm4c129.o(RESET)
 <LI><a href="#[5d]">GPIOQ2_Handler</a> from startup_tm4c129.o(.text) referenced from startup_tm4c129.o(RESET)
 <LI><a href="#[5e]">GPIOQ3_Handler</a> from startup_tm4c129.o(.text) referenced from startup_tm4c129.o(RESET)
 <LI><a href="#[5f]">GPIOQ4_Handler</a> from startup_tm4c129.o(.text) referenced from startup_tm4c129.o(RESET)
 <LI><a href="#[60]">GPIOQ5_Handler</a> from startup_tm4c129.o(.text) referenced from startup_tm4c129.o(RESET)
 <LI><a href="#[61]">GPIOQ6_Handler</a> from startup_tm4c129.o(.text) referenced from startup_tm4c129.o(RESET)
 <LI><a href="#[62]">GPIOQ7_Handler</a> from startup_tm4c129.o(.text) referenced from startup_tm4c129.o(RESET)
 <LI><a href="#[63]">GPIOR_Handler</a> from startup_tm4c129.o(.text) referenced from startup_tm4c129.o(RESET)
 <LI><a href="#[64]">GPIOS_Handler</a> from startup_tm4c129.o(.text) referenced from startup_tm4c129.o(RESET)
 <LI><a href="#[76]">GPIOT_Handler</a> from startup_tm4c129.o(.text) referenced from startup_tm4c129.o(RESET)
 <LI><a href="#[33]">HIB_Handler</a> from startup_tm4c129.o(.text) referenced from startup_tm4c129.o(RESET)
 <LI><a href="#[73]">HIMCONSUMERIR_Handler</a> from startup_tm4c129.o(.text) referenced from startup_tm4c129.o(RESET)
 <LI><a href="#[72]">HIMLEDSEQUENCER_Handler</a> from startup_tm4c129.o(.text) referenced from startup_tm4c129.o(RESET)
 <LI><a href="#[71]">HIMPS2_Handler</a> from startup_tm4c129.o(.text) referenced from startup_tm4c129.o(RESET)
 <LI><a href="#[6f]">HIMSCANKEYBOARD_Handler</a> from startup_tm4c129.o(.text) referenced from startup_tm4c129.o(RESET)
 <LI><a href="#[2]">HardFault_Handler</a> from startup_tm4c129.o(.text) referenced from startup_tm4c129.o(RESET)
 <LI><a href="#[12]">I2C0_Handler</a> from startup_tm4c129.o(.text) referenced from startup_tm4c129.o(RESET)
 <LI><a href="#[2f]">I2C1_Handler</a> from startup_tm4c129.o(.text) referenced from startup_tm4c129.o(RESET)
 <LI><a href="#[47]">I2C2_Handler</a> from startup_tm4c129.o(.text) referenced from startup_tm4c129.o(RESET)
 <LI><a href="#[48]">I2C3_Handler</a> from startup_tm4c129.o(.text) referenced from startup_tm4c129.o(RESET)
 <LI><a href="#[4e]">I2C4_Handler</a> from startup_tm4c129.o(.text) referenced from startup_tm4c129.o(RESET)
 <LI><a href="#[4f]">I2C5_Handler</a> from startup_tm4c129.o(.text) referenced from startup_tm4c129.o(RESET)
 <LI><a href="#[6d]">I2C6_Handler</a> from startup_tm4c129.o(.text) referenced from startup_tm4c129.o(RESET)
 <LI><a href="#[6e]">I2C7_Handler</a> from startup_tm4c129.o(.text) referenced from startup_tm4c129.o(RESET)
 <LI><a href="#[74]">I2C8_Handler</a> from startup_tm4c129.o(.text) referenced from startup_tm4c129.o(RESET)
 <LI><a href="#[75]">I2C9_Handler</a> from startup_tm4c129.o(.text) referenced from startup_tm4c129.o(RESET)
 <LI><a href="#[68]">LCDCONTROLLER_Handler</a> from startup_tm4c129.o(.text) referenced from startup_tm4c129.o(RESET)
 <LI><a href="#[3]">MemManage_Handler</a> from startup_tm4c129.o(.text) referenced from startup_tm4c129.o(RESET)
 <LI><a href="#[1]">NMI_Handler</a> from startup_tm4c129.o(.text) referenced from startup_tm4c129.o(RESET)
 <LI><a href="#[70]">ONEWIRE_Handler</a> from startup_tm4c129.o(.text) referenced from startup_tm4c129.o(RESET)
 <LI><a href="#[13]">PMW0_FAULT_Handler</a> from startup_tm4c129.o(.text) referenced from startup_tm4c129.o(RESET)
 <LI><a href="#[14]">PWM0_0_Handler</a> from startup_tm4c129.o(.text) referenced from startup_tm4c129.o(RESET)
 <LI><a href="#[15]">PWM0_1_Handler</a> from startup_tm4c129.o(.text) referenced from startup_tm4c129.o(RESET)
 <LI><a href="#[16]">PWM0_2_Handler</a> from startup_tm4c129.o(.text) referenced from startup_tm4c129.o(RESET)
 <LI><a href="#[35]">PWM0_3_Handler</a> from startup_tm4c129.o(.text) referenced from startup_tm4c129.o(RESET)
 <LI><a href="#[8]">PendSV_Handler</a> from irq_armv7m.o(.text) referenced from startup_tm4c129.o(RESET)
 <LI><a href="#[17]">QEI0_Handler</a> from startup_tm4c129.o(.text) referenced from startup_tm4c129.o(RESET)
 <LI><a href="#[0]">Reset_Handler</a> from startup_tm4c129.o(.text) referenced from startup_tm4c129.o(RESET)
 <LI><a href="#[65]">SHAMD5_Handler</a> from startup_tm4c129.o(.text) referenced from startup_tm4c129.o(RESET)
 <LI><a href="#[11]">SSI0_Handler</a> from startup_tm4c129.o(.text) referenced from startup_tm4c129.o(RESET)
 <LI><a href="#[2c]">SSI1_Handler</a> from startup_tm4c129.o(.text) referenced from startup_tm4c129.o(RESET)
 <LI><a href="#[40]">SSI2_Handler</a> from startup_tm4c129.o(.text) referenced from startup_tm4c129.o(RESET)
 <LI><a href="#[41]">SSI3_Handler</a> from startup_tm4c129.o(.text) referenced from startup_tm4c129.o(RESET)
 <LI><a href="#[6]">SVC_Handler</a> from irq_armv7m.o(.text) referenced from startup_tm4c129.o(RESET)
 <LI><a href="#[26]">SYSCTL_Handler</a> from startup_tm4c129.o(.text) referenced from startup_tm4c129.o(RESET)
 <LI><a href="#[9]">SysTick_Handler</a> from irq_armv7m.o(.text) referenced 2 times from rtx_kernel.o(.text.svcRtxKernelStart)
 <LI><a href="#[9]">SysTick_Handler</a> from irq_armv7m.o(.text) referenced from startup_tm4c129.o(RESET)
 <LI><a href="#[78]">SystemInit</a> from system_tm4c129.o(.text.SystemInit) referenced from startup_tm4c129.o(.text)
 <LI><a href="#[52]">TAMPER_Handler</a> from startup_tm4c129.o(.text) referenced from startup_tm4c129.o(RESET)
 <LI><a href="#[1d]">TIMER0A_Handler</a> from startup_tm4c129.o(.text) referenced from startup_tm4c129.o(RESET)
 <LI><a href="#[1e]">TIMER0B_Handler</a> from startup_tm4c129.o(.text) referenced from startup_tm4c129.o(RESET)
 <LI><a href="#[1f]">TIMER1A_Handler</a> from startup_tm4c129.o(.text) referenced from startup_tm4c129.o(RESET)
 <LI><a href="#[20]">TIMER1B_Handler</a> from startup_tm4c129.o(.text) referenced from startup_tm4c129.o(RESET)
 <LI><a href="#[21]">TIMER2A_Handler</a> from startup_tm4c129.o(.text) referenced from startup_tm4c129.o(RESET)
 <LI><a href="#[22]">TIMER2B_Handler</a> from startup_tm4c129.o(.text) referenced from startup_tm4c129.o(RESET)
 <LI><a href="#[2d]">TIMER3A_Handler</a> from startup_tm4c129.o(.text) referenced from startup_tm4c129.o(RESET)
 <LI><a href="#[2e]">TIMER3B_Handler</a> from startup_tm4c129.o(.text) referenced from startup_tm4c129.o(RESET)
 <LI><a href="#[49]">TIMER4A_Handler</a> from startup_tm4c129.o(.text) referenced from startup_tm4c129.o(RESET)
 <LI><a href="#[4a]">TIMER4B_Handler</a> from startup_tm4c129.o(.text) referenced from startup_tm4c129.o(RESET)
 <LI><a href="#[4b]">TIMER5A_Handler</a> from startup_tm4c129.o(.text) referenced from startup_tm4c129.o(RESET)
 <LI><a href="#[4c]">TIMER5B_Handler</a> from startup_tm4c129.o(.text) referenced from startup_tm4c129.o(RESET)
 <LI><a href="#[69]">TIMER6A_Handler</a> from startup_tm4c129.o(.text) referenced from startup_tm4c129.o(RESET)
 <LI><a href="#[6a]">TIMER6B_Handler</a> from startup_tm4c129.o(.text) referenced from startup_tm4c129.o(RESET)
 <LI><a href="#[6b]">TIMER7A_Handler</a> from startup_tm4c129.o(.text) referenced from startup_tm4c129.o(RESET)
 <LI><a href="#[6c]">TIMER7B_Handler</a> from startup_tm4c129.o(.text) referenced from startup_tm4c129.o(RESET)
 <LI><a href="#[7b]">Thread_Average</a> from main.o(.text.Thread_Average) referenced 2 times from main.o(.text.main)
 <LI><a href="#[7a]">Thread_ReadSensor</a> from main.o(.text.Thread_ReadSensor) referenced 2 times from main.o(.text.main)
 <LI><a href="#[7c]">Thread_UARTWrite</a> from main.o(.text.Thread_UARTWrite) referenced 2 times from main.o(.text.main)
 <LI><a href="#[f]">UART0_Handler</a> from startup_tm4c129.o(.text) referenced from startup_tm4c129.o(RESET)
 <LI><a href="#[10]">UART1_Handler</a> from startup_tm4c129.o(.text) referenced from startup_tm4c129.o(RESET)
 <LI><a href="#[2b]">UART2_Handler</a> from startup_tm4c129.o(.text) referenced from startup_tm4c129.o(RESET)
 <LI><a href="#[42]">UART3_Handler</a> from startup_tm4c129.o(.text) referenced from startup_tm4c129.o(RESET)
 <LI><a href="#[43]">UART4_Handler</a> from startup_tm4c129.o(.text) referenced from startup_tm4c129.o(RESET)
 <LI><a href="#[44]">UART5_Handler</a> from startup_tm4c129.o(.text) referenced from startup_tm4c129.o(RESET)
 <LI><a href="#[45]">UART6_Handler</a> from startup_tm4c129.o(.text) referenced from startup_tm4c129.o(RESET)
 <LI><a href="#[46]">UART7_Handler</a> from startup_tm4c129.o(.text) referenced from startup_tm4c129.o(RESET)
 <LI><a href="#[37]">UDMAERR_Handler</a> from startup_tm4c129.o(.text) referenced from startup_tm4c129.o(RESET)
 <LI><a href="#[36]">UDMA_Handler</a> from startup_tm4c129.o(.text) referenced from startup_tm4c129.o(RESET)
 <LI><a href="#[34]">USB0_Handler</a> from startup_tm4c129.o(.text) referenced from startup_tm4c129.o(RESET)
 <LI><a href="#[5]">UsageFault_Handler</a> from startup_tm4c129.o(.text) referenced from startup_tm4c129.o(RESET)
 <LI><a href="#[1c]">WDT0_Handler</a> from startup_tm4c129.o(.text) referenced from startup_tm4c129.o(RESET)
 <LI><a href="#[79]">__main</a> from entry.o(.ARM.Collect$$$$00000000) referenced from startup_tm4c129.o(.text)
 <LI><a href="#[8d]">_snputc</a> from printfa.o(i._snputc) referenced from printfa.o(i.__0snprintf)
 <LI><a href="#[8e]">_sputc</a> from printfa.o(i._sputc) referenced from printfa.o(i.__0sprintf)
 <LI><a href="#[77]">main</a> from main.o(.text.main) referenced from entry9a.o(.ARM.Collect$$$$0000000B)
 <LI><a href="#[86]">osRtxIdleThread</a> from rtx_config.o(.text.osRtxIdleThread) referenced 2 times from rtx_thread.o(.text.osRtxThreadStartup)
 <LI><a href="#[8a]">osRtxMessageQueuePostProcess</a> from rtx_msgqueue.o(.text.osRtxMessageQueuePostProcess) referenced 2 times from rtx_msgqueue.o(.text.svcRtxMessageQueueNew)
 <LI><a href="#[8c]">osRtxThreadPostProcess</a> from rtx_thread.o(.text.osRtxThreadPostProcess) referenced 2 times from rtx_thread.o(.text.svcRtxThreadNew)
 <LI><a href="#[90]">osRtxTimerSetup</a> from rtx_timer.o(.text.osRtxTimerSetup) referenced from rtx_lib.o(.rodata)
 <LI><a href="#[8f]">osRtxTimerThread</a> from rtx_timer.o(.text.osRtxTimerThread) referenced from rtx_lib.o(.rodata)
 <LI><a href="#[87]">osRtxTimerTick</a> from rtx_timer.o(.text.osRtxTimerTick) referenced 2 times from rtx_timer.o(.text.osRtxTimerSetup)
 <LI><a href="#[8b]">osThreadEntry</a> from rtx_thread.o(.text.osThreadEntry) referenced 2 times from rtx_thread.o(.text.svcRtxThreadNew)
 <LI><a href="#[7d]">svcRtxDelay</a> from rtx_delay.o(.text.svcRtxDelay) referenced 2 times from rtx_delay.o(.text.osDelay)
 <LI><a href="#[7e]">svcRtxKernelInitialize</a> from rtx_kernel.o(.text.svcRtxKernelInitialize) referenced 2 times from rtx_kernel.o(.text.osKernelInitialize)
 <LI><a href="#[7f]">svcRtxKernelStart</a> from rtx_kernel.o(.text.svcRtxKernelStart) referenced 2 times from rtx_kernel.o(.text.osKernelStart)
 <LI><a href="#[80]">svcRtxMessageQueueGet</a> from rtx_msgqueue.o(.text.svcRtxMessageQueueGet) referenced 2 times from rtx_msgqueue.o(.text.osMessageQueueGet)
 <LI><a href="#[81]">svcRtxMessageQueueNew</a> from rtx_msgqueue.o(.text.svcRtxMessageQueueNew) referenced 2 times from rtx_msgqueue.o(.text.osMessageQueueNew)
 <LI><a href="#[82]">svcRtxMessageQueuePut</a> from rtx_msgqueue.o(.text.svcRtxMessageQueuePut) referenced 2 times from rtx_msgqueue.o(.text.osMessageQueuePut)
 <LI><a href="#[83]">svcRtxMutexAcquire</a> from rtx_mutex.o(.text.svcRtxMutexAcquire) referenced 2 times from rtx_mutex.o(.text.osMutexAcquire)
 <LI><a href="#[84]">svcRtxMutexNew</a> from rtx_mutex.o(.text.svcRtxMutexNew) referenced 2 times from rtx_mutex.o(.text.osMutexNew)
 <LI><a href="#[85]">svcRtxMutexRelease</a> from rtx_mutex.o(.text.svcRtxMutexRelease) referenced 2 times from rtx_mutex.o(.text.osMutexRelease)
 <LI><a href="#[88]">svcRtxThreadExit</a> from rtx_thread.o(.text.svcRtxThreadExit) referenced 2 times from rtx_thread.o(.text.osThreadExit)
 <LI><a href="#[89]">svcRtxThreadNew</a> from rtx_thread.o(.text.svcRtxThreadNew) referenced 2 times from rtx_thread.o(.text.osThreadNew)
</UL>
<P>
<H3>
Global Symbols
</H3>
<P><STRONG><a name="[79]"></a>__main</STRONG> (Thumb, 0 bytes, Stack size unknown bytes, entry.o(.ARM.Collect$$$$00000000))
<BR>[Address Reference Count : 1]<UL><LI> startup_tm4c129.o(.text)
</UL>
<P><STRONG><a name="[17c]"></a>_main_stk</STRONG> (Thumb, 0 bytes, Stack size unknown bytes, entry2.o(.ARM.Collect$$$$00000001))

<P><STRONG><a name="[9d]"></a>_main_scatterload</STRONG> (Thumb, 0 bytes, Stack size unknown bytes, entry5.o(.ARM.Collect$$$$00000004))
<BR><BR>[Calls]<UL><LI><a href="#[9e]">&gt;&gt;</a>&nbsp;&nbsp;&nbsp;__scatterload
</UL>

<P><STRONG><a name="[b0]"></a>__main_after_scatterload</STRONG> (Thumb, 0 bytes, Stack size unknown bytes, entry5.o(.ARM.Collect$$$$00000004))
<BR><BR>[Called By]<UL><LI><a href="#[9e]">&gt;&gt;</a>&nbsp;&nbsp;&nbsp;__scatterload
</UL>

<P><STRONG><a name="[17d]"></a>_main_clock</STRONG> (Thumb, 0 bytes, Stack size unknown bytes, entry7b.o(.ARM.Collect$$$$00000008))

<P><STRONG><a name="[17e]"></a>_main_cpp_init</STRONG> (Thumb, 0 bytes, Stack size unknown bytes, entry8b.o(.ARM.Collect$$$$0000000A))

<P><STRONG><a name="[17f]"></a>_main_init</STRONG> (Thumb, 0 bytes, Stack size unknown bytes, entry9a.o(.ARM.Collect$$$$0000000B))

<P><STRONG><a name="[180]"></a>__rt_final_cpp</STRONG> (Thumb, 0 bytes, Stack size unknown bytes, entry10a.o(.ARM.Collect$$$$0000000D))

<P><STRONG><a name="[181]"></a>__rt_final_exit</STRONG> (Thumb, 0 bytes, Stack size unknown bytes, entry11a.o(.ARM.Collect$$$$0000000F))

<P><STRONG><a name="[6]"></a>SVC_Handler</STRONG> (Thumb, 152 bytes, Stack size unknown bytes, irq_armv7m.o(.text))
<BR>[Address Reference Count : 1]<UL><LI> startup_tm4c129.o(RESET)
</UL>
<P><STRONG><a name="[8]"></a>PendSV_Handler</STRONG> (Thumb, 16 bytes, Stack size unknown bytes, irq_armv7m.o(.text))
<BR><BR>[Stack]<UL><LI>Max Depth = 116 + Unknown Stack Size
<LI>Call Chain = PendSV_Handler &rArr; osRtxPendSV_Handler &rArr; osRtxThreadDispatch &rArr; osRtxThreadReadyPut &rArr; osRtxThreadListPut &rArr; osRtxThreadObject
</UL>
<BR>[Calls]<UL><LI><a href="#[9f]">&gt;&gt;</a>&nbsp;&nbsp;&nbsp;osRtxPendSV_Handler
</UL>
<BR>[Address Reference Count : 1]<UL><LI> startup_tm4c129.o(RESET)
</UL>
<P><STRONG><a name="[9]"></a>SysTick_Handler</STRONG> (Thumb, 16 bytes, Stack size unknown bytes, irq_armv7m.o(.text))
<BR><BR>[Stack]<UL><LI>Max Depth = 148 + Unknown Stack Size
<LI>Call Chain = SysTick_Handler &rArr; osRtxTick_Handler &rArr; osRtxThreadDelayTick &rArr; osRtxMutexOwnerRestore &rArr; osRtxThreadListSort &rArr; osRtxThreadListPut &rArr; osRtxThreadObject
</UL>
<BR>[Calls]<UL><LI><a href="#[a0]">&gt;&gt;</a>&nbsp;&nbsp;&nbsp;osRtxTick_Handler
</UL>
<BR>[Address Reference Count : 2]<UL><LI> rtx_kernel.o(.text.svcRtxKernelStart)
<LI> startup_tm4c129.o(RESET)
</UL>
<P><STRONG><a name="[0]"></a>Reset_Handler</STRONG> (Thumb, 8 bytes, Stack size 0 bytes, startup_tm4c129.o(.text))
<BR>[Address Reference Count : 1]<UL><LI> startup_tm4c129.o(RESET)
</UL>
<P><STRONG><a name="[1]"></a>NMI_Handler</STRONG> (Thumb, 2 bytes, Stack size 0 bytes, startup_tm4c129.o(.text))
<BR><BR>[Calls]<UL><LI><a href="#[1]">&gt;&gt;</a>&nbsp;&nbsp;&nbsp;NMI_Handler
</UL>
<BR>[Called By]<UL><LI><a href="#[1]">&gt;&gt;</a>&nbsp;&nbsp;&nbsp;NMI_Handler
</UL>
<BR>[Address Reference Count : 1]<UL><LI> startup_tm4c129.o(RESET)
</UL>
<P><STRONG><a name="[2]"></a>HardFault_Handler</STRONG> (Thumb, 2 bytes, Stack size 0 bytes, startup_tm4c129.o(.text))
<BR><BR>[Calls]<UL><LI><a href="#[2]">&gt;&gt;</a>&nbsp;&nbsp;&nbsp;HardFault_Handler
</UL>
<BR>[Called By]<UL><LI><a href="#[2]">&gt;&gt;</a>&nbsp;&nbsp;&nbsp;HardFault_Handler
</UL>
<BR>[Address Reference Count : 1]<UL><LI> startup_tm4c129.o(RESET)
</UL>
<P><STRONG><a name="[3]"></a>MemManage_Handler</STRONG> (Thumb, 2 bytes, Stack size 0 bytes, startup_tm4c129.o(.text))
<BR><BR>[Calls]<UL><LI><a href="#[3]">&gt;&gt;</a>&nbsp;&nbsp;&nbsp;MemManage_Handler
</UL>
<BR>[Called By]<UL><LI><a href="#[3]">&gt;&gt;</a>&nbsp;&nbsp;&nbsp;MemManage_Handler
</UL>
<BR>[Address Reference Count : 1]<UL><LI> startup_tm4c129.o(RESET)
</UL>
<P><STRONG><a name="[4]"></a>BusFault_Handler</STRONG> (Thumb, 2 bytes, Stack size 0 bytes, startup_tm4c129.o(.text))
<BR><BR>[Calls]<UL><LI><a href="#[4]">&gt;&gt;</a>&nbsp;&nbsp;&nbsp;BusFault_Handler
</UL>
<BR>[Called By]<UL><LI><a href="#[4]">&gt;&gt;</a>&nbsp;&nbsp;&nbsp;BusFault_Handler
</UL>
<BR>[Address Reference Count : 1]<UL><LI> startup_tm4c129.o(RESET)
</UL>
<P><STRONG><a name="[5]"></a>UsageFault_Handler</STRONG> (Thumb, 2 bytes, Stack size 0 bytes, startup_tm4c129.o(.text))
<BR><BR>[Calls]<UL><LI><a href="#[5]">&gt;&gt;</a>&nbsp;&nbsp;&nbsp;UsageFault_Handler
</UL>
<BR>[Called By]<UL><LI><a href="#[5]">&gt;&gt;</a>&nbsp;&nbsp;&nbsp;UsageFault_Handler
</UL>
<BR>[Address Reference Count : 1]<UL><LI> startup_tm4c129.o(RESET)
</UL>
<P><STRONG><a name="[7]"></a>DebugMon_Handler</STRONG> (Thumb, 2 bytes, Stack size 0 bytes, startup_tm4c129.o(.text))
<BR><BR>[Calls]<UL><LI><a href="#[7]">&gt;&gt;</a>&nbsp;&nbsp;&nbsp;DebugMon_Handler
</UL>
<BR>[Called By]<UL><LI><a href="#[7]">&gt;&gt;</a>&nbsp;&nbsp;&nbsp;DebugMon_Handler
</UL>
<BR>[Address Reference Count : 1]<UL><LI> startup_tm4c129.o(RESET)
</UL>
<P><STRONG><a name="[a]"></a>GPIOA_Handler</STRONG> (Thumb, 2 bytes, Stack size 0 bytes, startup_tm4c129.o(.text))
<BR><BR>[Calls]<UL><LI><a href="#[a]">&gt;&gt;</a>&nbsp;&nbsp;&nbsp;GPIOA_Handler
</UL>
<BR>[Called By]<UL><LI><a href="#[a]">&gt;&gt;</a>&nbsp;&nbsp;&nbsp;GPIOA_Handler
</UL>
<BR>[Address Reference Count : 1]<UL><LI> startup_tm4c129.o(RESET)
</UL>
<P><STRONG><a name="[b]"></a>GPIOB_Handler</STRONG> (Thumb, 2 bytes, Stack size 0 bytes, startup_tm4c129.o(.text))
<BR><BR>[Calls]<UL><LI><a href="#[b]">&gt;&gt;</a>&nbsp;&nbsp;&nbsp;GPIOB_Handler
</UL>
<BR>[Called By]<UL><LI><a href="#[b]">&gt;&gt;</a>&nbsp;&nbsp;&nbsp;GPIOB_Handler
</UL>
<BR>[Address Reference Count : 1]<UL><LI> startup_tm4c129.o(RESET)
</UL>
<P><STRONG><a name="[c]"></a>GPIOC_Handler</STRONG> (Thumb, 2 bytes, Stack size 0 bytes, startup_tm4c129.o(.text))
<BR><BR>[Calls]<UL><LI><a href="#[c]">&gt;&gt;</a>&nbsp;&nbsp;&nbsp;GPIOC_Handler
</UL>
<BR>[Called By]<UL><LI><a href="#[c]">&gt;&gt;</a>&nbsp;&nbsp;&nbsp;GPIOC_Handler
</UL>
<BR>[Address Reference Count : 1]<UL><LI> startup_tm4c129.o(RESET)
</UL>
<P><STRONG><a name="[d]"></a>GPIOD_Handler</STRONG> (Thumb, 2 bytes, Stack size 0 bytes, startup_tm4c129.o(.text))
<BR><BR>[Calls]<UL><LI><a href="#[d]">&gt;&gt;</a>&nbsp;&nbsp;&nbsp;GPIOD_Handler
</UL>
<BR>[Called By]<UL><LI><a href="#[d]">&gt;&gt;</a>&nbsp;&nbsp;&nbsp;GPIOD_Handler
</UL>
<BR>[Address Reference Count : 1]<UL><LI> startup_tm4c129.o(RESET)
</UL>
<P><STRONG><a name="[e]"></a>GPIOE_Handler</STRONG> (Thumb, 2 bytes, Stack size 0 bytes, startup_tm4c129.o(.text))
<BR><BR>[Calls]<UL><LI><a href="#[e]">&gt;&gt;</a>&nbsp;&nbsp;&nbsp;GPIOE_Handler
</UL>
<BR>[Called By]<UL><LI><a href="#[e]">&gt;&gt;</a>&nbsp;&nbsp;&nbsp;GPIOE_Handler
</UL>
<BR>[Address Reference Count : 1]<UL><LI> startup_tm4c129.o(RESET)
</UL>
<P><STRONG><a name="[f]"></a>UART0_Handler</STRONG> (Thumb, 2 bytes, Stack size 0 bytes, startup_tm4c129.o(.text))
<BR><BR>[Calls]<UL><LI><a href="#[f]">&gt;&gt;</a>&nbsp;&nbsp;&nbsp;UART0_Handler
</UL>
<BR>[Called By]<UL><LI><a href="#[f]">&gt;&gt;</a>&nbsp;&nbsp;&nbsp;UART0_Handler
</UL>
<BR>[Address Reference Count : 1]<UL><LI> startup_tm4c129.o(RESET)
</UL>
<P><STRONG><a name="[10]"></a>UART1_Handler</STRONG> (Thumb, 2 bytes, Stack size 0 bytes, startup_tm4c129.o(.text))
<BR><BR>[Calls]<UL><LI><a href="#[10]">&gt;&gt;</a>&nbsp;&nbsp;&nbsp;UART1_Handler
</UL>
<BR>[Called By]<UL><LI><a href="#[10]">&gt;&gt;</a>&nbsp;&nbsp;&nbsp;UART1_Handler
</UL>
<BR>[Address Reference Count : 1]<UL><LI> startup_tm4c129.o(RESET)
</UL>
<P><STRONG><a name="[11]"></a>SSI0_Handler</STRONG> (Thumb, 2 bytes, Stack size 0 bytes, startup_tm4c129.o(.text))
<BR><BR>[Calls]<UL><LI><a href="#[11]">&gt;&gt;</a>&nbsp;&nbsp;&nbsp;SSI0_Handler
</UL>
<BR>[Called By]<UL><LI><a href="#[11]">&gt;&gt;</a>&nbsp;&nbsp;&nbsp;SSI0_Handler
</UL>
<BR>[Address Reference Count : 1]<UL><LI> startup_tm4c129.o(RESET)
</UL>
<P><STRONG><a name="[12]"></a>I2C0_Handler</STRONG> (Thumb, 2 bytes, Stack size 0 bytes, startup_tm4c129.o(.text))
<BR><BR>[Calls]<UL><LI><a href="#[12]">&gt;&gt;</a>&nbsp;&nbsp;&nbsp;I2C0_Handler
</UL>
<BR>[Called By]<UL><LI><a href="#[12]">&gt;&gt;</a>&nbsp;&nbsp;&nbsp;I2C0_Handler
</UL>
<BR>[Address Reference Count : 1]<UL><LI> startup_tm4c129.o(RESET)
</UL>
<P><STRONG><a name="[13]"></a>PMW0_FAULT_Handler</STRONG> (Thumb, 2 bytes, Stack size 0 bytes, startup_tm4c129.o(.text))
<BR><BR>[Calls]<UL><LI><a href="#[13]">&gt;&gt;</a>&nbsp;&nbsp;&nbsp;PMW0_FAULT_Handler
</UL>
<BR>[Called By]<UL><LI><a href="#[13]">&gt;&gt;</a>&nbsp;&nbsp;&nbsp;PMW0_FAULT_Handler
</UL>
<BR>[Address Reference Count : 1]<UL><LI> startup_tm4c129.o(RESET)
</UL>
<P><STRONG><a name="[14]"></a>PWM0_0_Handler</STRONG> (Thumb, 2 bytes, Stack size 0 bytes, startup_tm4c129.o(.text))
<BR><BR>[Calls]<UL><LI><a href="#[14]">&gt;&gt;</a>&nbsp;&nbsp;&nbsp;PWM0_0_Handler
</UL>
<BR>[Called By]<UL><LI><a href="#[14]">&gt;&gt;</a>&nbsp;&nbsp;&nbsp;PWM0_0_Handler
</UL>
<BR>[Address Reference Count : 1]<UL><LI> startup_tm4c129.o(RESET)
</UL>
<P><STRONG><a name="[15]"></a>PWM0_1_Handler</STRONG> (Thumb, 2 bytes, Stack size 0 bytes, startup_tm4c129.o(.text))
<BR><BR>[Calls]<UL><LI><a href="#[15]">&gt;&gt;</a>&nbsp;&nbsp;&nbsp;PWM0_1_Handler
</UL>
<BR>[Called By]<UL><LI><a href="#[15]">&gt;&gt;</a>&nbsp;&nbsp;&nbsp;PWM0_1_Handler
</UL>
<BR>[Address Reference Count : 1]<UL><LI> startup_tm4c129.o(RESET)
</UL>
<P><STRONG><a name="[16]"></a>PWM0_2_Handler</STRONG> (Thumb, 2 bytes, Stack size 0 bytes, startup_tm4c129.o(.text))
<BR><BR>[Calls]<UL><LI><a href="#[16]">&gt;&gt;</a>&nbsp;&nbsp;&nbsp;PWM0_2_Handler
</UL>
<BR>[Called By]<UL><LI><a href="#[16]">&gt;&gt;</a>&nbsp;&nbsp;&nbsp;PWM0_2_Handler
</UL>
<BR>[Address Reference Count : 1]<UL><LI> startup_tm4c129.o(RESET)
</UL>
<P><STRONG><a name="[17]"></a>QEI0_Handler</STRONG> (Thumb, 2 bytes, Stack size 0 bytes, startup_tm4c129.o(.text))
<BR><BR>[Calls]<UL><LI><a href="#[17]">&gt;&gt;</a>&nbsp;&nbsp;&nbsp;QEI0_Handler
</UL>
<BR>[Called By]<UL><LI><a href="#[17]">&gt;&gt;</a>&nbsp;&nbsp;&nbsp;QEI0_Handler
</UL>
<BR>[Address Reference Count : 1]<UL><LI> startup_tm4c129.o(RESET)
</UL>
<P><STRONG><a name="[18]"></a>ADC0SS0_Handler</STRONG> (Thumb, 2 bytes, Stack size 0 bytes, startup_tm4c129.o(.text))
<BR><BR>[Calls]<UL><LI><a href="#[18]">&gt;&gt;</a>&nbsp;&nbsp;&nbsp;ADC0SS0_Handler
</UL>
<BR>[Called By]<UL><LI><a href="#[18]">&gt;&gt;</a>&nbsp;&nbsp;&nbsp;ADC0SS0_Handler
</UL>
<BR>[Address Reference Count : 1]<UL><LI> startup_tm4c129.o(RESET)
</UL>
<P><STRONG><a name="[19]"></a>ADC0SS1_Handler</STRONG> (Thumb, 2 bytes, Stack size 0 bytes, startup_tm4c129.o(.text))
<BR><BR>[Calls]<UL><LI><a href="#[19]">&gt;&gt;</a>&nbsp;&nbsp;&nbsp;ADC0SS1_Handler
</UL>
<BR>[Called By]<UL><LI><a href="#[19]">&gt;&gt;</a>&nbsp;&nbsp;&nbsp;ADC0SS1_Handler
</UL>
<BR>[Address Reference Count : 1]<UL><LI> startup_tm4c129.o(RESET)
</UL>
<P><STRONG><a name="[1a]"></a>ADC0SS2_Handler</STRONG> (Thumb, 2 bytes, Stack size 0 bytes, startup_tm4c129.o(.text))
<BR><BR>[Calls]<UL><LI><a href="#[1a]">&gt;&gt;</a>&nbsp;&nbsp;&nbsp;ADC0SS2_Handler
</UL>
<BR>[Called By]<UL><LI><a href="#[1a]">&gt;&gt;</a>&nbsp;&nbsp;&nbsp;ADC0SS2_Handler
</UL>
<BR>[Address Reference Count : 1]<UL><LI> startup_tm4c129.o(RESET)
</UL>
<P><STRONG><a name="[1b]"></a>ADC0SS3_Handler</STRONG> (Thumb, 2 bytes, Stack size 0 bytes, startup_tm4c129.o(.text))
<BR><BR>[Calls]<UL><LI><a href="#[1b]">&gt;&gt;</a>&nbsp;&nbsp;&nbsp;ADC0SS3_Handler
</UL>
<BR>[Called By]<UL><LI><a href="#[1b]">&gt;&gt;</a>&nbsp;&nbsp;&nbsp;ADC0SS3_Handler
</UL>
<BR>[Address Reference Count : 1]<UL><LI> startup_tm4c129.o(RESET)
</UL>
<P><STRONG><a name="[1c]"></a>WDT0_Handler</STRONG> (Thumb, 2 bytes, Stack size 0 bytes, startup_tm4c129.o(.text))
<BR><BR>[Calls]<UL><LI><a href="#[1c]">&gt;&gt;</a>&nbsp;&nbsp;&nbsp;WDT0_Handler
</UL>
<BR>[Called By]<UL><LI><a href="#[1c]">&gt;&gt;</a>&nbsp;&nbsp;&nbsp;WDT0_Handler
</UL>
<BR>[Address Reference Count : 1]<UL><LI> startup_tm4c129.o(RESET)
</UL>
<P><STRONG><a name="[1d]"></a>TIMER0A_Handler</STRONG> (Thumb, 2 bytes, Stack size 0 bytes, startup_tm4c129.o(.text))
<BR><BR>[Calls]<UL><LI><a href="#[1d]">&gt;&gt;</a>&nbsp;&nbsp;&nbsp;TIMER0A_Handler
</UL>
<BR>[Called By]<UL><LI><a href="#[1d]">&gt;&gt;</a>&nbsp;&nbsp;&nbsp;TIMER0A_Handler
</UL>
<BR>[Address Reference Count : 1]<UL><LI> startup_tm4c129.o(RESET)
</UL>
<P><STRONG><a name="[1e]"></a>TIMER0B_Handler</STRONG> (Thumb, 2 bytes, Stack size 0 bytes, startup_tm4c129.o(.text))
<BR><BR>[Calls]<UL><LI><a href="#[1e]">&gt;&gt;</a>&nbsp;&nbsp;&nbsp;TIMER0B_Handler
</UL>
<BR>[Called By]<UL><LI><a href="#[1e]">&gt;&gt;</a>&nbsp;&nbsp;&nbsp;TIMER0B_Handler
</UL>
<BR>[Address Reference Count : 1]<UL><LI> startup_tm4c129.o(RESET)
</UL>
<P><STRONG><a name="[1f]"></a>TIMER1A_Handler</STRONG> (Thumb, 2 bytes, Stack size 0 bytes, startup_tm4c129.o(.text))
<BR><BR>[Calls]<UL><LI><a href="#[1f]">&gt;&gt;</a>&nbsp;&nbsp;&nbsp;TIMER1A_Handler
</UL>
<BR>[Called By]<UL><LI><a href="#[1f]">&gt;&gt;</a>&nbsp;&nbsp;&nbsp;TIMER1A_Handler
</UL>
<BR>[Address Reference Count : 1]<UL><LI> startup_tm4c129.o(RESET)
</UL>
<P><STRONG><a name="[20]"></a>TIMER1B_Handler</STRONG> (Thumb, 2 bytes, Stack size 0 bytes, startup_tm4c129.o(.text))
<BR><BR>[Calls]<UL><LI><a href="#[20]">&gt;&gt;</a>&nbsp;&nbsp;&nbsp;TIMER1B_Handler
</UL>
<BR>[Called By]<UL><LI><a href="#[20]">&gt;&gt;</a>&nbsp;&nbsp;&nbsp;TIMER1B_Handler
</UL>
<BR>[Address Reference Count : 1]<UL><LI> startup_tm4c129.o(RESET)
</UL>
<P><STRONG><a name="[21]"></a>TIMER2A_Handler</STRONG> (Thumb, 2 bytes, Stack size 0 bytes, startup_tm4c129.o(.text))
<BR><BR>[Calls]<UL><LI><a href="#[21]">&gt;&gt;</a>&nbsp;&nbsp;&nbsp;TIMER2A_Handler
</UL>
<BR>[Called By]<UL><LI><a href="#[21]">&gt;&gt;</a>&nbsp;&nbsp;&nbsp;TIMER2A_Handler
</UL>
<BR>[Address Reference Count : 1]<UL><LI> startup_tm4c129.o(RESET)
</UL>
<P><STRONG><a name="[22]"></a>TIMER2B_Handler</STRONG> (Thumb, 2 bytes, Stack size 0 bytes, startup_tm4c129.o(.text))
<BR><BR>[Calls]<UL><LI><a href="#[22]">&gt;&gt;</a>&nbsp;&nbsp;&nbsp;TIMER2B_Handler
</UL>
<BR>[Called By]<UL><LI><a href="#[22]">&gt;&gt;</a>&nbsp;&nbsp;&nbsp;TIMER2B_Handler
</UL>
<BR>[Address Reference Count : 1]<UL><LI> startup_tm4c129.o(RESET)
</UL>
<P><STRONG><a name="[23]"></a>COMP0_Handler</STRONG> (Thumb, 2 bytes, Stack size 0 bytes, startup_tm4c129.o(.text))
<BR><BR>[Calls]<UL><LI><a href="#[23]">&gt;&gt;</a>&nbsp;&nbsp;&nbsp;COMP0_Handler
</UL>
<BR>[Called By]<UL><LI><a href="#[23]">&gt;&gt;</a>&nbsp;&nbsp;&nbsp;COMP0_Handler
</UL>
<BR>[Address Reference Count : 1]<UL><LI> startup_tm4c129.o(RESET)
</UL>
<P><STRONG><a name="[24]"></a>COMP1_Handler</STRONG> (Thumb, 2 bytes, Stack size 0 bytes, startup_tm4c129.o(.text))
<BR><BR>[Calls]<UL><LI><a href="#[24]">&gt;&gt;</a>&nbsp;&nbsp;&nbsp;COMP1_Handler
</UL>
<BR>[Called By]<UL><LI><a href="#[24]">&gt;&gt;</a>&nbsp;&nbsp;&nbsp;COMP1_Handler
</UL>
<BR>[Address Reference Count : 1]<UL><LI> startup_tm4c129.o(RESET)
</UL>
<P><STRONG><a name="[25]"></a>COMP2_Handler</STRONG> (Thumb, 2 bytes, Stack size 0 bytes, startup_tm4c129.o(.text))
<BR><BR>[Calls]<UL><LI><a href="#[25]">&gt;&gt;</a>&nbsp;&nbsp;&nbsp;COMP2_Handler
</UL>
<BR>[Called By]<UL><LI><a href="#[25]">&gt;&gt;</a>&nbsp;&nbsp;&nbsp;COMP2_Handler
</UL>
<BR>[Address Reference Count : 1]<UL><LI> startup_tm4c129.o(RESET)
</UL>
<P><STRONG><a name="[26]"></a>SYSCTL_Handler</STRONG> (Thumb, 2 bytes, Stack size 0 bytes, startup_tm4c129.o(.text))
<BR><BR>[Calls]<UL><LI><a href="#[26]">&gt;&gt;</a>&nbsp;&nbsp;&nbsp;SYSCTL_Handler
</UL>
<BR>[Called By]<UL><LI><a href="#[26]">&gt;&gt;</a>&nbsp;&nbsp;&nbsp;SYSCTL_Handler
</UL>
<BR>[Address Reference Count : 1]<UL><LI> startup_tm4c129.o(RESET)
</UL>
<P><STRONG><a name="[27]"></a>FLASH_Handler</STRONG> (Thumb, 2 bytes, Stack size 0 bytes, startup_tm4c129.o(.text))
<BR><BR>[Calls]<UL><LI><a href="#[27]">&gt;&gt;</a>&nbsp;&nbsp;&nbsp;FLASH_Handler
</UL>
<BR>[Called By]<UL><LI><a href="#[27]">&gt;&gt;</a>&nbsp;&nbsp;&nbsp;FLASH_Handler
</UL>
<BR>[Address Reference Count : 1]<UL><LI> startup_tm4c129.o(RESET)
</UL>
<P><STRONG><a name="[28]"></a>GPIOF_Handler</STRONG> (Thumb, 2 bytes, Stack size 0 bytes, startup_tm4c129.o(.text))
<BR><BR>[Calls]<UL><LI><a href="#[28]">&gt;&gt;</a>&nbsp;&nbsp;&nbsp;GPIOF_Handler
</UL>
<BR>[Called By]<UL><LI><a href="#[28]">&gt;&gt;</a>&nbsp;&nbsp;&nbsp;GPIOF_Handler
</UL>
<BR>[Address Reference Count : 1]<UL><LI> startup_tm4c129.o(RESET)
</UL>
<P><STRONG><a name="[29]"></a>GPIOG_Handler</STRONG> (Thumb, 2 bytes, Stack size 0 bytes, startup_tm4c129.o(.text))
<BR><BR>[Calls]<UL><LI><a href="#[29]">&gt;&gt;</a>&nbsp;&nbsp;&nbsp;GPIOG_Handler
</UL>
<BR>[Called By]<UL><LI><a href="#[29]">&gt;&gt;</a>&nbsp;&nbsp;&nbsp;GPIOG_Handler
</UL>
<BR>[Address Reference Count : 1]<UL><LI> startup_tm4c129.o(RESET)
</UL>
<P><STRONG><a name="[2a]"></a>GPIOH_Handler</STRONG> (Thumb, 2 bytes, Stack size 0 bytes, startup_tm4c129.o(.text))
<BR><BR>[Calls]<UL><LI><a href="#[2a]">&gt;&gt;</a>&nbsp;&nbsp;&nbsp;GPIOH_Handler
</UL>
<BR>[Called By]<UL><LI><a href="#[2a]">&gt;&gt;</a>&nbsp;&nbsp;&nbsp;GPIOH_Handler
</UL>
<BR>[Address Reference Count : 1]<UL><LI> startup_tm4c129.o(RESET)
</UL>
<P><STRONG><a name="[2b]"></a>UART2_Handler</STRONG> (Thumb, 2 bytes, Stack size 0 bytes, startup_tm4c129.o(.text))
<BR><BR>[Calls]<UL><LI><a href="#[2b]">&gt;&gt;</a>&nbsp;&nbsp;&nbsp;UART2_Handler
</UL>
<BR>[Called By]<UL><LI><a href="#[2b]">&gt;&gt;</a>&nbsp;&nbsp;&nbsp;UART2_Handler
</UL>
<BR>[Address Reference Count : 1]<UL><LI> startup_tm4c129.o(RESET)
</UL>
<P><STRONG><a name="[2c]"></a>SSI1_Handler</STRONG> (Thumb, 2 bytes, Stack size 0 bytes, startup_tm4c129.o(.text))
<BR><BR>[Calls]<UL><LI><a href="#[2c]">&gt;&gt;</a>&nbsp;&nbsp;&nbsp;SSI1_Handler
</UL>
<BR>[Called By]<UL><LI><a href="#[2c]">&gt;&gt;</a>&nbsp;&nbsp;&nbsp;SSI1_Handler
</UL>
<BR>[Address Reference Count : 1]<UL><LI> startup_tm4c129.o(RESET)
</UL>
<P><STRONG><a name="[2d]"></a>TIMER3A_Handler</STRONG> (Thumb, 2 bytes, Stack size 0 bytes, startup_tm4c129.o(.text))
<BR><BR>[Calls]<UL><LI><a href="#[2d]">&gt;&gt;</a>&nbsp;&nbsp;&nbsp;TIMER3A_Handler
</UL>
<BR>[Called By]<UL><LI><a href="#[2d]">&gt;&gt;</a>&nbsp;&nbsp;&nbsp;TIMER3A_Handler
</UL>
<BR>[Address Reference Count : 1]<UL><LI> startup_tm4c129.o(RESET)
</UL>
<P><STRONG><a name="[2e]"></a>TIMER3B_Handler</STRONG> (Thumb, 2 bytes, Stack size 0 bytes, startup_tm4c129.o(.text))
<BR><BR>[Calls]<UL><LI><a href="#[2e]">&gt;&gt;</a>&nbsp;&nbsp;&nbsp;TIMER3B_Handler
</UL>
<BR>[Called By]<UL><LI><a href="#[2e]">&gt;&gt;</a>&nbsp;&nbsp;&nbsp;TIMER3B_Handler
</UL>
<BR>[Address Reference Count : 1]<UL><LI> startup_tm4c129.o(RESET)
</UL>
<P><STRONG><a name="[2f]"></a>I2C1_Handler</STRONG> (Thumb, 2 bytes, Stack size 0 bytes, startup_tm4c129.o(.text))
<BR><BR>[Calls]<UL><LI><a href="#[2f]">&gt;&gt;</a>&nbsp;&nbsp;&nbsp;I2C1_Handler
</UL>
<BR>[Called By]<UL><LI><a href="#[2f]">&gt;&gt;</a>&nbsp;&nbsp;&nbsp;I2C1_Handler
</UL>
<BR>[Address Reference Count : 1]<UL><LI> startup_tm4c129.o(RESET)
</UL>
<P><STRONG><a name="[30]"></a>CAN0_Handler</STRONG> (Thumb, 2 bytes, Stack size 0 bytes, startup_tm4c129.o(.text))
<BR><BR>[Calls]<UL><LI><a href="#[30]">&gt;&gt;</a>&nbsp;&nbsp;&nbsp;CAN0_Handler
</UL>
<BR>[Called By]<UL><LI><a href="#[30]">&gt;&gt;</a>&nbsp;&nbsp;&nbsp;CAN0_Handler
</UL>
<BR>[Address Reference Count : 1]<UL><LI> startup_tm4c129.o(RESET)
</UL>
<P><STRONG><a name="[31]"></a>CAN1_Handler</STRONG> (Thumb, 2 bytes, Stack size 0 bytes, startup_tm4c129.o(.text))
<BR><BR>[Calls]<UL><LI><a href="#[31]">&gt;&gt;</a>&nbsp;&nbsp;&nbsp;CAN1_Handler
</UL>
<BR>[Called By]<UL><LI><a href="#[31]">&gt;&gt;</a>&nbsp;&nbsp;&nbsp;CAN1_Handler
</UL>
<BR>[Address Reference Count : 1]<UL><LI> startup_tm4c129.o(RESET)
</UL>
<P><STRONG><a name="[32]"></a>ETH_Handler</STRONG> (Thumb, 2 bytes, Stack size 0 bytes, startup_tm4c129.o(.text))
<BR><BR>[Calls]<UL><LI><a href="#[32]">&gt;&gt;</a>&nbsp;&nbsp;&nbsp;ETH_Handler
</UL>
<BR>[Called By]<UL><LI><a href="#[32]">&gt;&gt;</a>&nbsp;&nbsp;&nbsp;ETH_Handler
</UL>
<BR>[Address Reference Count : 1]<UL><LI> startup_tm4c129.o(RESET)
</UL>
<P><STRONG><a name="[33]"></a>HIB_Handler</STRONG> (Thumb, 2 bytes, Stack size 0 bytes, startup_tm4c129.o(.text))
<BR><BR>[Calls]<UL><LI><a href="#[33]">&gt;&gt;</a>&nbsp;&nbsp;&nbsp;HIB_Handler
</UL>
<BR>[Called By]<UL><LI><a href="#[33]">&gt;&gt;</a>&nbsp;&nbsp;&nbsp;HIB_Handler
</UL>
<BR>[Address Reference Count : 1]<UL><LI> startup_tm4c129.o(RESET)
</UL>
<P><STRONG><a name="[34]"></a>USB0_Handler</STRONG> (Thumb, 2 bytes, Stack size 0 bytes, startup_tm4c129.o(.text))
<BR><BR>[Calls]<UL><LI><a href="#[34]">&gt;&gt;</a>&nbsp;&nbsp;&nbsp;USB0_Handler
</UL>
<BR>[Called By]<UL><LI><a href="#[34]">&gt;&gt;</a>&nbsp;&nbsp;&nbsp;USB0_Handler
</UL>
<BR>[Address Reference Count : 1]<UL><LI> startup_tm4c129.o(RESET)
</UL>
<P><STRONG><a name="[35]"></a>PWM0_3_Handler</STRONG> (Thumb, 2 bytes, Stack size 0 bytes, startup_tm4c129.o(.text))
<BR><BR>[Calls]<UL><LI><a href="#[35]">&gt;&gt;</a>&nbsp;&nbsp;&nbsp;PWM0_3_Handler
</UL>
<BR>[Called By]<UL><LI><a href="#[35]">&gt;&gt;</a>&nbsp;&nbsp;&nbsp;PWM0_3_Handler
</UL>
<BR>[Address Reference Count : 1]<UL><LI> startup_tm4c129.o(RESET)
</UL>
<P><STRONG><a name="[36]"></a>UDMA_Handler</STRONG> (Thumb, 2 bytes, Stack size 0 bytes, startup_tm4c129.o(.text))
<BR><BR>[Calls]<UL><LI><a href="#[36]">&gt;&gt;</a>&nbsp;&nbsp;&nbsp;UDMA_Handler
</UL>
<BR>[Called By]<UL><LI><a href="#[36]">&gt;&gt;</a>&nbsp;&nbsp;&nbsp;UDMA_Handler
</UL>
<BR>[Address Reference Count : 1]<UL><LI> startup_tm4c129.o(RESET)
</UL>
<P><STRONG><a name="[37]"></a>UDMAERR_Handler</STRONG> (Thumb, 2 bytes, Stack size 0 bytes, startup_tm4c129.o(.text))
<BR><BR>[Calls]<UL><LI><a href="#[37]">&gt;&gt;</a>&nbsp;&nbsp;&nbsp;UDMAERR_Handler
</UL>
<BR>[Called By]<UL><LI><a href="#[37]">&gt;&gt;</a>&nbsp;&nbsp;&nbsp;UDMAERR_Handler
</UL>
<BR>[Address Reference Count : 1]<UL><LI> startup_tm4c129.o(RESET)
</UL>
<P><STRONG><a name="[38]"></a>ADC1SS0_Handler</STRONG> (Thumb, 2 bytes, Stack size 0 bytes, startup_tm4c129.o(.text))
<BR><BR>[Calls]<UL><LI><a href="#[38]">&gt;&gt;</a>&nbsp;&nbsp;&nbsp;ADC1SS0_Handler
</UL>
<BR>[Called By]<UL><LI><a href="#[38]">&gt;&gt;</a>&nbsp;&nbsp;&nbsp;ADC1SS0_Handler
</UL>
<BR>[Address Reference Count : 1]<UL><LI> startup_tm4c129.o(RESET)
</UL>
<P><STRONG><a name="[39]"></a>ADC1SS1_Handler</STRONG> (Thumb, 2 bytes, Stack size 0 bytes, startup_tm4c129.o(.text))
<BR><BR>[Calls]<UL><LI><a href="#[39]">&gt;&gt;</a>&nbsp;&nbsp;&nbsp;ADC1SS1_Handler
</UL>
<BR>[Called By]<UL><LI><a href="#[39]">&gt;&gt;</a>&nbsp;&nbsp;&nbsp;ADC1SS1_Handler
</UL>
<BR>[Address Reference Count : 1]<UL><LI> startup_tm4c129.o(RESET)
</UL>
<P><STRONG><a name="[3a]"></a>ADC1SS2_Handler</STRONG> (Thumb, 2 bytes, Stack size 0 bytes, startup_tm4c129.o(.text))
<BR><BR>[Calls]<UL><LI><a href="#[3a]">&gt;&gt;</a>&nbsp;&nbsp;&nbsp;ADC1SS2_Handler
</UL>
<BR>[Called By]<UL><LI><a href="#[3a]">&gt;&gt;</a>&nbsp;&nbsp;&nbsp;ADC1SS2_Handler
</UL>
<BR>[Address Reference Count : 1]<UL><LI> startup_tm4c129.o(RESET)
</UL>
<P><STRONG><a name="[3b]"></a>ADC1SS3_Handler</STRONG> (Thumb, 2 bytes, Stack size 0 bytes, startup_tm4c129.o(.text))
<BR><BR>[Calls]<UL><LI><a href="#[3b]">&gt;&gt;</a>&nbsp;&nbsp;&nbsp;ADC1SS3_Handler
</UL>
<BR>[Called By]<UL><LI><a href="#[3b]">&gt;&gt;</a>&nbsp;&nbsp;&nbsp;ADC1SS3_Handler
</UL>
<BR>[Address Reference Count : 1]<UL><LI> startup_tm4c129.o(RESET)
</UL>
<P><STRONG><a name="[3c]"></a>EBI0_Handler</STRONG> (Thumb, 2 bytes, Stack size 0 bytes, startup_tm4c129.o(.text))
<BR><BR>[Calls]<UL><LI><a href="#[3c]">&gt;&gt;</a>&nbsp;&nbsp;&nbsp;EBI0_Handler
</UL>
<BR>[Called By]<UL><LI><a href="#[3c]">&gt;&gt;</a>&nbsp;&nbsp;&nbsp;EBI0_Handler
</UL>
<BR>[Address Reference Count : 1]<UL><LI> startup_tm4c129.o(RESET)
</UL>
<P><STRONG><a name="[3d]"></a>GPIOJ_Handler</STRONG> (Thumb, 2 bytes, Stack size 0 bytes, startup_tm4c129.o(.text))
<BR><BR>[Calls]<UL><LI><a href="#[3d]">&gt;&gt;</a>&nbsp;&nbsp;&nbsp;GPIOJ_Handler
</UL>
<BR>[Called By]<UL><LI><a href="#[3d]">&gt;&gt;</a>&nbsp;&nbsp;&nbsp;GPIOJ_Handler
</UL>
<BR>[Address Reference Count : 1]<UL><LI> startup_tm4c129.o(RESET)
</UL>
<P><STRONG><a name="[3e]"></a>GPIOK_Handler</STRONG> (Thumb, 2 bytes, Stack size 0 bytes, startup_tm4c129.o(.text))
<BR><BR>[Calls]<UL><LI><a href="#[3e]">&gt;&gt;</a>&nbsp;&nbsp;&nbsp;GPIOK_Handler
</UL>
<BR>[Called By]<UL><LI><a href="#[3e]">&gt;&gt;</a>&nbsp;&nbsp;&nbsp;GPIOK_Handler
</UL>
<BR>[Address Reference Count : 1]<UL><LI> startup_tm4c129.o(RESET)
</UL>
<P><STRONG><a name="[3f]"></a>GPIOL_Handler</STRONG> (Thumb, 2 bytes, Stack size 0 bytes, startup_tm4c129.o(.text))
<BR><BR>[Calls]<UL><LI><a href="#[3f]">&gt;&gt;</a>&nbsp;&nbsp;&nbsp;GPIOL_Handler
</UL>
<BR>[Called By]<UL><LI><a href="#[3f]">&gt;&gt;</a>&nbsp;&nbsp;&nbsp;GPIOL_Handler
</UL>
<BR>[Address Reference Count : 1]<UL><LI> startup_tm4c129.o(RESET)
</UL>
<P><STRONG><a name="[40]"></a>SSI2_Handler</STRONG> (Thumb, 2 bytes, Stack size 0 bytes, startup_tm4c129.o(.text))
<BR><BR>[Calls]<UL><LI><a href="#[40]">&gt;&gt;</a>&nbsp;&nbsp;&nbsp;SSI2_Handler
</UL>
<BR>[Called By]<UL><LI><a href="#[40]">&gt;&gt;</a>&nbsp;&nbsp;&nbsp;SSI2_Handler
</UL>
<BR>[Address Reference Count : 1]<UL><LI> startup_tm4c129.o(RESET)
</UL>
<P><STRONG><a name="[41]"></a>SSI3_Handler</STRONG> (Thumb, 2 bytes, Stack size 0 bytes, startup_tm4c129.o(.text))
<BR><BR>[Calls]<UL><LI><a href="#[41]">&gt;&gt;</a>&nbsp;&nbsp;&nbsp;SSI3_Handler
</UL>
<BR>[Called By]<UL><LI><a href="#[41]">&gt;&gt;</a>&nbsp;&nbsp;&nbsp;SSI3_Handler
</UL>
<BR>[Address Reference Count : 1]<UL><LI> startup_tm4c129.o(RESET)
</UL>
<P><STRONG><a name="[42]"></a>UART3_Handler</STRONG> (Thumb, 2 bytes, Stack size 0 bytes, startup_tm4c129.o(.text))
<BR><BR>[Calls]<UL><LI><a href="#[42]">&gt;&gt;</a>&nbsp;&nbsp;&nbsp;UART3_Handler
</UL>
<BR>[Called By]<UL><LI><a href="#[42]">&gt;&gt;</a>&nbsp;&nbsp;&nbsp;UART3_Handler
</UL>
<BR>[Address Reference Count : 1]<UL><LI> startup_tm4c129.o(RESET)
</UL>
<P><STRONG><a name="[43]"></a>UART4_Handler</STRONG> (Thumb, 2 bytes, Stack size 0 bytes, startup_tm4c129.o(.text))
<BR><BR>[Calls]<UL><LI><a href="#[43]">&gt;&gt;</a>&nbsp;&nbsp;&nbsp;UART4_Handler
</UL>
<BR>[Called By]<UL><LI><a href="#[43]">&gt;&gt;</a>&nbsp;&nbsp;&nbsp;UART4_Handler
</UL>
<BR>[Address Reference Count : 1]<UL><LI> startup_tm4c129.o(RESET)
</UL>
<P><STRONG><a name="[44]"></a>UART5_Handler</STRONG> (Thumb, 2 bytes, Stack size 0 bytes, startup_tm4c129.o(.text))
<BR><BR>[Calls]<UL><LI><a href="#[44]">&gt;&gt;</a>&nbsp;&nbsp;&nbsp;UART5_Handler
</UL>
<BR>[Called By]<UL><LI><a href="#[44]">&gt;&gt;</a>&nbsp;&nbsp;&nbsp;UART5_Handler
</UL>
<BR>[Address Reference Count : 1]<UL><LI> startup_tm4c129.o(RESET)
</UL>
<P><STRONG><a name="[45]"></a>UART6_Handler</STRONG> (Thumb, 2 bytes, Stack size 0 bytes, startup_tm4c129.o(.text))
<BR><BR>[Calls]<UL><LI><a href="#[45]">&gt;&gt;</a>&nbsp;&nbsp;&nbsp;UART6_Handler
</UL>
<BR>[Called By]<UL><LI><a href="#[45]">&gt;&gt;</a>&nbsp;&nbsp;&nbsp;UART6_Handler
</UL>
<BR>[Address Reference Count : 1]<UL><LI> startup_tm4c129.o(RESET)
</UL>
<P><STRONG><a name="[46]"></a>UART7_Handler</STRONG> (Thumb, 2 bytes, Stack size 0 bytes, startup_tm4c129.o(.text))
<BR><BR>[Calls]<UL><LI><a href="#[46]">&gt;&gt;</a>&nbsp;&nbsp;&nbsp;UART7_Handler
</UL>
<BR>[Called By]<UL><LI><a href="#[46]">&gt;&gt;</a>&nbsp;&nbsp;&nbsp;UART7_Handler
</UL>
<BR>[Address Reference Count : 1]<UL><LI> startup_tm4c129.o(RESET)
</UL>
<P><STRONG><a name="[47]"></a>I2C2_Handler</STRONG> (Thumb, 2 bytes, Stack size 0 bytes, startup_tm4c129.o(.text))
<BR><BR>[Calls]<UL><LI><a href="#[47]">&gt;&gt;</a>&nbsp;&nbsp;&nbsp;I2C2_Handler
</UL>
<BR>[Called By]<UL><LI><a href="#[47]">&gt;&gt;</a>&nbsp;&nbsp;&nbsp;I2C2_Handler
</UL>
<BR>[Address Reference Count : 1]<UL><LI> startup_tm4c129.o(RESET)
</UL>
<P><STRONG><a name="[48]"></a>I2C3_Handler</STRONG> (Thumb, 2 bytes, Stack size 0 bytes, startup_tm4c129.o(.text))
<BR><BR>[Calls]<UL><LI><a href="#[48]">&gt;&gt;</a>&nbsp;&nbsp;&nbsp;I2C3_Handler
</UL>
<BR>[Called By]<UL><LI><a href="#[48]">&gt;&gt;</a>&nbsp;&nbsp;&nbsp;I2C3_Handler
</UL>
<BR>[Address Reference Count : 1]<UL><LI> startup_tm4c129.o(RESET)
</UL>
<P><STRONG><a name="[49]"></a>TIMER4A_Handler</STRONG> (Thumb, 2 bytes, Stack size 0 bytes, startup_tm4c129.o(.text))
<BR><BR>[Calls]<UL><LI><a href="#[49]">&gt;&gt;</a>&nbsp;&nbsp;&nbsp;TIMER4A_Handler
</UL>
<BR>[Called By]<UL><LI><a href="#[49]">&gt;&gt;</a>&nbsp;&nbsp;&nbsp;TIMER4A_Handler
</UL>
<BR>[Address Reference Count : 1]<UL><LI> startup_tm4c129.o(RESET)
</UL>
<P><STRONG><a name="[4a]"></a>TIMER4B_Handler</STRONG> (Thumb, 2 bytes, Stack size 0 bytes, startup_tm4c129.o(.text))
<BR><BR>[Calls]<UL><LI><a href="#[4a]">&gt;&gt;</a>&nbsp;&nbsp;&nbsp;TIMER4B_Handler
</UL>
<BR>[Called By]<UL><LI><a href="#[4a]">&gt;&gt;</a>&nbsp;&nbsp;&nbsp;TIMER4B_Handler
</UL>
<BR>[Address Reference Count : 1]<UL><LI> startup_tm4c129.o(RESET)
</UL>
<P><STRONG><a name="[4b]"></a>TIMER5A_Handler</STRONG> (Thumb, 2 bytes, Stack size 0 bytes, startup_tm4c129.o(.text))
<BR><BR>[Calls]<UL><LI><a href="#[4b]">&gt;&gt;</a>&nbsp;&nbsp;&nbsp;TIMER5A_Handler
</UL>
<BR>[Called By]<UL><LI><a href="#[4b]">&gt;&gt;</a>&nbsp;&nbsp;&nbsp;TIMER5A_Handler
</UL>
<BR>[Address Reference Count : 1]<UL><LI> startup_tm4c129.o(RESET)
</UL>
<P><STRONG><a name="[4c]"></a>TIMER5B_Handler</STRONG> (Thumb, 2 bytes, Stack size 0 bytes, startup_tm4c129.o(.text))
<BR><BR>[Calls]<UL><LI><a href="#[4c]">&gt;&gt;</a>&nbsp;&nbsp;&nbsp;TIMER5B_Handler
</UL>
<BR>[Called By]<UL><LI><a href="#[4c]">&gt;&gt;</a>&nbsp;&nbsp;&nbsp;TIMER5B_Handler
</UL>
<BR>[Address Reference Count : 1]<UL><LI> startup_tm4c129.o(RESET)
</UL>
<P><STRONG><a name="[91]"></a>WTIMER0A_Handler</STRONG> (Thumb, 2 bytes, Stack size 0 bytes, startup_tm4c129.o(.text), UNUSED, KEPT)
<BR><BR>[Calls]<UL><LI><a href="#[91]">&gt;&gt;</a>&nbsp;&nbsp;&nbsp;WTIMER0A_Handler
</UL>
<BR>[Called By]<UL><LI><a href="#[91]">&gt;&gt;</a>&nbsp;&nbsp;&nbsp;WTIMER0A_Handler
</UL>

<P><STRONG><a name="[92]"></a>WTIMER0B_Handler</STRONG> (Thumb, 2 bytes, Stack size 0 bytes, startup_tm4c129.o(.text), UNUSED, KEPT)
<BR><BR>[Calls]<UL><LI><a href="#[92]">&gt;&gt;</a>&nbsp;&nbsp;&nbsp;WTIMER0B_Handler
</UL>
<BR>[Called By]<UL><LI><a href="#[92]">&gt;&gt;</a>&nbsp;&nbsp;&nbsp;WTIMER0B_Handler
</UL>

<P><STRONG><a name="[93]"></a>WTIMER1A_Handler</STRONG> (Thumb, 2 bytes, Stack size 0 bytes, startup_tm4c129.o(.text), UNUSED, KEPT)
<BR><BR>[Calls]<UL><LI><a href="#[93]">&gt;&gt;</a>&nbsp;&nbsp;&nbsp;WTIMER1A_Handler
</UL>
<BR>[Called By]<UL><LI><a href="#[93]">&gt;&gt;</a>&nbsp;&nbsp;&nbsp;WTIMER1A_Handler
</UL>

<P><STRONG><a name="[94]"></a>WTIMER1B_Handler</STRONG> (Thumb, 2 bytes, Stack size 0 bytes, startup_tm4c129.o(.text), UNUSED, KEPT)
<BR><BR>[Calls]<UL><LI><a href="#[94]">&gt;&gt;</a>&nbsp;&nbsp;&nbsp;WTIMER1B_Handler
</UL>
<BR>[Called By]<UL><LI><a href="#[94]">&gt;&gt;</a>&nbsp;&nbsp;&nbsp;WTIMER1B_Handler
</UL>

<P><STRONG><a name="[95]"></a>WTIMER2A_Handler</STRONG> (Thumb, 2 bytes, Stack size 0 bytes, startup_tm4c129.o(.text), UNUSED, KEPT)
<BR><BR>[Calls]<UL><LI><a href="#[95]">&gt;&gt;</a>&nbsp;&nbsp;&nbsp;WTIMER2A_Handler
</UL>
<BR>[Called By]<UL><LI><a href="#[95]">&gt;&gt;</a>&nbsp;&nbsp;&nbsp;WTIMER2A_Handler
</UL>

<P><STRONG><a name="[96]"></a>WTIMER2B_Handler</STRONG> (Thumb, 2 bytes, Stack size 0 bytes, startup_tm4c129.o(.text), UNUSED, KEPT)
<BR><BR>[Calls]<UL><LI><a href="#[96]">&gt;&gt;</a>&nbsp;&nbsp;&nbsp;WTIMER2B_Handler
</UL>
<BR>[Called By]<UL><LI><a href="#[96]">&gt;&gt;</a>&nbsp;&nbsp;&nbsp;WTIMER2B_Handler
</UL>

<P><STRONG><a name="[97]"></a>WTIMER3A_Handler</STRONG> (Thumb, 2 bytes, Stack size 0 bytes, startup_tm4c129.o(.text), UNUSED, KEPT)
<BR><BR>[Calls]<UL><LI><a href="#[97]">&gt;&gt;</a>&nbsp;&nbsp;&nbsp;WTIMER3A_Handler
</UL>
<BR>[Called By]<UL><LI><a href="#[97]">&gt;&gt;</a>&nbsp;&nbsp;&nbsp;WTIMER3A_Handler
</UL>

<P><STRONG><a name="[98]"></a>WTIMER3B_Handler</STRONG> (Thumb, 2 bytes, Stack size 0 bytes, startup_tm4c129.o(.text), UNUSED, KEPT)
<BR><BR>[Calls]<UL><LI><a href="#[98]">&gt;&gt;</a>&nbsp;&nbsp;&nbsp;WTIMER3B_Handler
</UL>
<BR>[Called By]<UL><LI><a href="#[98]">&gt;&gt;</a>&nbsp;&nbsp;&nbsp;WTIMER3B_Handler
</UL>

<P><STRONG><a name="[99]"></a>WTIMER4A_Handler</STRONG> (Thumb, 2 bytes, Stack size 0 bytes, startup_tm4c129.o(.text), UNUSED, KEPT)
<BR><BR>[Calls]<UL><LI><a href="#[99]">&gt;&gt;</a>&nbsp;&nbsp;&nbsp;WTIMER4A_Handler
</UL>
<BR>[Called By]<UL><LI><a href="#[99]">&gt;&gt;</a>&nbsp;&nbsp;&nbsp;WTIMER4A_Handler
</UL>

<P><STRONG><a name="[9a]"></a>WTIMER4B_Handler</STRONG> (Thumb, 2 bytes, Stack size 0 bytes, startup_tm4c129.o(.text), UNUSED, KEPT)
<BR><BR>[Calls]<UL><LI><a href="#[9a]">&gt;&gt;</a>&nbsp;&nbsp;&nbsp;WTIMER4B_Handler
</UL>
<BR>[Called By]<UL><LI><a href="#[9a]">&gt;&gt;</a>&nbsp;&nbsp;&nbsp;WTIMER4B_Handler
</UL>

<P><STRONG><a name="[9b]"></a>WTIMER5A_Handler</STRONG> (Thumb, 2 bytes, Stack size 0 bytes, startup_tm4c129.o(.text), UNUSED, KEPT)
<BR><BR>[Calls]<UL><LI><a href="#[9b]">&gt;&gt;</a>&nbsp;&nbsp;&nbsp;WTIMER5A_Handler
</UL>
<BR>[Called By]<UL><LI><a href="#[9b]">&gt;&gt;</a>&nbsp;&nbsp;&nbsp;WTIMER5A_Handler
</UL>

<P><STRONG><a name="[9c]"></a>WTIMER5B_Handler</STRONG> (Thumb, 2 bytes, Stack size 0 bytes, startup_tm4c129.o(.text), UNUSED, KEPT)
<BR><BR>[Calls]<UL><LI><a href="#[9c]">&gt;&gt;</a>&nbsp;&nbsp;&nbsp;WTIMER5B_Handler
</UL>
<BR>[Called By]<UL><LI><a href="#[9c]">&gt;&gt;</a>&nbsp;&nbsp;&nbsp;WTIMER5B_Handler
</UL>

<P><STRONG><a name="[4d]"></a>FPU_Handler</STRONG> (Thumb, 2 bytes, Stack size 0 bytes, startup_tm4c129.o(.text))
<BR><BR>[Calls]<UL><LI><a href="#[4d]">&gt;&gt;</a>&nbsp;&nbsp;&nbsp;FPU_Handler
</UL>
<BR>[Called By]<UL><LI><a href="#[4d]">&gt;&gt;</a>&nbsp;&nbsp;&nbsp;FPU_Handler
</UL>
<BR>[Address Reference Count : 1]<UL><LI> startup_tm4c129.o(RESET)
</UL>
<P><STRONG><a name="[4e]"></a>I2C4_Handler</STRONG> (Thumb, 2 bytes, Stack size 0 bytes, startup_tm4c129.o(.text))
<BR><BR>[Calls]<UL><LI><a href="#[4e]">&gt;&gt;</a>&nbsp;&nbsp;&nbsp;I2C4_Handler
</UL>
<BR>[Called By]<UL><LI><a href="#[4e]">&gt;&gt;</a>&nbsp;&nbsp;&nbsp;I2C4_Handler
</UL>
<BR>[Address Reference Count : 1]<UL><LI> startup_tm4c129.o(RESET)
</UL>
<P><STRONG><a name="[4f]"></a>I2C5_Handler</STRONG> (Thumb, 2 bytes, Stack size 0 bytes, startup_tm4c129.o(.text))
<BR><BR>[Calls]<UL><LI><a href="#[4f]">&gt;&gt;</a>&nbsp;&nbsp;&nbsp;I2C5_Handler
</UL>
<BR>[Called By]<UL><LI><a href="#[4f]">&gt;&gt;</a>&nbsp;&nbsp;&nbsp;I2C5_Handler
</UL>
<BR>[Address Reference Count : 1]<UL><LI> startup_tm4c129.o(RESET)
</UL>
<P><STRONG><a name="[50]"></a>GPIOM_Handler</STRONG> (Thumb, 2 bytes, Stack size 0 bytes, startup_tm4c129.o(.text))
<BR><BR>[Calls]<UL><LI><a href="#[50]">&gt;&gt;</a>&nbsp;&nbsp;&nbsp;GPIOM_Handler
</UL>
<BR>[Called By]<UL><LI><a href="#[50]">&gt;&gt;</a>&nbsp;&nbsp;&nbsp;GPIOM_Handler
</UL>
<BR>[Address Reference Count : 1]<UL><LI> startup_tm4c129.o(RESET)
</UL>
<P><STRONG><a name="[51]"></a>GPION_Handler</STRONG> (Thumb, 2 bytes, Stack size 0 bytes, startup_tm4c129.o(.text))
<BR><BR>[Calls]<UL><LI><a href="#[51]">&gt;&gt;</a>&nbsp;&nbsp;&nbsp;GPION_Handler
</UL>
<BR>[Called By]<UL><LI><a href="#[51]">&gt;&gt;</a>&nbsp;&nbsp;&nbsp;GPION_Handler
</UL>
<BR>[Address Reference Count : 1]<UL><LI> startup_tm4c129.o(RESET)
</UL>
<P><STRONG><a name="[52]"></a>TAMPER_Handler</STRONG> (Thumb, 2 bytes, Stack size 0 bytes, startup_tm4c129.o(.text))
<BR><BR>[Calls]<UL><LI><a href="#[52]">&gt;&gt;</a>&nbsp;&nbsp;&nbsp;TAMPER_Handler
</UL>
<BR>[Called By]<UL><LI><a href="#[52]">&gt;&gt;</a>&nbsp;&nbsp;&nbsp;TAMPER_Handler
</UL>
<BR>[Address Reference Count : 1]<UL><LI> startup_tm4c129.o(RESET)
</UL>
<P><STRONG><a name="[53]"></a>GPIOP0_Handler</STRONG> (Thumb, 2 bytes, Stack size 0 bytes, startup_tm4c129.o(.text))
<BR><BR>[Calls]<UL><LI><a href="#[53]">&gt;&gt;</a>&nbsp;&nbsp;&nbsp;GPIOP0_Handler
</UL>
<BR>[Called By]<UL><LI><a href="#[53]">&gt;&gt;</a>&nbsp;&nbsp;&nbsp;GPIOP0_Handler
</UL>
<BR>[Address Reference Count : 1]<UL><LI> startup_tm4c129.o(RESET)
</UL>
<P><STRONG><a name="[54]"></a>GPIOP1_Handler</STRONG> (Thumb, 2 bytes, Stack size 0 bytes, startup_tm4c129.o(.text))
<BR><BR>[Calls]<UL><LI><a href="#[54]">&gt;&gt;</a>&nbsp;&nbsp;&nbsp;GPIOP1_Handler
</UL>
<BR>[Called By]<UL><LI><a href="#[54]">&gt;&gt;</a>&nbsp;&nbsp;&nbsp;GPIOP1_Handler
</UL>
<BR>[Address Reference Count : 1]<UL><LI> startup_tm4c129.o(RESET)
</UL>
<P><STRONG><a name="[55]"></a>GPIOP2_Handler</STRONG> (Thumb, 2 bytes, Stack size 0 bytes, startup_tm4c129.o(.text))
<BR><BR>[Calls]<UL><LI><a href="#[55]">&gt;&gt;</a>&nbsp;&nbsp;&nbsp;GPIOP2_Handler
</UL>
<BR>[Called By]<UL><LI><a href="#[55]">&gt;&gt;</a>&nbsp;&nbsp;&nbsp;GPIOP2_Handler
</UL>
<BR>[Address Reference Count : 1]<UL><LI> startup_tm4c129.o(RESET)
</UL>
<P><STRONG><a name="[56]"></a>GPIOP3_Handler</STRONG> (Thumb, 2 bytes, Stack size 0 bytes, startup_tm4c129.o(.text))
<BR><BR>[Calls]<UL><LI><a href="#[56]">&gt;&gt;</a>&nbsp;&nbsp;&nbsp;GPIOP3_Handler
</UL>
<BR>[Called By]<UL><LI><a href="#[56]">&gt;&gt;</a>&nbsp;&nbsp;&nbsp;GPIOP3_Handler
</UL>
<BR>[Address Reference Count : 1]<UL><LI> startup_tm4c129.o(RESET)
</UL>
<P><STRONG><a name="[57]"></a>GPIOP4_Handler</STRONG> (Thumb, 2 bytes, Stack size 0 bytes, startup_tm4c129.o(.text))
<BR><BR>[Calls]<UL><LI><a href="#[57]">&gt;&gt;</a>&nbsp;&nbsp;&nbsp;GPIOP4_Handler
</UL>
<BR>[Called By]<UL><LI><a href="#[57]">&gt;&gt;</a>&nbsp;&nbsp;&nbsp;GPIOP4_Handler
</UL>
<BR>[Address Reference Count : 1]<UL><LI> startup_tm4c129.o(RESET)
</UL>
<P><STRONG><a name="[58]"></a>GPIOP5_Handler</STRONG> (Thumb, 2 bytes, Stack size 0 bytes, startup_tm4c129.o(.text))
<BR><BR>[Calls]<UL><LI><a href="#[58]">&gt;&gt;</a>&nbsp;&nbsp;&nbsp;GPIOP5_Handler
</UL>
<BR>[Called By]<UL><LI><a href="#[58]">&gt;&gt;</a>&nbsp;&nbsp;&nbsp;GPIOP5_Handler
</UL>
<BR>[Address Reference Count : 1]<UL><LI> startup_tm4c129.o(RESET)
</UL>
<P><STRONG><a name="[59]"></a>GPIOP6_Handler</STRONG> (Thumb, 2 bytes, Stack size 0 bytes, startup_tm4c129.o(.text))
<BR><BR>[Calls]<UL><LI><a href="#[59]">&gt;&gt;</a>&nbsp;&nbsp;&nbsp;GPIOP6_Handler
</UL>
<BR>[Called By]<UL><LI><a href="#[59]">&gt;&gt;</a>&nbsp;&nbsp;&nbsp;GPIOP6_Handler
</UL>
<BR>[Address Reference Count : 1]<UL><LI> startup_tm4c129.o(RESET)
</UL>
<P><STRONG><a name="[5a]"></a>GPIOP7_Handler</STRONG> (Thumb, 2 bytes, Stack size 0 bytes, startup_tm4c129.o(.text))
<BR><BR>[Calls]<UL><LI><a href="#[5a]">&gt;&gt;</a>&nbsp;&nbsp;&nbsp;GPIOP7_Handler
</UL>
<BR>[Called By]<UL><LI><a href="#[5a]">&gt;&gt;</a>&nbsp;&nbsp;&nbsp;GPIOP7_Handler
</UL>
<BR>[Address Reference Count : 1]<UL><LI> startup_tm4c129.o(RESET)
</UL>
<P><STRONG><a name="[5b]"></a>GPIOQ0_Handler</STRONG> (Thumb, 2 bytes, Stack size 0 bytes, startup_tm4c129.o(.text))
<BR><BR>[Calls]<UL><LI><a href="#[5b]">&gt;&gt;</a>&nbsp;&nbsp;&nbsp;GPIOQ0_Handler
</UL>
<BR>[Called By]<UL><LI><a href="#[5b]">&gt;&gt;</a>&nbsp;&nbsp;&nbsp;GPIOQ0_Handler
</UL>
<BR>[Address Reference Count : 1]<UL><LI> startup_tm4c129.o(RESET)
</UL>
<P><STRONG><a name="[5c]"></a>GPIOQ1_Handler</STRONG> (Thumb, 2 bytes, Stack size 0 bytes, startup_tm4c129.o(.text))
<BR><BR>[Calls]<UL><LI><a href="#[5c]">&gt;&gt;</a>&nbsp;&nbsp;&nbsp;GPIOQ1_Handler
</UL>
<BR>[Called By]<UL><LI><a href="#[5c]">&gt;&gt;</a>&nbsp;&nbsp;&nbsp;GPIOQ1_Handler
</UL>
<BR>[Address Reference Count : 1]<UL><LI> startup_tm4c129.o(RESET)
</UL>
<P><STRONG><a name="[5d]"></a>GPIOQ2_Handler</STRONG> (Thumb, 2 bytes, Stack size 0 bytes, startup_tm4c129.o(.text))
<BR><BR>[Calls]<UL><LI><a href="#[5d]">&gt;&gt;</a>&nbsp;&nbsp;&nbsp;GPIOQ2_Handler
</UL>
<BR>[Called By]<UL><LI><a href="#[5d]">&gt;&gt;</a>&nbsp;&nbsp;&nbsp;GPIOQ2_Handler
</UL>
<BR>[Address Reference Count : 1]<UL><LI> startup_tm4c129.o(RESET)
</UL>
<P><STRONG><a name="[5e]"></a>GPIOQ3_Handler</STRONG> (Thumb, 2 bytes, Stack size 0 bytes, startup_tm4c129.o(.text))
<BR><BR>[Calls]<UL><LI><a href="#[5e]">&gt;&gt;</a>&nbsp;&nbsp;&nbsp;GPIOQ3_Handler
</UL>
<BR>[Called By]<UL><LI><a href="#[5e]">&gt;&gt;</a>&nbsp;&nbsp;&nbsp;GPIOQ3_Handler
</UL>
<BR>[Address Reference Count : 1]<UL><LI> startup_tm4c129.o(RESET)
</UL>
<P><STRONG><a name="[5f]"></a>GPIOQ4_Handler</STRONG> (Thumb, 2 bytes, Stack size 0 bytes, startup_tm4c129.o(.text))
<BR><BR>[Calls]<UL><LI><a href="#[5f]">&gt;&gt;</a>&nbsp;&nbsp;&nbsp;GPIOQ4_Handler
</UL>
<BR>[Called By]<UL><LI><a href="#[5f]">&gt;&gt;</a>&nbsp;&nbsp;&nbsp;GPIOQ4_Handler
</UL>
<BR>[Address Reference Count : 1]<UL><LI> startup_tm4c129.o(RESET)
</UL>
<P><STRONG><a name="[60]"></a>GPIOQ5_Handler</STRONG> (Thumb, 2 bytes, Stack size 0 bytes, startup_tm4c129.o(.text))
<BR><BR>[Calls]<UL><LI><a href="#[60]">&gt;&gt;</a>&nbsp;&nbsp;&nbsp;GPIOQ5_Handler
</UL>
<BR>[Called By]<UL><LI><a href="#[60]">&gt;&gt;</a>&nbsp;&nbsp;&nbsp;GPIOQ5_Handler
</UL>
<BR>[Address Reference Count : 1]<UL><LI> startup_tm4c129.o(RESET)
</UL>
<P><STRONG><a name="[61]"></a>GPIOQ6_Handler</STRONG> (Thumb, 2 bytes, Stack size 0 bytes, startup_tm4c129.o(.text))
<BR><BR>[Calls]<UL><LI><a href="#[61]">&gt;&gt;</a>&nbsp;&nbsp;&nbsp;GPIOQ6_Handler
</UL>
<BR>[Called By]<UL><LI><a href="#[61]">&gt;&gt;</a>&nbsp;&nbsp;&nbsp;GPIOQ6_Handler
</UL>
<BR>[Address Reference Count : 1]<UL><LI> startup_tm4c129.o(RESET)
</UL>
<P><STRONG><a name="[62]"></a>GPIOQ7_Handler</STRONG> (Thumb, 2 bytes, Stack size 0 bytes, startup_tm4c129.o(.text))
<BR><BR>[Calls]<UL><LI><a href="#[62]">&gt;&gt;</a>&nbsp;&nbsp;&nbsp;GPIOQ7_Handler
</UL>
<BR>[Called By]<UL><LI><a href="#[62]">&gt;&gt;</a>&nbsp;&nbsp;&nbsp;GPIOQ7_Handler
</UL>
<BR>[Address Reference Count : 1]<UL><LI> startup_tm4c129.o(RESET)
</UL>
<P><STRONG><a name="[63]"></a>GPIOR_Handler</STRONG> (Thumb, 2 bytes, Stack size 0 bytes, startup_tm4c129.o(.text))
<BR><BR>[Calls]<UL><LI><a href="#[63]">&gt;&gt;</a>&nbsp;&nbsp;&nbsp;GPIOR_Handler
</UL>
<BR>[Called By]<UL><LI><a href="#[63]">&gt;&gt;</a>&nbsp;&nbsp;&nbsp;GPIOR_Handler
</UL>
<BR>[Address Reference Count : 1]<UL><LI> startup_tm4c129.o(RESET)
</UL>
<P><STRONG><a name="[64]"></a>GPIOS_Handler</STRONG> (Thumb, 2 bytes, Stack size 0 bytes, startup_tm4c129.o(.text))
<BR><BR>[Calls]<UL><LI><a href="#[64]">&gt;&gt;</a>&nbsp;&nbsp;&nbsp;GPIOS_Handler
</UL>
<BR>[Called By]<UL><LI><a href="#[64]">&gt;&gt;</a>&nbsp;&nbsp;&nbsp;GPIOS_Handler
</UL>
<BR>[Address Reference Count : 1]<UL><LI> startup_tm4c129.o(RESET)
</UL>
<P><STRONG><a name="[65]"></a>SHAMD5_Handler</STRONG> (Thumb, 2 bytes, Stack size 0 bytes, startup_tm4c129.o(.text))
<BR><BR>[Calls]<UL><LI><a href="#[65]">&gt;&gt;</a>&nbsp;&nbsp;&nbsp;SHAMD5_Handler
</UL>
<BR>[Called By]<UL><LI><a href="#[65]">&gt;&gt;</a>&nbsp;&nbsp;&nbsp;SHAMD5_Handler
</UL>
<BR>[Address Reference Count : 1]<UL><LI> startup_tm4c129.o(RESET)
</UL>
<P><STRONG><a name="[66]"></a>AES_Handler</STRONG> (Thumb, 2 bytes, Stack size 0 bytes, startup_tm4c129.o(.text))
<BR><BR>[Calls]<UL><LI><a href="#[66]">&gt;&gt;</a>&nbsp;&nbsp;&nbsp;AES_Handler
</UL>
<BR>[Called By]<UL><LI><a href="#[66]">&gt;&gt;</a>&nbsp;&nbsp;&nbsp;AES_Handler
</UL>
<BR>[Address Reference Count : 1]<UL><LI> startup_tm4c129.o(RESET)
</UL>
<P><STRONG><a name="[67]"></a>DES3DES_Handler</STRONG> (Thumb, 2 bytes, Stack size 0 bytes, startup_tm4c129.o(.text))
<BR><BR>[Calls]<UL><LI><a href="#[67]">&gt;&gt;</a>&nbsp;&nbsp;&nbsp;DES3DES_Handler
</UL>
<BR>[Called By]<UL><LI><a href="#[67]">&gt;&gt;</a>&nbsp;&nbsp;&nbsp;DES3DES_Handler
</UL>
<BR>[Address Reference Count : 1]<UL><LI> startup_tm4c129.o(RESET)
</UL>
<P><STRONG><a name="[68]"></a>LCDCONTROLLER_Handler</STRONG> (Thumb, 2 bytes, Stack size 0 bytes, startup_tm4c129.o(.text))
<BR><BR>[Calls]<UL><LI><a href="#[68]">&gt;&gt;</a>&nbsp;&nbsp;&nbsp;LCDCONTROLLER_Handler
</UL>
<BR>[Called By]<UL><LI><a href="#[68]">&gt;&gt;</a>&nbsp;&nbsp;&nbsp;LCDCONTROLLER_Handler
</UL>
<BR>[Address Reference Count : 1]<UL><LI> startup_tm4c129.o(RESET)
</UL>
<P><STRONG><a name="[69]"></a>TIMER6A_Handler</STRONG> (Thumb, 2 bytes, Stack size 0 bytes, startup_tm4c129.o(.text))
<BR><BR>[Calls]<UL><LI><a href="#[69]">&gt;&gt;</a>&nbsp;&nbsp;&nbsp;TIMER6A_Handler
</UL>
<BR>[Called By]<UL><LI><a href="#[69]">&gt;&gt;</a>&nbsp;&nbsp;&nbsp;TIMER6A_Handler
</UL>
<BR>[Address Reference Count : 1]<UL><LI> startup_tm4c129.o(RESET)
</UL>
<P><STRONG><a name="[6a]"></a>TIMER6B_Handler</STRONG> (Thumb, 2 bytes, Stack size 0 bytes, startup_tm4c129.o(.text))
<BR><BR>[Calls]<UL><LI><a href="#[6a]">&gt;&gt;</a>&nbsp;&nbsp;&nbsp;TIMER6B_Handler
</UL>
<BR>[Called By]<UL><LI><a href="#[6a]">&gt;&gt;</a>&nbsp;&nbsp;&nbsp;TIMER6B_Handler
</UL>
<BR>[Address Reference Count : 1]<UL><LI> startup_tm4c129.o(RESET)
</UL>
<P><STRONG><a name="[6b]"></a>TIMER7A_Handler</STRONG> (Thumb, 2 bytes, Stack size 0 bytes, startup_tm4c129.o(.text))
<BR><BR>[Calls]<UL><LI><a href="#[6b]">&gt;&gt;</a>&nbsp;&nbsp;&nbsp;TIMER7A_Handler
</UL>
<BR>[Called By]<UL><LI><a href="#[6b]">&gt;&gt;</a>&nbsp;&nbsp;&nbsp;TIMER7A_Handler
</UL>
<BR>[Address Reference Count : 1]<UL><LI> startup_tm4c129.o(RESET)
</UL>
<P><STRONG><a name="[6c]"></a>TIMER7B_Handler</STRONG> (Thumb, 2 bytes, Stack size 0 bytes, startup_tm4c129.o(.text))
<BR><BR>[Calls]<UL><LI><a href="#[6c]">&gt;&gt;</a>&nbsp;&nbsp;&nbsp;TIMER7B_Handler
</UL>
<BR>[Called By]<UL><LI><a href="#[6c]">&gt;&gt;</a>&nbsp;&nbsp;&nbsp;TIMER7B_Handler
</UL>
<BR>[Address Reference Count : 1]<UL><LI> startup_tm4c129.o(RESET)
</UL>
<P><STRONG><a name="[6d]"></a>I2C6_Handler</STRONG> (Thumb, 2 bytes, Stack size 0 bytes, startup_tm4c129.o(.text))
<BR><BR>[Calls]<UL><LI><a href="#[6d]">&gt;&gt;</a>&nbsp;&nbsp;&nbsp;I2C6_Handler
</UL>
<BR>[Called By]<UL><LI><a href="#[6d]">&gt;&gt;</a>&nbsp;&nbsp;&nbsp;I2C6_Handler
</UL>
<BR>[Address Reference Count : 1]<UL><LI> startup_tm4c129.o(RESET)
</UL>
<P><STRONG><a name="[6e]"></a>I2C7_Handler</STRONG> (Thumb, 2 bytes, Stack size 0 bytes, startup_tm4c129.o(.text))
<BR><BR>[Calls]<UL><LI><a href="#[6e]">&gt;&gt;</a>&nbsp;&nbsp;&nbsp;I2C7_Handler
</UL>
<BR>[Called By]<UL><LI><a href="#[6e]">&gt;&gt;</a>&nbsp;&nbsp;&nbsp;I2C7_Handler
</UL>
<BR>[Address Reference Count : 1]<UL><LI> startup_tm4c129.o(RESET)
</UL>
<P><STRONG><a name="[6f]"></a>HIMSCANKEYBOARD_Handler</STRONG> (Thumb, 2 bytes, Stack size 0 bytes, startup_tm4c129.o(.text))
<BR><BR>[Calls]<UL><LI><a href="#[6f]">&gt;&gt;</a>&nbsp;&nbsp;&nbsp;HIMSCANKEYBOARD_Handler
</UL>
<BR>[Called By]<UL><LI><a href="#[6f]">&gt;&gt;</a>&nbsp;&nbsp;&nbsp;HIMSCANKEYBOARD_Handler
</UL>
<BR>[Address Reference Count : 1]<UL><LI> startup_tm4c129.o(RESET)
</UL>
<P><STRONG><a name="[70]"></a>ONEWIRE_Handler</STRONG> (Thumb, 2 bytes, Stack size 0 bytes, startup_tm4c129.o(.text))
[...]
</UL>
<BR>[Calls]<UL><LI><a href="#[169]">&gt;&gt;</a>&nbsp;&nbsp;&nbsp;osRtxThreadGetRunning
<LI><a href="#[16a]">&gt;&gt;</a>&nbsp;&nbsp;&nbsp;IsMutexPtrValid
<LI><a href="#[168]">&gt;&gt;</a>&nbsp;&nbsp;&nbsp;osRtxMutexId
<LI><a href="#[11f]">&gt;&gt;</a>&nbsp;&nbsp;&nbsp;osRtxObject
<LI><a href="#[11e]">&gt;&gt;</a>&nbsp;&nbsp;&nbsp;EvrRtxMutexReleased
<LI><a href="#[120]">&gt;&gt;</a>&nbsp;&nbsp;&nbsp;EvrRtxMutexAcquired
<LI><a href="#[100]">&gt;&gt;</a>&nbsp;&nbsp;&nbsp;EvrRtxMutexError
<LI><a href="#[118]">&gt;&gt;</a>&nbsp;&nbsp;&nbsp;osRtxThreadListGet
<LI><a href="#[128]">&gt;&gt;</a>&nbsp;&nbsp;&nbsp;osRtxThreadDispatch
<LI><a href="#[119]">&gt;&gt;</a>&nbsp;&nbsp;&nbsp;osRtxThreadWaitExit
</UL>
<BR>[Address Reference Count : 1]<UL><LI> rtx_mutex.o(.text.osMutexRelease)
</UL>
<P><STRONG><a name="[169]"></a>osRtxThreadGetRunning</STRONG> (Thumb, 12 bytes, Stack size 0 bytes, rtx_mutex.o(.text.osRtxThreadGetRunning))
<BR><BR>[Called By]<UL><LI><a href="#[85]">&gt;&gt;</a>&nbsp;&nbsp;&nbsp;svcRtxMutexRelease
<LI><a href="#[83]">&gt;&gt;</a>&nbsp;&nbsp;&nbsp;svcRtxMutexAcquire
</UL>

<P><STRONG><a name="[151]"></a>osRtxKernelGetState</STRONG> (Thumb, 12 bytes, Stack size 0 bytes, rtx_system.o(.text.osRtxKernelGetState))
<BR><BR>[Called By]<UL><LI><a href="#[a0]">&gt;&gt;</a>&nbsp;&nbsp;&nbsp;osRtxTick_Handler
</UL>

<P><STRONG><a name="[e2]"></a>isr_queue_get</STRONG> (Thumb, 84 bytes, Stack size 24 bytes, rtx_system.o(.text.isr_queue_get))
<BR><BR>[Stack]<UL><LI>Max Depth = 52<LI>Call Chain = isr_queue_get &rArr; atomic_inc16_lim
</UL>
<BR>[Calls]<UL><LI><a href="#[e5]">&gt;&gt;</a>&nbsp;&nbsp;&nbsp;osRtxObject
<LI><a href="#[e4]">&gt;&gt;</a>&nbsp;&nbsp;&nbsp;atomic_inc16_lim
<LI><a href="#[e3]">&gt;&gt;</a>&nbsp;&nbsp;&nbsp;atomic_dec16_nz
</UL>
<BR>[Called By]<UL><LI><a href="#[9f]">&gt;&gt;</a>&nbsp;&nbsp;&nbsp;osRtxPendSV_Handler
</UL>

<P><STRONG><a name="[123]"></a>osRtxThreadObject</STRONG> (Thumb, 10 bytes, Stack size 4 bytes, rtx_system.o(.text.osRtxThreadObject))
<BR><BR>[Stack]<UL><LI>Max Depth = 4<LI>Call Chain = osRtxThreadObject
</UL>
<BR>[Called By]<UL><LI><a href="#[9f]">&gt;&gt;</a>&nbsp;&nbsp;&nbsp;osRtxPendSV_Handler
</UL>

<P><STRONG><a name="[124]"></a>osRtxEventFlagsObject</STRONG> (Thumb, 10 bytes, Stack size 4 bytes, rtx_system.o(.text.osRtxEventFlagsObject))
<BR><BR>[Stack]<UL><LI>Max Depth = 4<LI>Call Chain = osRtxEventFlagsObject
</UL>
<BR>[Called By]<UL><LI><a href="#[9f]">&gt;&gt;</a>&nbsp;&nbsp;&nbsp;osRtxPendSV_Handler
</UL>

<P><STRONG><a name="[125]"></a>osRtxSemaphoreObject</STRONG> (Thumb, 10 bytes, Stack size 4 bytes, rtx_system.o(.text.osRtxSemaphoreObject))
<BR><BR>[Stack]<UL><LI>Max Depth = 4<LI>Call Chain = osRtxSemaphoreObject
</UL>
<BR>[Called By]<UL><LI><a href="#[9f]">&gt;&gt;</a>&nbsp;&nbsp;&nbsp;osRtxPendSV_Handler
</UL>

<P><STRONG><a name="[126]"></a>osRtxMemoryPoolObject</STRONG> (Thumb, 10 bytes, Stack size 4 bytes, rtx_system.o(.text.osRtxMemoryPoolObject))
<BR><BR>[Stack]<UL><LI>Max Depth = 4<LI>Call Chain = osRtxMemoryPoolObject
</UL>
<BR>[Called By]<UL><LI><a href="#[9f]">&gt;&gt;</a>&nbsp;&nbsp;&nbsp;osRtxPendSV_Handler
</UL>

<P><STRONG><a name="[127]"></a>osRtxMessageObject</STRONG> (Thumb, 10 bytes, Stack size 4 bytes, rtx_system.o(.text.osRtxMessageObject))
<BR><BR>[Stack]<UL><LI>Max Depth = 4<LI>Call Chain = osRtxMessageObject
</UL>
<BR>[Called By]<UL><LI><a href="#[9f]">&gt;&gt;</a>&nbsp;&nbsp;&nbsp;osRtxPendSV_Handler
</UL>

<P><STRONG><a name="[e3]"></a>atomic_dec16_nz</STRONG> (Thumb, 44 bytes, Stack size 16 bytes, rtx_system.o(.text.atomic_dec16_nz))
<BR><BR>[Stack]<UL><LI>Max Depth = 16<LI>Call Chain = atomic_dec16_nz
</UL>
<BR>[Called By]<UL><LI><a href="#[e2]">&gt;&gt;</a>&nbsp;&nbsp;&nbsp;isr_queue_get
</UL>

<P><STRONG><a name="[e4]"></a>atomic_inc16_lim</STRONG> (Thumb, 52 bytes, Stack size 28 bytes, rtx_system.o(.text.atomic_inc16_lim))
<BR><BR>[Stack]<UL><LI>Max Depth = 28<LI>Call Chain = atomic_inc16_lim
</UL>
<BR>[Called By]<UL><LI><a href="#[e2]">&gt;&gt;</a>&nbsp;&nbsp;&nbsp;isr_queue_get
<LI><a href="#[e6]">&gt;&gt;</a>&nbsp;&nbsp;&nbsp;isr_queue_put
</UL>

<P><STRONG><a name="[e5]"></a>osRtxObject</STRONG> (Thumb, 10 bytes, Stack size 4 bytes, rtx_system.o(.text.osRtxObject))
<BR><BR>[Stack]<UL><LI>Max Depth = 4<LI>Call Chain = osRtxObject
</UL>
<BR>[Called By]<UL><LI><a href="#[e2]">&gt;&gt;</a>&nbsp;&nbsp;&nbsp;isr_queue_get
</UL>

<P><STRONG><a name="[e6]"></a>isr_queue_put</STRONG> (Thumb, 94 bytes, Stack size 32 bytes, rtx_system.o(.text.isr_queue_put))
<BR><BR>[Stack]<UL><LI>Max Depth = 60<LI>Call Chain = isr_queue_put &rArr; atomic_inc16_lt
</UL>
<BR>[Calls]<UL><LI><a href="#[e7]">&gt;&gt;</a>&nbsp;&nbsp;&nbsp;atomic_inc16_lt
<LI><a href="#[e4]">&gt;&gt;</a>&nbsp;&nbsp;&nbsp;atomic_inc16_lim
</UL>
<BR>[Called By]<UL><LI><a href="#[db]">&gt;&gt;</a>&nbsp;&nbsp;&nbsp;osRtxPostProcess
</UL>

<P><STRONG><a name="[129]"></a>SetPendSV</STRONG> (Thumb, 16 bytes, Stack size 0 bytes, rtx_system.o(.text.SetPendSV))
<BR><BR>[Called By]<UL><LI><a href="#[db]">&gt;&gt;</a>&nbsp;&nbsp;&nbsp;osRtxPostProcess
</UL>

<P><STRONG><a name="[e7]"></a>atomic_inc16_lt</STRONG> (Thumb, 56 bytes, Stack size 28 bytes, rtx_system.o(.text.atomic_inc16_lt))
<BR><BR>[Stack]<UL><LI>Max Depth = 28<LI>Call Chain = atomic_inc16_lt
</UL>
<BR>[Called By]<UL><LI><a href="#[e6]">&gt;&gt;</a>&nbsp;&nbsp;&nbsp;isr_queue_put
</UL>

<P><STRONG><a name="[12b]"></a>osRtxThreadObject</STRONG> (Thumb, 10 bytes, Stack size 4 bytes, rtx_thread.o(.text.osRtxThreadObject))
<BR><BR>[Stack]<UL><LI>Max Depth = 4<LI>Call Chain = osRtxThreadObject
</UL>
<BR>[Called By]<UL><LI><a href="#[118]">&gt;&gt;</a>&nbsp;&nbsp;&nbsp;osRtxThreadListGet
<LI><a href="#[145]">&gt;&gt;</a>&nbsp;&nbsp;&nbsp;osRtxThreadListPut
<LI><a href="#[12a]">&gt;&gt;</a>&nbsp;&nbsp;&nbsp;osRtxThreadBlock
</UL>

<P><STRONG><a name="[132]"></a>osRtxObject</STRONG> (Thumb, 10 bytes, Stack size 4 bytes, rtx_thread.o(.text.osRtxObject))
<BR><BR>[Stack]<UL><LI>Max Depth = 4<LI>Call Chain = osRtxObject
</UL>
<BR>[Called By]<UL><LI><a href="#[122]">&gt;&gt;</a>&nbsp;&nbsp;&nbsp;osRtxThreadListSort
<LI><a href="#[12d]">&gt;&gt;</a>&nbsp;&nbsp;&nbsp;osRtxThreadDelayTick
</UL>

<P><STRONG><a name="[130]"></a>osRtxThreadListRoot</STRONG> (Thumb, 34 bytes, Stack size 8 bytes, rtx_thread.o(.text.osRtxThreadListRoot))
<BR><BR>[Stack]<UL><LI>Max Depth = 8<LI>Call Chain = osRtxThreadListRoot
</UL>
<BR>[Called By]<UL><LI><a href="#[12d]">&gt;&gt;</a>&nbsp;&nbsp;&nbsp;osRtxThreadDelayTick
</UL>

<P><STRONG><a name="[133]"></a>osRtxMutexObject</STRONG> (Thumb, 10 bytes, Stack size 4 bytes, rtx_thread.o(.text.osRtxMutexObject))
<BR><BR>[Stack]<UL><LI>Max Depth = 4<LI>Call Chain = osRtxMutexObject
</UL>
<BR>[Called By]<UL><LI><a href="#[12d]">&gt;&gt;</a>&nbsp;&nbsp;&nbsp;osRtxThreadDelayTick
</UL>

<P><STRONG><a name="[147]"></a>StackOffsetR0</STRONG> (Thumb, 24 bytes, Stack size 4 bytes, rtx_thread.o(.text.StackOffsetR0))
<BR><BR>[Stack]<UL><LI>Max Depth = 4<LI>Call Chain = StackOffsetR0
</UL>
<BR>[Called By]<UL><LI><a href="#[11a]">&gt;&gt;</a>&nbsp;&nbsp;&nbsp;osRtxThreadRegPtr
</UL>

<P><STRONG><a name="[14a]"></a>SetPrivileged</STRONG> (Thumb, 52 bytes, Stack size 12 bytes, rtx_thread.o(.text.SetPrivileged))
<BR><BR>[Stack]<UL><LI>Max Depth = 12<LI>Call Chain = SetPrivileged
</UL>
<BR>[Called By]<UL><LI><a href="#[141]">&gt;&gt;</a>&nbsp;&nbsp;&nbsp;osRtxThreadSwitch
</UL>

<P><STRONG><a name="[13f]"></a>osRtxKernelGetState</STRONG> (Thumb, 12 bytes, Stack size 0 bytes, rtx_thread.o(.text.osRtxKernelGetState))
<BR><BR>[Called By]<UL><LI><a href="#[128]">&gt;&gt;</a>&nbsp;&nbsp;&nbsp;osRtxThreadDispatch
<LI><a href="#[14c]">&gt;&gt;</a>&nbsp;&nbsp;&nbsp;osRtxThreadWaitEnter
<LI><a href="#[88]">&gt;&gt;</a>&nbsp;&nbsp;&nbsp;svcRtxThreadExit
</UL>

<P><STRONG><a name="[140]"></a>osRtxThreadGetRunning</STRONG> (Thumb, 12 bytes, Stack size 0 bytes, rtx_thread.o(.text.osRtxThreadGetRunning))
<BR><BR>[Called By]<UL><LI><a href="#[128]">&gt;&gt;</a>&nbsp;&nbsp;&nbsp;osRtxThreadDispatch
<LI><a href="#[14c]">&gt;&gt;</a>&nbsp;&nbsp;&nbsp;osRtxThreadWaitEnter
<LI><a href="#[88]">&gt;&gt;</a>&nbsp;&nbsp;&nbsp;svcRtxThreadExit
</UL>

<P><STRONG><a name="[12a]"></a>osRtxThreadBlock</STRONG> (Thumb, 136 bytes, Stack size 32 bytes, rtx_thread.o(.text.osRtxThreadBlock))
<BR><BR>[Stack]<UL><LI>Max Depth = 36<LI>Call Chain = osRtxThreadBlock &rArr; EvrRtxThreadPreempted
</UL>
<BR>[Calls]<UL><LI><a href="#[12c]">&gt;&gt;</a>&nbsp;&nbsp;&nbsp;EvrRtxThreadPreempted
<LI><a href="#[12b]">&gt;&gt;</a>&nbsp;&nbsp;&nbsp;osRtxThreadObject
</UL>
<BR>[Called By]<UL><LI><a href="#[128]">&gt;&gt;</a>&nbsp;&nbsp;&nbsp;osRtxThreadDispatch
</UL>

<P><STRONG><a name="[14e]"></a>osRtxThreadDelayInsert</STRONG> (Thumb, 250 bytes, Stack size 20 bytes, rtx_thread.o(.text.osRtxThreadDelayInsert))
<BR><BR>[Stack]<UL><LI>Max Depth = 20<LI>Call Chain = osRtxThreadDelayInsert
</UL>
<BR>[Called By]<UL><LI><a href="#[14c]">&gt;&gt;</a>&nbsp;&nbsp;&nbsp;osRtxThreadWaitEnter
</UL>

<P><STRONG><a name="[13d]"></a>osRtxThreadFree</STRONG> (Thumb, 162 bytes, Stack size 16 bytes, rtx_thread.o(.text.osRtxThreadFree))
<BR><BR>[Stack]<UL><LI>Max Depth = 88<LI>Call Chain = osRtxThreadFree &rArr; osRtxMemoryFree &rArr; MemBlockPtr
</UL>
<BR>[Calls]<UL><LI><a href="#[10a]">&gt;&gt;</a>&nbsp;&nbsp;&nbsp;osRtxMemoryFree
<LI><a href="#[111]">&gt;&gt;</a>&nbsp;&nbsp;&nbsp;osRtxMemoryPoolFree
<LI><a href="#[142]">&gt;&gt;</a>&nbsp;&nbsp;&nbsp;osRtxThreadBeforeFree
</UL>
<BR>[Called By]<UL><LI><a href="#[13c]">&gt;&gt;</a>&nbsp;&nbsp;&nbsp;osRtxThreadDestroy
</UL>

<P><STRONG><a name="[89]"></a>svcRtxThreadNew</STRONG> (Thumb, 1130 bytes, Stack size 96 bytes, rtx_thread.o(.text.svcRtxThreadNew))
<BR><BR>[Stack]<UL><LI>Max Depth = 176<LI>Call Chain = svcRtxThreadNew &rArr; osRtxMemoryAlloc &rArr; MemBlockPtr
</UL>
<BR>[Calls]<UL><LI><a href="#[171]">&gt;&gt;</a>&nbsp;&nbsp;&nbsp;EvrRtxThreadCreated
<LI><a href="#[159]">&gt;&gt;</a>&nbsp;&nbsp;&nbsp;EvrRtxThreadError
<LI><a href="#[10a]">&gt;&gt;</a>&nbsp;&nbsp;&nbsp;osRtxMemoryFree
<LI><a href="#[111]">&gt;&gt;</a>&nbsp;&nbsp;&nbsp;osRtxMemoryPoolFree
<LI><a href="#[128]">&gt;&gt;</a>&nbsp;&nbsp;&nbsp;osRtxThreadDispatch
<LI><a href="#[106]">&gt;&gt;</a>&nbsp;&nbsp;&nbsp;osRtxMemoryAlloc
<LI><a href="#[df]">&gt;&gt;</a>&nbsp;&nbsp;&nbsp;osRtxMemoryPoolAlloc
<LI><a href="#[170]">&gt;&gt;</a>&nbsp;&nbsp;&nbsp;xPSR_InitVal
<LI><a href="#[16f]">&gt;&gt;</a>&nbsp;&nbsp;&nbsp;IsThreadPtrValid
</UL>
<BR>[Called By]<UL><LI><a href="#[148]">&gt;&gt;</a>&nbsp;&nbsp;&nbsp;osRtxThreadStartup
</UL>
<BR>[Address Reference Count : 1]<UL><LI> rtx_thread.o(.text.osThreadNew)
</UL>
<P><STRONG><a name="[149]"></a>osRtxThreadId</STRONG> (Thumb, 10 bytes, Stack size 4 bytes, rtx_thread.o(.text.osRtxThreadId))
<BR><BR>[Stack]<UL><LI>Max Depth = 4<LI>Call Chain = osRtxThreadId
</UL>
<BR>[Called By]<UL><LI><a href="#[148]">&gt;&gt;</a>&nbsp;&nbsp;&nbsp;osRtxThreadStartup
</UL>

<P><STRONG><a name="[16f]"></a>IsThreadPtrValid</STRONG> (Thumb, 34 bytes, Stack size 8 bytes, rtx_thread.o(.text.IsThreadPtrValid))
<BR><BR>[Stack]<UL><LI>Max Depth = 8<LI>Call Chain = IsThreadPtrValid
</UL>
<BR>[Called By]<UL><LI><a href="#[89]">&gt;&gt;</a>&nbsp;&nbsp;&nbsp;svcRtxThreadNew
</UL>

<P><STRONG><a name="[8b]"></a>osThreadEntry</STRONG> (Thumb, 16 bytes, Stack size 8 bytes, rtx_thread.o(.text.osThreadEntry))
<BR><BR>[Stack]<UL><LI>Max Depth = 24<LI>Call Chain = osThreadEntry &rArr; osThreadExit &rArr; EvrRtxThreadError
</UL>
<BR>[Calls]<UL><LI><a href="#[157]">&gt;&gt;</a>&nbsp;&nbsp;&nbsp;osThreadExit
</UL>
<BR>[Address Reference Count : 1]<UL><LI> rtx_thread.o(.text.svcRtxThreadNew)
</UL>
<P><STRONG><a name="[170]"></a>xPSR_InitVal</STRONG> (Thumb, 18 bytes, Stack size 4 bytes, rtx_thread.o(.text.xPSR_InitVal))
<BR><BR>[Stack]<UL><LI>Max Depth = 4<LI>Call Chain = xPSR_InitVal
</UL>
<BR>[Called By]<UL><LI><a href="#[89]">&gt;&gt;</a>&nbsp;&nbsp;&nbsp;svcRtxThreadNew
</UL>

<P><STRONG><a name="[8c]"></a>osRtxThreadPostProcess</STRONG> (Thumb, 68 bytes, Stack size 16 bytes, rtx_thread.o(.text.osRtxThreadPostProcess))
<BR><BR>[Stack]<UL><LI>Max Depth = 116<LI>Call Chain = osRtxThreadPostProcess &rArr; osRtxThreadWaitExit &rArr; osRtxThreadDispatch &rArr; osRtxThreadReadyPut &rArr; osRtxThreadListPut &rArr; osRtxThreadObject
</UL>
<BR>[Calls]<UL><LI><a href="#[146]">&gt;&gt;</a>&nbsp;&nbsp;&nbsp;EvrRtxThreadFlagsWaitCompleted
<LI><a href="#[119]">&gt;&gt;</a>&nbsp;&nbsp;&nbsp;osRtxThreadWaitExit
<LI><a href="#[c5]">&gt;&gt;</a>&nbsp;&nbsp;&nbsp;ThreadFlagsCheck
</UL>
<BR>[Address Reference Count : 1]<UL><LI> rtx_thread.o(.text.svcRtxThreadNew)
</UL>
<P><STRONG><a name="[15b]"></a>IsException</STRONG> (Thumb, 20 bytes, Stack size 4 bytes, rtx_thread.o(.text.IsException))
<BR><BR>[Stack]<UL><LI>Max Depth = 4<LI>Call Chain = IsException
</UL>
<BR>[Called By]<UL><LI><a href="#[ec]">&gt;&gt;</a>&nbsp;&nbsp;&nbsp;osThreadNew
</UL>

<P><STRONG><a name="[15c]"></a>IsIrqMasked</STRONG> (Thumb, 46 bytes, Stack size 12 bytes, rtx_thread.o(.text.IsIrqMasked))
<BR><BR>[Stack]<UL><LI>Max Depth = 12<LI>Call Chain = IsIrqMasked
</UL>
<BR>[Called By]<UL><LI><a href="#[ec]">&gt;&gt;</a>&nbsp;&nbsp;&nbsp;osThreadNew
</UL>

<P><STRONG><a name="[88]"></a>svcRtxThreadExit</STRONG> (Thumb, 98 bytes, Stack size 16 bytes, rtx_thread.o(.text.svcRtxThreadExit))
<BR><BR>[Stack]<UL><LI>Max Depth = 148<LI>Call Chain = svcRtxThreadExit &rArr; osRtxMutexOwnerRelease &rArr; osRtxThreadWaitExit &rArr; osRtxThreadDispatch &rArr; osRtxThreadReadyPut &rArr; osRtxThreadListPut &rArr; osRtxThreadObject
</UL>
<BR>[Calls]<UL><LI><a href="#[11d]">&gt;&gt;</a>&nbsp;&nbsp;&nbsp;osRtxMutexOwnerRelease
<LI><a href="#[141]">&gt;&gt;</a>&nbsp;&nbsp;&nbsp;osRtxThreadSwitch
<LI><a href="#[118]">&gt;&gt;</a>&nbsp;&nbsp;&nbsp;osRtxThreadListGet
<LI><a href="#[13c]">&gt;&gt;</a>&nbsp;&nbsp;&nbsp;osRtxThreadDestroy
<LI><a href="#[143]">&gt;&gt;</a>&nbsp;&nbsp;&nbsp;osRtxThreadJoinWakeup
<LI><a href="#[16e]">&gt;&gt;</a>&nbsp;&nbsp;&nbsp;osRtxThreadSetRunning
<LI><a href="#[140]">&gt;&gt;</a>&nbsp;&nbsp;&nbsp;osRtxThreadGetRunning
<LI><a href="#[13f]">&gt;&gt;</a>&nbsp;&nbsp;&nbsp;osRtxKernelGetState
</UL>
<BR>[Address Reference Count : 1]<UL><LI> rtx_thread.o(.text.osThreadExit)
</UL>
<P><STRONG><a name="[c5]"></a>ThreadFlagsCheck</STRONG> (Thumb, 124 bytes, Stack size 24 bytes, rtx_thread.o(.text.ThreadFlagsCheck))
<BR><BR>[Stack]<UL><LI>Max Depth = 52<LI>Call Chain = ThreadFlagsCheck &rArr; atomic_chk32_any
</UL>
<BR>[Calls]<UL><LI><a href="#[c7]">&gt;&gt;</a>&nbsp;&nbsp;&nbsp;atomic_chk32_any
<LI><a href="#[c6]">&gt;&gt;</a>&nbsp;&nbsp;&nbsp;atomic_chk32_all
</UL>
<BR>[Called By]<UL><LI><a href="#[8c]">&gt;&gt;</a>&nbsp;&nbsp;&nbsp;osRtxThreadPostProcess
</UL>

<P><STRONG><a name="[c6]"></a>atomic_chk32_all</STRONG> (Thumb, 56 bytes, Stack size 28 bytes, rtx_thread.o(.text.atomic_chk32_all))
<BR><BR>[Stack]<UL><LI>Max Depth = 28<LI>Call Chain = atomic_chk32_all
</UL>
<BR>[Called By]<UL><LI><a href="#[c5]">&gt;&gt;</a>&nbsp;&nbsp;&nbsp;ThreadFlagsCheck
</UL>

<P><STRONG><a name="[c7]"></a>atomic_chk32_any</STRONG> (Thumb, 52 bytes, Stack size 28 bytes, rtx_thread.o(.text.atomic_chk32_any))
<BR><BR>[Stack]<UL><LI>Max Depth = 28<LI>Call Chain = atomic_chk32_any
</UL>
<BR>[Called By]<UL><LI><a href="#[c5]">&gt;&gt;</a>&nbsp;&nbsp;&nbsp;ThreadFlagsCheck
</UL>

<P><STRONG><a name="[16e]"></a>osRtxThreadSetRunning</STRONG> (Thumb, 20 bytes, Stack size 4 bytes, rtx_thread.o(.text.osRtxThreadSetRunning))
<BR><BR>[Stack]<UL><LI>Max Depth = 4<LI>Call Chain = osRtxThreadSetRunning
</UL>
<BR>[Called By]<UL><LI><a href="#[88]">&gt;&gt;</a>&nbsp;&nbsp;&nbsp;svcRtxThreadExit
</UL>

<P><STRONG><a name="[87]"></a>osRtxTimerTick</STRONG> (Thumb, 220 bytes, Stack size 32 bytes, rtx_timer.o(.text.osRtxTimerTick))
<BR><BR>[Stack]<UL><LI>Max Depth = 220<LI>Call Chain = osRtxTimerTick &rArr; osMessageQueuePut &rArr; isrRtxMessageQueuePut &rArr; osRtxPostProcess &rArr; isr_queue_put &rArr; atomic_inc16_lt
</UL>
<BR>[Calls]<UL><LI><a href="#[103]">&gt;&gt;</a>&nbsp;&nbsp;&nbsp;osRtxKernelErrorNotify
<LI><a href="#[cc]">&gt;&gt;</a>&nbsp;&nbsp;&nbsp;osMessageQueuePut
<LI><a href="#[156]">&gt;&gt;</a>&nbsp;&nbsp;&nbsp;TimerInsert
<LI><a href="#[155]">&gt;&gt;</a>&nbsp;&nbsp;&nbsp;osRtxThreadSetRunning
<LI><a href="#[154]">&gt;&gt;</a>&nbsp;&nbsp;&nbsp;TimerUnlink
<LI><a href="#[153]">&gt;&gt;</a>&nbsp;&nbsp;&nbsp;osRtxThreadGetRunning
</UL>
<BR>[Address Reference Count : 1]<UL><LI> rtx_timer.o(.text.osRtxTimerSetup)
</UL>
<P><STRONG><a name="[153]"></a>osRtxThreadGetRunning</STRONG> (Thumb, 12 bytes, Stack size 0 bytes, rtx_timer.o(.text.osRtxThreadGetRunning))
<BR><BR>[Called By]<UL><LI><a href="#[87]">&gt;&gt;</a>&nbsp;&nbsp;&nbsp;osRtxTimerTick
</UL>

<P><STRONG><a name="[154]"></a>TimerUnlink</STRONG> (Thumb, 40 bytes, Stack size 4 bytes, rtx_timer.o(.text.TimerUnlink))
<BR><BR>[Stack]<UL><LI>Max Depth = 4<LI>Call Chain = TimerUnlink
</UL>
<BR>[Called By]<UL><LI><a href="#[87]">&gt;&gt;</a>&nbsp;&nbsp;&nbsp;osRtxTimerTick
</UL>

<P><STRONG><a name="[155]"></a>osRtxThreadSetRunning</STRONG> (Thumb, 20 bytes, Stack size 4 bytes, rtx_timer.o(.text.osRtxThreadSetRunning))
<BR><BR>[Stack]<UL><LI>Max Depth = 4<LI>Call Chain = osRtxThreadSetRunning
</UL>
<BR>[Called By]<UL><LI><a href="#[87]">&gt;&gt;</a>&nbsp;&nbsp;&nbsp;osRtxTimerTick
</UL>

<P><STRONG><a name="[156]"></a>TimerInsert</STRONG> (Thumb, 158 bytes, Stack size 20 bytes, rtx_timer.o(.text.TimerInsert))
<BR><BR>[Stack]<UL><LI>Max Depth = 20<LI>Call Chain = TimerInsert
</UL>
<BR>[Called By]<UL><LI><a href="#[87]">&gt;&gt;</a>&nbsp;&nbsp;&nbsp;osRtxTimerTick
</UL>

<P><STRONG><a name="[177]"></a>_fp_digits</STRONG> (Thumb, 366 bytes, Stack size 64 bytes, printfa.o(i._fp_digits), UNUSED)
<BR><BR>[Calls]<UL><LI><a href="#[a4]">&gt;&gt;</a>&nbsp;&nbsp;&nbsp;__aeabi_uldivmod
<LI><a href="#[ad]">&gt;&gt;</a>&nbsp;&nbsp;&nbsp;__aeabi_dmul
<LI><a href="#[ae]">&gt;&gt;</a>&nbsp;&nbsp;&nbsp;__aeabi_ddiv
<LI><a href="#[a7]">&gt;&gt;</a>&nbsp;&nbsp;&nbsp;__aeabi_dadd
<LI><a href="#[af]">&gt;&gt;</a>&nbsp;&nbsp;&nbsp;__aeabi_d2ulz
<LI><a href="#[178]">&gt;&gt;</a>&nbsp;&nbsp;&nbsp;__aeabi_cdrcmple
</UL>
<BR>[Called By]<UL><LI><a href="#[175]">&gt;&gt;</a>&nbsp;&nbsp;&nbsp;_printf_core
</UL>

<P><STRONG><a name="[175]"></a>_printf_core</STRONG> (Thumb, 1744 bytes, Stack size 136 bytes, printfa.o(i._printf_core), UNUSED)
<BR><BR>[Calls]<UL><LI><a href="#[a4]">&gt;&gt;</a>&nbsp;&nbsp;&nbsp;__aeabi_uldivmod
<LI><a href="#[17b]">&gt;&gt;</a>&nbsp;&nbsp;&nbsp;__aeabi_uidivmod
<LI><a href="#[179]">&gt;&gt;</a>&nbsp;&nbsp;&nbsp;_printf_pre_padding
<LI><a href="#[17a]">&gt;&gt;</a>&nbsp;&nbsp;&nbsp;_printf_post_padding
<LI><a href="#[177]">&gt;&gt;</a>&nbsp;&nbsp;&nbsp;_fp_digits
</UL>
<BR>[Called By]<UL><LI><a href="#[176]">&gt;&gt;</a>&nbsp;&nbsp;&nbsp;__0sprintf
<LI><a href="#[174]">&gt;&gt;</a>&nbsp;&nbsp;&nbsp;__0snprintf
</UL>

<P><STRONG><a name="[17a]"></a>_printf_post_padding</STRONG> (Thumb, 36 bytes, Stack size 24 bytes, printfa.o(i._printf_post_padding), UNUSED)
<BR><BR>[Called By]<UL><LI><a href="#[175]">&gt;&gt;</a>&nbsp;&nbsp;&nbsp;_printf_core
</UL>

<P><STRONG><a name="[179]"></a>_printf_pre_padding</STRONG> (Thumb, 46 bytes, Stack size 24 bytes, printfa.o(i._printf_pre_padding), UNUSED)
<BR><BR>[Called By]<UL><LI><a href="#[175]">&gt;&gt;</a>&nbsp;&nbsp;&nbsp;_printf_core
</UL>

<P><STRONG><a name="[8d]"></a>_snputc</STRONG> (Thumb, 22 bytes, Stack size 0 bytes, printfa.o(i._snputc))
<BR>[Address Reference Count : 1]<UL><LI> printfa.o(i.__0snprintf)
</UL>
<P><STRONG><a name="[8e]"></a>_sputc</STRONG> (Thumb, 10 bytes, Stack size 0 bytes, printfa.o(i._sputc))
<BR><BR>[Called By]<UL><LI><a href="#[176]">&gt;&gt;</a>&nbsp;&nbsp;&nbsp;__0sprintf
</UL>
<BR>[Address Reference Count : 1]<UL><LI> printfa.o(i.__0sprintf)
</UL><P>
<H3>
Undefined Global Symbols
</H3><HR></body></html>
