Component: ARM Compiler 6.16 Tool: armlink [5dfeaa00]

==============================================================================

Section Cross References

    main.o(.text.main) refers to sysctl.o(i.SysCtlClockFreqSet) for SysCtlClockFreqSet
    main.o(.text.main) refers to main.o(.bss.SysClock) for SysClock
    main.o(.text.main) refers to main.o(.text.SetupUart) for SetupUart
    main.o(.text.main) refers to main.o(.text.SetupTimer) for SetupTimer
    main.o(.text.main) refers to main.o(.text.SetupADC) for SetupADC
    main.o(.text.main) refers to main.o(.text.SetupPWM) for SetupPWM
    main.o(.text.main) refers to main.o(.text.SetupLEDs) for SetupLEDs
    main.o(.ARM.exidx.text.main) refers to main.o(.text.main) for [Anonymous Symbol]
    main.o(.text.SetupUart) refers to sysctl.o(i.SysCtlPeripheralEnable) for SysCtlPeripheralEnable
    main.o(.text.SetupUart) refers to sysctl.o(i.SysCtlPeripheralReady) for SysCtlPeripheralReady
    main.o(.text.SetupUart) refers to main.o(.bss.SysClock) for SysClock
    main.o(.text.SetupUart) refers to uart.o(i.UARTConfigSetExpClk) for UARTConfigSetExpClk
    main.o(.text.SetupUart) refers to uart.o(i.UARTFIFODisable) for UARTFIFODisable
    main.o(.text.SetupUart) refers to uart.o(i.UARTIntEnable) for UARTIntEnable
    main.o(.text.SetupUart) refers to main.o(.text.UARTIntHandler) for UARTIntHandler
    main.o(.text.SetupUart) refers to uart.o(i.UARTIntRegister) for UARTIntRegister
    main.o(.text.SetupUart) refers to gpio.o(i.GPIOPinConfigure) for GPIOPinConfigure
    main.o(.text.SetupUart) refers to gpio.o(i.GPIOPinTypeUART) for GPIOPinTypeUART
    main.o(.ARM.exidx.text.SetupUart) refers to main.o(.text.SetupUart) for [Anonymous Symbol]
    main.o(.text.SetupTimer) refers to sysctl.o(i.SysCtlPeripheralEnable) for SysCtlPeripheralEnable
    main.o(.text.SetupTimer) refers to sysctl.o(i.SysCtlPeripheralReady) for SysCtlPeripheralReady
    main.o(.text.SetupTimer) refers to timer.o(i.TimerConfigure) for TimerConfigure
    main.o(.text.SetupTimer) refers to main.o(.bss.SysClock) for SysClock
    main.o(.text.SetupTimer) refers to timer.o(i.TimerLoadSet) for TimerLoadSet
    main.o(.text.SetupTimer) refers to timer.o(i.TimerIntEnable) for TimerIntEnable
    main.o(.text.SetupTimer) refers to main.o(.text.Timer0IntHandler) for Timer0IntHandler
    main.o(.text.SetupTimer) refers to timer.o(i.TimerIntRegister) for TimerIntRegister
    main.o(.text.SetupTimer) refers to timer.o(i.TimerEnable) for TimerEnable
    main.o(.ARM.exidx.text.SetupTimer) refers to main.o(.text.SetupTimer) for [Anonymous Symbol]
    main.o(.text.SetupADC) refers to sysctl.o(i.SysCtlPeripheralEnable) for SysCtlPeripheralEnable
    main.o(.text.SetupADC) refers to sysctl.o(i.SysCtlPeripheralReady) for SysCtlPeripheralReady
    main.o(.text.SetupADC) refers to adc.o(i.ADCSequenceConfigure) for ADCSequenceConfigure
    main.o(.text.SetupADC) refers to adc.o(i.ADCSequenceStepConfigure) for ADCSequenceStepConfigure
    main.o(.text.SetupADC) refers to adc.o(i.ADCSequenceEnable) for ADCSequenceEnable
    main.o(.text.SetupADC) refers to adc.o(i.ADCIntClear) for ADCIntClear
    main.o(.ARM.exidx.text.SetupADC) refers to main.o(.text.SetupADC) for [Anonymous Symbol]
    main.o(.text.SetupPWM) refers to sysctl.o(i.SysCtlPeripheralEnable) for SysCtlPeripheralEnable
    main.o(.text.SetupPWM) refers to gpio.o(i.GPIOPinTypePWM) for GPIOPinTypePWM
    main.o(.text.SetupPWM) refers to gpio.o(i.GPIOPinConfigure) for GPIOPinConfigure
    main.o(.text.SetupPWM) refers to sysctl.o(i.SysCtlPWMClockSet) for SysCtlPWMClockSet
    main.o(.text.SetupPWM) refers to main.o(.bss.SysClock) for SysClock
    main.o(.text.SetupPWM) refers to pwm.o(i.PWMGenConfigure) for PWMGenConfigure
    main.o(.text.SetupPWM) refers to pwm.o(i.PWMGenPeriodSet) for PWMGenPeriodSet
    main.o(.text.SetupPWM) refers to pwm.o(i.PWMPulseWidthSet) for PWMPulseWidthSet
    main.o(.text.SetupPWM) refers to pwm.o(i.PWMOutputState) for PWMOutputState
    main.o(.text.SetupPWM) refers to pwm.o(i.PWMGenEnable) for PWMGenEnable
    main.o(.ARM.exidx.text.SetupPWM) refers to main.o(.text.SetupPWM) for [Anonymous Symbol]
    main.o(.text.SetupLEDs) refers to sysctl.o(i.SysCtlPeripheralEnable) for SysCtlPeripheralEnable
    main.o(.text.SetupLEDs) refers to sysctl.o(i.SysCtlPeripheralReady) for SysCtlPeripheralReady
    main.o(.text.SetupLEDs) refers to gpio.o(i.GPIOPinTypeGPIOOutput) for GPIOPinTypeGPIOOutput
    main.o(.text.SetupLEDs) refers to gpio.o(i.GPIOPinWrite) for GPIOPinWrite
    main.o(.ARM.exidx.text.SetupLEDs) refers to main.o(.text.SetupLEDs) for [Anonymous Symbol]
    main.o(.text.Timer0IntHandler) refers to timer.o(i.TimerIntClear) for TimerIntClear
    main.o(.text.Timer0IntHandler) refers to adc.o(i.ADCProcessorTrigger) for ADCProcessorTrigger
    main.o(.text.Timer0IntHandler) refers to adc.o(i.ADCIntStatus) for ADCIntStatus
    main.o(.text.Timer0IntHandler) refers to adc.o(i.ADCSequenceDataGet) for ADCSequenceDataGet
    main.o(.text.Timer0IntHandler) refers to adc.o(i.ADCIntClear) for ADCIntClear
    main.o(.text.Timer0IntHandler) refers to dfltui.o(.text) for __aeabi_ui2d
    main.o(.text.Timer0IntHandler) refers to dmul.o(.text) for __aeabi_dmul
    main.o(.text.Timer0IntHandler) refers to ddiv.o(.text) for __aeabi_ddiv
    main.o(.text.Timer0IntHandler) refers to d2f.o(.text) for __aeabi_d2f
    main.o(.text.Timer0IntHandler) refers to f2d.o(.text) for __aeabi_f2d
    main.o(.text.Timer0IntHandler) refers to dfixui.o(.text) for __aeabi_d2uiz
    main.o(.text.Timer0IntHandler) refers to main.o(.bss.g_ui32Temperature) for g_ui32Temperature
    main.o(.text.Timer0IntHandler) refers to pwm.o(i.PWMGenPeriodGet) for PWMGenPeriodGet
    main.o(.text.Timer0IntHandler) refers to main.o(.bss.g_ui32PWMDutyCycle) for g_ui32PWMDutyCycle
    main.o(.text.Timer0IntHandler) refers to pwm.o(i.PWMPulseWidthSet) for PWMPulseWidthSet
    main.o(.text.Timer0IntHandler) refers to main.o(.text.UpdateLEDs) for UpdateLEDs
    main.o(.text.Timer0IntHandler) refers to main.o(.rodata.str1.1) for .L.str
    main.o(.text.Timer0IntHandler) refers to printfa.o(i.__0sprintf) for sprintf
    main.o(.text.Timer0IntHandler) refers to main.o(.text.UARTSend) for UARTSend
    main.o(.ARM.exidx.text.Timer0IntHandler) refers to main.o(.text.Timer0IntHandler) for [Anonymous Symbol]
    main.o(.text.UpdateLEDs) refers to gpio.o(i.GPIOPinWrite) for GPIOPinWrite
    main.o(.ARM.exidx.text.UpdateLEDs) refers to main.o(.text.UpdateLEDs) for [Anonymous Symbol]
    main.o(.text.UARTSend) refers to uart.o(i.UARTCharPut) for UARTCharPut
    main.o(.ARM.exidx.text.UARTSend) refers to main.o(.text.UARTSend) for [Anonymous Symbol]
    main.o(.text.UARTIntHandler) refers to uart.o(i.UARTIntStatus) for UARTIntStatus
    main.o(.text.UARTIntHandler) refers to uart.o(i.UARTIntClear) for UARTIntClear
    main.o(.ARM.exidx.text.UARTIntHandler) refers to main.o(.text.UARTIntHandler) for [Anonymous Symbol]
    startup_tm4c129.o(RESET) refers to startup_tm4c129.o(STACK) for __initial_sp
    startup_tm4c129.o(RESET) refers to startup_tm4c129.o(.text) for Reset_Handler
    startup_tm4c129.o(.text) refers to system_tm4c129.o(.text.SystemInit) for SystemInit
    startup_tm4c129.o(.text) refers to entry.o(.ARM.Collect$$$$00000000) for __main
    system_tm4c129.o(.text.SystemCoreClockUpdate) refers to system_tm4c129.o(.data.SystemCoreClock) for SystemCoreClock
    system_tm4c129.o(.ARM.exidx.text.SystemCoreClockUpdate) refers to system_tm4c129.o(.text.SystemCoreClockUpdate) for [Anonymous Symbol]
    system_tm4c129.o(.text.SystemInit) refers to system_tm4c129.o(.data.SystemCoreClock) for SystemCoreClock
    system_tm4c129.o(.ARM.exidx.text.SystemInit) refers to system_tm4c129.o(.text.SystemInit) for [Anonymous Symbol]
    adc.o(i.ADCIntRegister) refers to interrupt.o(i.IntRegister) for IntRegister
    adc.o(i.ADCIntRegister) refers to interrupt.o(i.IntEnable) for IntEnable
    adc.o(i.ADCIntUnregister) refers to interrupt.o(i.IntDisable) for IntDisable
    adc.o(i.ADCIntUnregister) refers to interrupt.o(i.IntUnregister) for IntUnregister
    adc.o(i.ADCSoftwareOversampleConfigure) refers to adc.o(.data) for .data
    adc.o(i.ADCSoftwareOversampleDataGet) refers to adc.o(.data) for .data
    adc.o(i.ADCSoftwareOversampleStepConfigure) refers to adc.o(.data) for .data
    gpio.o(i.GPIOIntRegister) refers to gpio.o(i._GPIOIntNumberGet) for _GPIOIntNumberGet
    gpio.o(i.GPIOIntRegister) refers to interrupt.o(i.IntRegister) for IntRegister
    gpio.o(i.GPIOIntRegister) refers to interrupt.o(i.IntEnable) for IntEnable
    gpio.o(i.GPIOIntRegisterPin) refers to gpio.o(i._GPIOIntNumberGet) for _GPIOIntNumberGet
    gpio.o(i.GPIOIntRegisterPin) refers to interrupt.o(i.IntRegister) for IntRegister
    gpio.o(i.GPIOIntRegisterPin) refers to interrupt.o(i.IntEnable) for IntEnable
    gpio.o(i.GPIOIntUnregister) refers to gpio.o(i._GPIOIntNumberGet) for _GPIOIntNumberGet
    gpio.o(i.GPIOIntUnregister) refers to interrupt.o(i.IntDisable) for IntDisable
    gpio.o(i.GPIOIntUnregister) refers to interrupt.o(i.IntUnregister) for IntUnregister
    gpio.o(i.GPIOIntUnregisterPin) refers to gpio.o(i._GPIOIntNumberGet) for _GPIOIntNumberGet
    gpio.o(i.GPIOIntUnregisterPin) refers to interrupt.o(i.IntDisable) for IntDisable
    gpio.o(i.GPIOIntUnregisterPin) refers to interrupt.o(i.IntUnregister) for IntUnregister
    gpio.o(i.GPIOPinConfigure) refers to gpio.o(.constdata) for .constdata
    gpio.o(i.GPIOPinTypeADC) refers to gpio.o(i.GPIODirModeSet) for GPIODirModeSet
    gpio.o(i.GPIOPinTypeADC) refers to gpio.o(i.GPIOPadConfigSet) for GPIOPadConfigSet
    gpio.o(i.GPIOPinTypeCAN) refers to gpio.o(i.GPIODirModeSet) for GPIODirModeSet
    gpio.o(i.GPIOPinTypeCAN) refers to gpio.o(i.GPIOPadConfigSet) for GPIOPadConfigSet
    gpio.o(i.GPIOPinTypeComparator) refers to gpio.o(i.GPIODirModeSet) for GPIODirModeSet
    gpio.o(i.GPIOPinTypeComparator) refers to gpio.o(i.GPIOPadConfigSet) for GPIOPadConfigSet
    gpio.o(i.GPIOPinTypeComparatorOutput) refers to gpio.o(i.GPIODirModeSet) for GPIODirModeSet
    gpio.o(i.GPIOPinTypeComparatorOutput) refers to gpio.o(i.GPIOPadConfigSet) for GPIOPadConfigSet
    gpio.o(i.GPIOPinTypeDIVSCLK) refers to gpio.o(i.GPIODirModeSet) for GPIODirModeSet
    gpio.o(i.GPIOPinTypeDIVSCLK) refers to gpio.o(i.GPIOPadConfigSet) for GPIOPadConfigSet
    gpio.o(i.GPIOPinTypeEPI) refers to gpio.o(i.GPIODirModeSet) for GPIODirModeSet
    gpio.o(i.GPIOPinTypeEPI) refers to gpio.o(i.GPIOPadConfigSet) for GPIOPadConfigSet
    gpio.o(i.GPIOPinTypeEthernetLED) refers to gpio.o(i.GPIODirModeSet) for GPIODirModeSet
    gpio.o(i.GPIOPinTypeEthernetLED) refers to gpio.o(i.GPIOPadConfigSet) for GPIOPadConfigSet
    gpio.o(i.GPIOPinTypeEthernetMII) refers to gpio.o(i.GPIODirModeSet) for GPIODirModeSet
    gpio.o(i.GPIOPinTypeEthernetMII) refers to gpio.o(i.GPIOPadConfigSet) for GPIOPadConfigSet
    gpio.o(i.GPIOPinTypeGPIOInput) refers to gpio.o(i.GPIODirModeSet) for GPIODirModeSet
    gpio.o(i.GPIOPinTypeGPIOInput) refers to gpio.o(i.GPIOPadConfigSet) for GPIOPadConfigSet
    gpio.o(i.GPIOPinTypeGPIOOutput) refers to gpio.o(i.GPIOPadConfigSet) for GPIOPadConfigSet
    gpio.o(i.GPIOPinTypeGPIOOutput) refers to gpio.o(i.GPIODirModeSet) for GPIODirModeSet
    gpio.o(i.GPIOPinTypeGPIOOutputOD) refers to gpio.o(i.GPIOPadConfigSet) for GPIOPadConfigSet
    gpio.o(i.GPIOPinTypeGPIOOutputOD) refers to gpio.o(i.GPIODirModeSet) for GPIODirModeSet
    gpio.o(i.GPIOPinTypeHibernateRTCCLK) refers to gpio.o(i.GPIODirModeSet) for GPIODirModeSet
    gpio.o(i.GPIOPinTypeHibernateRTCCLK) refers to gpio.o(i.GPIOPadConfigSet) for GPIOPadConfigSet
    gpio.o(i.GPIOPinTypeI2C) refers to gpio.o(i.GPIODirModeSet) for GPIODirModeSet
    gpio.o(i.GPIOPinTypeI2C) refers to gpio.o(i.GPIOPadConfigSet) for GPIOPadConfigSet
    gpio.o(i.GPIOPinTypeI2CSCL) refers to gpio.o(i.GPIODirModeSet) for GPIODirModeSet
    gpio.o(i.GPIOPinTypeI2CSCL) refers to gpio.o(i.GPIOPadConfigSet) for GPIOPadConfigSet
    gpio.o(i.GPIOPinTypeLCD) refers to gpio.o(i.GPIODirModeSet) for GPIODirModeSet
    gpio.o(i.GPIOPinTypeLCD) refers to gpio.o(i.GPIOPadConfigSet) for GPIOPadConfigSet
    gpio.o(i.GPIOPinTypeOneWire) refers to gpio.o(i.GPIODirModeSet) for GPIODirModeSet
    gpio.o(i.GPIOPinTypeOneWire) refers to gpio.o(i.GPIOPadConfigSet) for GPIOPadConfigSet
    gpio.o(i.GPIOPinTypePWM) refers to gpio.o(i.GPIODirModeSet) for GPIODirModeSet
    gpio.o(i.GPIOPinTypePWM) refers to gpio.o(i.GPIOPadConfigSet) for GPIOPadConfigSet
    gpio.o(i.GPIOPinTypeQEI) refers to gpio.o(i.GPIODirModeSet) for GPIODirModeSet
    gpio.o(i.GPIOPinTypeQEI) refers to gpio.o(i.GPIOPadConfigSet) for GPIOPadConfigSet
    gpio.o(i.GPIOPinTypeSSI) refers to gpio.o(i.GPIODirModeSet) for GPIODirModeSet
    gpio.o(i.GPIOPinTypeSSI) refers to gpio.o(i.GPIOPadConfigSet) for GPIOPadConfigSet
    gpio.o(i.GPIOPinTypeTimer) refers to gpio.o(i.GPIODirModeSet) for GPIODirModeSet
    gpio.o(i.GPIOPinTypeTimer) refers to gpio.o(i.GPIOPadConfigSet) for GPIOPadConfigSet
    gpio.o(i.GPIOPinTypeTrace) refers to gpio.o(i.GPIODirModeSet) for GPIODirModeSet
    gpio.o(i.GPIOPinTypeTrace) refers to gpio.o(i.GPIOPadConfigSet) for GPIOPadConfigSet
    gpio.o(i.GPIOPinTypeUART) refers to gpio.o(i.GPIODirModeSet) for GPIODirModeSet
    gpio.o(i.GPIOPinTypeUART) refers to gpio.o(i.GPIOPadConfigSet) for GPIOPadConfigSet
    gpio.o(i.GPIOPinTypeUSBAnalog) refers to gpio.o(i.GPIODirModeSet) for GPIODirModeSet
    gpio.o(i.GPIOPinTypeUSBAnalog) refers to gpio.o(i.GPIOPadConfigSet) for GPIOPadConfigSet
    gpio.o(i.GPIOPinTypeUSBDigital) refers to gpio.o(i.GPIODirModeSet) for GPIODirModeSet
    gpio.o(i.GPIOPinTypeUSBDigital) refers to gpio.o(i.GPIOPadConfigSet) for GPIOPadConfigSet
    gpio.o(i.GPIOPinTypeWakeHigh) refers to gpio.o(i.GPIODirModeSet) for GPIODirModeSet
    gpio.o(i.GPIOPinTypeWakeHigh) refers to gpio.o(i.GPIOPadConfigSet) for GPIOPadConfigSet
    gpio.o(i.GPIOPinTypeWakeLow) refers to gpio.o(i.GPIODirModeSet) for GPIODirModeSet
    gpio.o(i.GPIOPinTypeWakeLow) refers to gpio.o(i.GPIOPadConfigSet) for GPIOPadConfigSet
    gpio.o(i._GPIOIntNumberGet) refers to gpio.o(.constdata) for .constdata
    pwm.o(i.PWMFaultIntRegister) refers to interrupt.o(i.IntRegister) for IntRegister
    pwm.o(i.PWMFaultIntRegister) refers to interrupt.o(i.IntEnable) for IntEnable
    pwm.o(i.PWMFaultIntUnregister) refers to interrupt.o(i.IntDisable) for IntDisable
    pwm.o(i.PWMFaultIntUnregister) refers to interrupt.o(i.IntUnregister) for IntUnregister
    pwm.o(i.PWMGenIntRegister) refers to pwm.o(i._PWMGenIntNumberGet) for _PWMGenIntNumberGet
    pwm.o(i.PWMGenIntRegister) refers to interrupt.o(i.IntRegister) for IntRegister
    pwm.o(i.PWMGenIntRegister) refers to interrupt.o(i.IntEnable) for IntEnable
    pwm.o(i.PWMGenIntUnregister) refers to pwm.o(i._PWMGenIntNumberGet) for _PWMGenIntNumberGet
    pwm.o(i.PWMGenIntUnregister) refers to interrupt.o(i.IntDisable) for IntDisable
    pwm.o(i.PWMGenIntUnregister) refers to interrupt.o(i.IntUnregister) for IntUnregister
    sysctl.o(i.SysCtlClockFreqSet) refers to sysctl.o(.constdata) for .constdata
    sysctl.o(i.SysCtlClockGet) refers to sysctl.o(.constdata) for .constdata
    sysctl.o(i.SysCtlClockSet) refers to sysctl.o(.emb_text) for SysCtlDelay
    sysctl.o(i.SysCtlDeepSleep) refers to cpu.o(.emb_text) for CPUwfi
    sysctl.o(i.SysCtlIntRegister) refers to interrupt.o(i.IntRegister) for IntRegister
    sysctl.o(i.SysCtlIntRegister) refers to interrupt.o(i.IntEnable) for IntEnable
    sysctl.o(i.SysCtlIntUnregister) refers to interrupt.o(i.IntDisable) for IntDisable
    sysctl.o(i.SysCtlIntUnregister) refers to interrupt.o(i.IntUnregister) for IntUnregister
    sysctl.o(i.SysCtlSleep) refers to cpu.o(.emb_text) for CPUwfi
    sysctl.o(i.SysCtlVCOGet) refers to sysctl.o(.constdata) for .constdata
    timer.o(i.TimerIntRegister) refers to interrupt.o(i.IntRegister) for IntRegister
    timer.o(i.TimerIntRegister) refers to interrupt.o(i.IntEnable) for IntEnable
    timer.o(i.TimerIntRegister) refers to timer.o(.constdata) for .constdata
    timer.o(i.TimerIntUnregister) refers to interrupt.o(i.IntDisable) for IntDisable
    timer.o(i.TimerIntUnregister) refers to interrupt.o(i.IntUnregister) for IntUnregister
    timer.o(i.TimerIntUnregister) refers to timer.o(.constdata) for .constdata
    uart.o(i.UARTIntRegister) refers to interrupt.o(i.IntRegister) for IntRegister
    uart.o(i.UARTIntRegister) refers to interrupt.o(i.IntEnable) for IntEnable
    uart.o(i.UARTIntRegister) refers to uart.o(.constdata) for .constdata
    uart.o(i.UARTIntUnregister) refers to interrupt.o(i.IntDisable) for IntDisable
    uart.o(i.UARTIntUnregister) refers to interrupt.o(i.IntUnregister) for IntUnregister
    uart.o(i.UARTIntUnregister) refers to uart.o(.constdata) for .constdata
    interrupt.o(i.IntDisable) refers to interrupt.o(.constdata) for .constdata
    interrupt.o(i.IntEnable) refers to interrupt.o(.constdata) for .constdata
    interrupt.o(i.IntIsEnabled) refers to interrupt.o(.constdata) for .constdata
    interrupt.o(i.IntMasterDisable) refers to cpu.o(.emb_text) for CPUcpsid
    interrupt.o(i.IntMasterEnable) refers to cpu.o(.emb_text) for CPUcpsie
    interrupt.o(i.IntPendClear) refers to interrupt.o(.constdata) for .constdata
    interrupt.o(i.IntPendSet) refers to interrupt.o(.constdata) for .constdata
    interrupt.o(i.IntPriorityGet) refers to interrupt.o(.constdata) for .constdata
    interrupt.o(i.IntPriorityGroupingGet) refers to interrupt.o(.constdata) for .constdata
    interrupt.o(i.IntPriorityGroupingSet) refers to interrupt.o(.constdata) for .constdata
    interrupt.o(i.IntPriorityMaskGet) refers to cpu.o(.emb_text) for CPUbasepriGet
    interrupt.o(i.IntPriorityMaskSet) refers to cpu.o(.emb_text) for CPUbasepriSet
    interrupt.o(i.IntPrioritySet) refers to interrupt.o(.constdata) for .constdata
    interrupt.o(i.IntRegister) refers to interrupt.o(vtable) for vtable
    interrupt.o(i.IntUnregister) refers to interrupt.o(i._IntDefaultHandler) for _IntDefaultHandler
    interrupt.o(i.IntUnregister) refers to interrupt.o(vtable) for vtable
    entry.o(.ARM.Collect$$$$00000000) refers (Special) to entry10a.o(.ARM.Collect$$$$0000000D) for __rt_final_cpp
    entry.o(.ARM.Collect$$$$00000000) refers (Special) to entry11a.o(.ARM.Collect$$$$0000000F) for __rt_final_exit
    entry.o(.ARM.Collect$$$$00000000) refers (Special) to entry7b.o(.ARM.Collect$$$$00000008) for _main_clock
    entry.o(.ARM.Collect$$$$00000000) refers (Special) to entry8b.o(.ARM.Collect$$$$0000000A) for _main_cpp_init
    entry.o(.ARM.Collect$$$$00000000) refers (Special) to entry9a.o(.ARM.Collect$$$$0000000B) for _main_init
    entry.o(.ARM.Collect$$$$00000000) refers (Special) to entry5.o(.ARM.Collect$$$$00000004) for _main_scatterload
    entry.o(.ARM.Collect$$$$00000000) refers (Special) to entry2.o(.ARM.Collect$$$$00000001) for _main_stk
    printfa.o(i.__0fprintf) refers (Special) to iusefp.o(.text) for __I$use$fp
    printfa.o(i.__0fprintf) refers to printfa.o(i._printf_core) for _printf_core
    printfa.o(i.__0fprintf) refers to fputc.o(i.fputc) for fputc
    printfa.o(i.__0printf) refers (Special) to iusefp.o(.text) for __I$use$fp
    printfa.o(i.__0printf) refers to printfa.o(i._printf_core) for _printf_core
    printfa.o(i.__0printf) refers to fputc.o(i.fputc) for fputc
    printfa.o(i.__0printf) refers to stdout.o(.data) for __stdout
    printfa.o(i.__0snprintf) refers (Special) to iusefp.o(.text) for __I$use$fp
    printfa.o(i.__0snprintf) refers to printfa.o(i._printf_core) for _printf_core
    printfa.o(i.__0snprintf) refers to printfa.o(i._snputc) for _snputc
    printfa.o(i.__0sprintf) refers (Special) to iusefp.o(.text) for __I$use$fp
    printfa.o(i.__0sprintf) refers to printfa.o(i._printf_core) for _printf_core
    printfa.o(i.__0sprintf) refers to printfa.o(i._sputc) for _sputc
    printfa.o(i.__0vfprintf) refers (Special) to iusefp.o(.text) for __I$use$fp
    printfa.o(i.__0vfprintf) refers to printfa.o(i._printf_core) for _printf_core
    printfa.o(i.__0vfprintf) refers to fputc.o(i.fputc) for fputc
    printfa.o(i.__0vprintf) refers (Special) to iusefp.o(.text) for __I$use$fp
    printfa.o(i.__0vprintf) refers to printfa.o(i._printf_core) for _printf_core
    printfa.o(i.__0vprintf) refers to fputc.o(i.fputc) for fputc
    printfa.o(i.__0vprintf) refers to stdout.o(.data) for __stdout
    printfa.o(i.__0vsnprintf) refers (Special) to iusefp.o(.text) for __I$use$fp
    printfa.o(i.__0vsnprintf) refers to printfa.o(i._printf_core) for _printf_core
    printfa.o(i.__0vsnprintf) refers to printfa.o(i._snputc) for _snputc
    printfa.o(i.__0vsprintf) refers (Special) to iusefp.o(.text) for __I$use$fp
    printfa.o(i.__0vsprintf) refers to printfa.o(i._printf_core) for _printf_core
    printfa.o(i.__0vsprintf) refers to printfa.o(i._sputc) for _sputc
    printfa.o(i._fp_digits) refers (Special) to iusefp.o(.text) for __I$use$fp
    printfa.o(i._fp_digits) refers to dmul.o(.text) for __aeabi_dmul
    printfa.o(i._fp_digits) refers to ddiv.o(.text) for __aeabi_ddiv
    printfa.o(i._fp_digits) refers to cdrcmple.o(.text) for __aeabi_cdrcmple
    printfa.o(i._fp_digits) refers to dadd.o(.text) for __aeabi_dadd
    printfa.o(i._fp_digits) refers to dfixul.o(.text) for __aeabi_d2ulz
    printfa.o(i._fp_digits) refers to uldiv.o(.text) for __aeabi_uldivmod
    printfa.o(i._printf_core) refers (Special) to iusefp.o(.text) for __I$use$fp
    printfa.o(i._printf_core) refers to printfa.o(i._printf_pre_padding) for _printf_pre_padding
    printfa.o(i._printf_core) refers to uldiv.o(.text) for __aeabi_uldivmod
    printfa.o(i._printf_core) refers to printfa.o(i._printf_post_padding) for _printf_post_padding
    printfa.o(i._printf_core) refers to printfa.o(i._fp_digits) for _fp_digits
    printfa.o(i._printf_core) refers to uidiv.o(.text) for __aeabi_uidivmod
    printfa.o(i._printf_post_padding) refers (Special) to iusefp.o(.text) for __I$use$fp
    printfa.o(i._printf_pre_padding) refers (Special) to iusefp.o(.text) for __I$use$fp
    printfa.o(i._snputc) refers (Special) to iusefp.o(.text) for __I$use$fp
    printfa.o(i._sputc) refers (Special) to iusefp.o(.text) for __I$use$fp
    dmul.o(.text) refers (Special) to iusefp.o(.text) for __I$use$fp
    dmul.o(.text) refers to depilogue.o(.text) for _double_epilogue
    ddiv.o(.text) refers (Special) to iusefp.o(.text) for __I$use$fp
    ddiv.o(.text) refers to depilogue.o(.text) for _double_round
    dfltui.o(.text) refers (Special) to iusefp.o(.text) for __I$use$fp
    dfltui.o(.text) refers to depilogue.o(.text) for _double_epilogue
    dfixui.o(.text) refers (Special) to iusefp.o(.text) for __I$use$fp
    dfixui.o(.text) refers to llushr.o(.text) for __aeabi_llsr
    f2d.o(.text) refers (Special) to iusefp.o(.text) for __I$use$fp
    d2f.o(.text) refers (Special) to iusefp.o(.text) for __I$use$fp
    d2f.o(.text) refers to fepilogue.o(.text) for _float_round
    entry2.o(.ARM.Collect$$$$00000001) refers to entry2.o(.ARM.Collect$$$$00002712) for __lit__00000000
    entry2.o(.ARM.Collect$$$$00002712) refers to startup_tm4c129.o(STACK) for __initial_sp
    entry2.o(__vectab_stack_and_reset_area) refers to startup_tm4c129.o(STACK) for __initial_sp
    entry2.o(__vectab_stack_and_reset_area) refers to entry.o(.ARM.Collect$$$$00000000) for __main
    entry5.o(.ARM.Collect$$$$00000004) refers to init.o(.text) for __scatterload
    entry9a.o(.ARM.Collect$$$$0000000B) refers to main.o(.text.main) for main
    entry9b.o(.ARM.Collect$$$$0000000C) refers to main.o(.text.main) for main
    fputc.o(i.fputc) refers (Special) to iusesemip.o(.text) for __I$use$semihosting$fputc
    fputc.o(i.fputc) refers (Special) to semi.o(.text) for __semihosting_library_function
    fputc_h.o(i._fputc$hlt) refers (Special) to iusesemip.o(.text) for __I$use$semihosting$fputc
    fputc_h.o(i._fputc$hlt) refers (Special) to semi.o(.text) for __semihosting_library_function
    uldiv.o(.text) refers to llushr.o(.text) for __aeabi_llsr
    uldiv.o(.text) refers to llshl.o(.text) for __aeabi_llsl
    fepilogue.o(.text) refers (Special) to iusefp.o(.text) for __I$use$fp
    depilogue.o(.text) refers (Special) to iusefp.o(.text) for __I$use$fp
    depilogue.o(.text) refers to llshl.o(.text) for __aeabi_llsl
    depilogue.o(.text) refers to llushr.o(.text) for __aeabi_llsr
    dadd.o(.text) refers (Special) to iusefp.o(.text) for __I$use$fp
    dadd.o(.text) refers to llshl.o(.text) for __aeabi_llsl
    dadd.o(.text) refers to llsshr.o(.text) for __aeabi_lasr
    dadd.o(.text) refers to depilogue.o(.text) for _double_epilogue
    dfixul.o(.text) refers (Special) to iusefp.o(.text) for __I$use$fp
    dfixul.o(.text) refers to llushr.o(.text) for __aeabi_llsr
    dfixul.o(.text) refers to llshl.o(.text) for __aeabi_llsl
    cdrcmple.o(.text) refers (Special) to iusefp.o(.text) for __I$use$fp
    init.o(.text) refers to entry5.o(.ARM.Collect$$$$00000004) for __main_after_scatterload


==============================================================================

Removing Unused input sections from the image.

    Removing main.o(.text), (0 bytes).
    Removing main.o(.ARM.exidx.text.main), (8 bytes).
    Removing main.o(.ARM.exidx.text.SetupUart), (8 bytes).
    Removing main.o(.ARM.exidx.text.SetupTimer), (8 bytes).
    Removing main.o(.ARM.exidx.text.SetupADC), (8 bytes).
    Removing main.o(.ARM.exidx.text.SetupPWM), (8 bytes).
    Removing main.o(.ARM.exidx.text.SetupLEDs), (8 bytes).
    Removing main.o(.ARM.exidx.text.Timer0IntHandler), (8 bytes).
    Removing main.o(.ARM.exidx.text.UpdateLEDs), (8 bytes).
    Removing main.o(.ARM.exidx.text.UARTSend), (8 bytes).
    Removing main.o(.ARM.exidx.text.UARTIntHandler), (8 bytes).
    Removing main.o(.ARM.use_no_argv), (4 bytes).
    Removing startup_tm4c129.o(HEAP), (0 bytes).
    Removing system_tm4c129.o(.text), (0 bytes).
    Removing system_tm4c129.o(.text.SystemCoreClockUpdate), (20 bytes).
    Removing system_tm4c129.o(.ARM.exidx.text.SystemCoreClockUpdate), (8 bytes).
    Removing system_tm4c129.o(.ARM.exidx.text.SystemInit), (8 bytes).
    Removing adc.o(i.ADCBusy), (8 bytes).
    Removing adc.o(i.ADCClockConfigGet), (40 bytes).
    Removing adc.o(i.ADCClockConfigSet), (28 bytes).
    Removing adc.o(i.ADCComparatorConfigure), (10 bytes).
    Removing adc.o(i.ADCComparatorIntClear), (4 bytes).
    Removing adc.o(i.ADCComparatorIntDisable), (18 bytes).
    Removing adc.o(i.ADCComparatorIntEnable), (16 bytes).
    Removing adc.o(i.ADCComparatorIntStatus), (4 bytes).
    Removing adc.o(i.ADCComparatorRegionSet), (14 bytes).
    Removing adc.o(i.ADCComparatorReset), (40 bytes).
    Removing adc.o(i.ADCHardwareOversampleConfigure), (18 bytes).
    Removing adc.o(i.ADCIntClearEx), (4 bytes).
    Removing adc.o(i.ADCIntDisable), (16 bytes).
    Removing adc.o(i.ADCIntDisableEx), (10 bytes).
    Removing adc.o(i.ADCIntEnable), (16 bytes).
    Removing adc.o(i.ADCIntEnableEx), (8 bytes).
    Removing adc.o(i.ADCIntRegister), (104 bytes).
    Removing adc.o(i.ADCIntStatusEx), (22 bytes).
    Removing adc.o(i.ADCIntUnregister), (108 bytes).
    Removing adc.o(i.ADCPhaseDelayGet), (4 bytes).
    Removing adc.o(i.ADCPhaseDelaySet), (4 bytes).
    Removing adc.o(i.ADCReferenceGet), (8 bytes).
    Removing adc.o(i.ADCReferenceSet), (12 bytes).
    Removing adc.o(i.ADCSequenceDMADisable), (18 bytes).
    Removing adc.o(i.ADCSequenceDMAEnable), (16 bytes).
    Removing adc.o(i.ADCSequenceDisable), (16 bytes).
    Removing adc.o(i.ADCSequenceOverflow), (12 bytes).
    Removing adc.o(i.ADCSequenceOverflowClear), (10 bytes).
    Removing adc.o(i.ADCSequenceUnderflow), (12 bytes).
    Removing adc.o(i.ADCSequenceUnderflowClear), (10 bytes).
    Removing adc.o(i.ADCSoftwareOversampleConfigure), (44 bytes).
    Removing adc.o(i.ADCSoftwareOversampleDataGet), (88 bytes).
    Removing adc.o(i.ADCSoftwareOversampleStepConfigure), (168 bytes).
    Removing adc.o(.data), (6 bytes).
    Removing gpio.o(i.GPIOADCTriggerDisable), (14 bytes).
    Removing gpio.o(i.GPIOADCTriggerEnable), (12 bytes).
    Removing gpio.o(i.GPIODMATriggerDisable), (14 bytes).
    Removing gpio.o(i.GPIODMATriggerEnable), (12 bytes).
    Removing gpio.o(i.GPIODirModeGet), (34 bytes).
    Removing gpio.o(i.GPIOIntClear), (6 bytes).
    Removing gpio.o(i.GPIOIntDisable), (14 bytes).
    Removing gpio.o(i.GPIOIntEnable), (12 bytes).
    Removing gpio.o(i.GPIOIntRegister), (26 bytes).
    Removing gpio.o(i.GPIOIntRegisterPin), (30 bytes).
    Removing gpio.o(i.GPIOIntStatus), (14 bytes).
    Removing gpio.o(i.GPIOIntTypeGet), (70 bytes).
    Removing gpio.o(i.GPIOIntTypeSet), (80 bytes).
    Removing gpio.o(i.GPIOIntUnregister), (22 bytes).
    Removing gpio.o(i.GPIOIntUnregisterPin), (26 bytes).
    Removing gpio.o(i.GPIOPadConfigGet), (248 bytes).
    Removing gpio.o(i.GPIOPinRead), (6 bytes).
    Removing gpio.o(i.GPIOPinTypeADC), (28 bytes).
    Removing gpio.o(i.GPIOPinTypeCAN), (28 bytes).
    Removing gpio.o(i.GPIOPinTypeComparator), (28 bytes).
    Removing gpio.o(i.GPIOPinTypeComparatorOutput), (28 bytes).
    Removing gpio.o(i.GPIOPinTypeDIVSCLK), (28 bytes).
    Removing gpio.o(i.GPIOPinTypeEPI), (28 bytes).
    Removing gpio.o(i.GPIOPinTypeEthernetLED), (28 bytes).
    Removing gpio.o(i.GPIOPinTypeEthernetMII), (28 bytes).
    Removing gpio.o(i.GPIOPinTypeGPIOInput), (28 bytes).
    Removing gpio.o(i.GPIOPinTypeGPIOOutputOD), (28 bytes).
    Removing gpio.o(i.GPIOPinTypeHibernateRTCCLK), (28 bytes).
    Removing gpio.o(i.GPIOPinTypeI2C), (28 bytes).
    Removing gpio.o(i.GPIOPinTypeI2CSCL), (28 bytes).
    Removing gpio.o(i.GPIOPinTypeLCD), (28 bytes).
    Removing gpio.o(i.GPIOPinTypeOneWire), (28 bytes).
    Removing gpio.o(i.GPIOPinTypeQEI), (28 bytes).
    Removing gpio.o(i.GPIOPinTypeSSI), (28 bytes).
    Removing gpio.o(i.GPIOPinTypeTimer), (28 bytes).
    Removing gpio.o(i.GPIOPinTypeTrace), (28 bytes).
    Removing gpio.o(i.GPIOPinTypeUSBAnalog), (28 bytes).
    Removing gpio.o(i.GPIOPinTypeUSBDigital), (28 bytes).
    Removing gpio.o(i.GPIOPinTypeWakeHigh), (30 bytes).
    Removing gpio.o(i.GPIOPinTypeWakeLow), (30 bytes).
    Removing gpio.o(i.GPIOPinWakeStatus), (6 bytes).
    Removing gpio.o(i.GPIOUnlockPin), (24 bytes).
    Removing gpio.o(i._GPIOIntNumberGet), (80 bytes).
    Removing pwm.o(i.PWMClockGet), (26 bytes).
    Removing pwm.o(i.PWMClockSet), (20 bytes).
    Removing pwm.o(i.PWMDeadBandDisable), (12 bytes).
    Removing pwm.o(i.PWMDeadBandEnable), (16 bytes).
    Removing pwm.o(i.PWMFaultIntClear), (8 bytes).
    Removing pwm.o(i.PWMFaultIntClearExt), (4 bytes).
    Removing pwm.o(i.PWMFaultIntRegister), (92 bytes).
    Removing pwm.o(i.PWMFaultIntUnregister), (84 bytes).
    Removing pwm.o(i.PWMGenDisable), (10 bytes).
    Removing pwm.o(i.PWMGenFaultClear), (18 bytes).
    Removing pwm.o(i.PWMGenFaultConfigure), (18 bytes).
    Removing pwm.o(i.PWMGenFaultStatus), (18 bytes).
    Removing pwm.o(i.PWMGenFaultTriggerGet), (12 bytes).
    Removing pwm.o(i.PWMGenFaultTriggerSet), (12 bytes).
    Removing pwm.o(i.PWMGenIntClear), (6 bytes).
    Removing pwm.o(i.PWMGenIntRegister), (26 bytes).
    Removing pwm.o(i.PWMGenIntStatus), (12 bytes).
    Removing pwm.o(i.PWMGenIntTrigDisable), (10 bytes).
    Removing pwm.o(i.PWMGenIntTrigEnable), (10 bytes).
    Removing pwm.o(i.PWMGenIntUnregister), (22 bytes).
    Removing pwm.o(i.PWMIntDisable), (10 bytes).
    Removing pwm.o(i.PWMIntEnable), (8 bytes).
    Removing pwm.o(i.PWMIntStatus), (10 bytes).
    Removing pwm.o(i.PWMOutputFault), (16 bytes).
    Removing pwm.o(i.PWMOutputFaultLevel), (16 bytes).
    Removing pwm.o(i.PWMOutputInvert), (16 bytes).
    Removing pwm.o(i.PWMOutputUpdateMode), (62 bytes).
    Removing pwm.o(i.PWMPulseWidthGet), (32 bytes).
    Removing pwm.o(i.PWMSyncTimeBase), (4 bytes).
    Removing pwm.o(i.PWMSyncUpdate), (4 bytes).
    Removing pwm.o(i._PWMGenIntNumberGet), (224 bytes).
    Removing sysctl.o(.emb_text), (6 bytes).
    Removing sysctl.o(i.SysCtlAltClkConfig), (12 bytes).
    Removing sysctl.o(i.SysCtlClockGet), (340 bytes).
    Removing sysctl.o(i.SysCtlClockOutConfig), (20 bytes).
    Removing sysctl.o(i.SysCtlClockSet), (288 bytes).
    Removing sysctl.o(i.SysCtlDeepSleep), (32 bytes).
    Removing sysctl.o(i.SysCtlDeepSleepClockConfigSet), (112 bytes).
    Removing sysctl.o(i.SysCtlDeepSleepClockSet), (12 bytes).
    Removing sysctl.o(i.SysCtlDeepSleepPowerSet), (12 bytes).
    Removing sysctl.o(i.SysCtlFlashSectorSizeGet), (56 bytes).
    Removing sysctl.o(i.SysCtlFlashSizeGet), (56 bytes).
    Removing sysctl.o(i.SysCtlGPIOAHBDisable), (28 bytes).
    Removing sysctl.o(i.SysCtlGPIOAHBEnable), (24 bytes).
    Removing sysctl.o(i.SysCtlIntClear), (12 bytes).
    Removing sysctl.o(i.SysCtlIntDisable), (16 bytes).
    Removing sysctl.o(i.SysCtlIntEnable), (16 bytes).
    Removing sysctl.o(i.SysCtlIntRegister), (20 bytes).
    Removing sysctl.o(i.SysCtlIntStatus), (16 bytes).
    Removing sysctl.o(i.SysCtlIntUnregister), (18 bytes).
    Removing sysctl.o(i.SysCtlLDODeepSleepGet), (12 bytes).
    Removing sysctl.o(i.SysCtlLDODeepSleepSet), (12 bytes).
    Removing sysctl.o(i.SysCtlLDOSleepGet), (12 bytes).
    Removing sysctl.o(i.SysCtlLDOSleepSet), (12 bytes).
    Removing sysctl.o(i.SysCtlMOSCConfigSet), (12 bytes).
    Removing sysctl.o(i.SysCtlNMIClear), (16 bytes).
    Removing sysctl.o(i.SysCtlNMIStatus), (12 bytes).
    Removing sysctl.o(i.SysCtlPIOSCCalibrate), (76 bytes).
    Removing sysctl.o(i.SysCtlPWMClockGet), (24 bytes).
    Removing sysctl.o(i.SysCtlPeripheralClockGating), (68 bytes).
    Removing sysctl.o(i.SysCtlPeripheralDeepSleepDisable), (40 bytes).
    Removing sysctl.o(i.SysCtlPeripheralDeepSleepEnable), (40 bytes).
    Removing sysctl.o(i.SysCtlPeripheralDisable), (40 bytes).
    Removing sysctl.o(i.SysCtlPeripheralPowerOff), (40 bytes).
    Removing sysctl.o(i.SysCtlPeripheralPowerOn), (40 bytes).
    Removing sysctl.o(i.SysCtlPeripheralPresent), (44 bytes).
    Removing sysctl.o(i.SysCtlPeripheralReset), (60 bytes).
    Removing sysctl.o(i.SysCtlPeripheralSleepDisable), (40 bytes).
    Removing sysctl.o(i.SysCtlPeripheralSleepEnable), (40 bytes).
    Removing sysctl.o(i.SysCtlReset), (16 bytes).
    Removing sysctl.o(i.SysCtlResetBehaviorGet), (12 bytes).
    Removing sysctl.o(i.SysCtlResetBehaviorSet), (12 bytes).
    Removing sysctl.o(i.SysCtlResetCauseClear), (16 bytes).
    Removing sysctl.o(i.SysCtlResetCauseGet), (12 bytes).
    Removing sysctl.o(i.SysCtlSRAMSizeGet), (16 bytes).
    Removing sysctl.o(i.SysCtlSleep), (4 bytes).
    Removing sysctl.o(i.SysCtlSleepPowerSet), (12 bytes).
    Removing sysctl.o(i.SysCtlUSBPLLDisable), (16 bytes).
    Removing sysctl.o(i.SysCtlUSBPLLEnable), (16 bytes).
    Removing sysctl.o(i.SysCtlVCOGet), (120 bytes).
    Removing sysctl.o(i.SysCtlVoltageEventClear), (16 bytes).
    Removing sysctl.o(i.SysCtlVoltageEventConfig), (12 bytes).
    Removing sysctl.o(i.SysCtlVoltageEventStatus), (12 bytes).
    Removing timer.o(i.TimerADCEventGet), (4 bytes).
    Removing timer.o(i.TimerADCEventSet), (4 bytes).
    Removing timer.o(i.TimerClockSourceGet), (6 bytes).
    Removing timer.o(i.TimerClockSourceSet), (6 bytes).
    Removing timer.o(i.TimerControlEvent), (18 bytes).
    Removing timer.o(i.TimerControlLevel), (22 bytes).
    Removing timer.o(i.TimerControlStall), (22 bytes).
    Removing timer.o(i.TimerControlTrigger), (80 bytes).
    Removing timer.o(i.TimerControlWaitOnTrigger), (48 bytes).
    Removing timer.o(i.TimerDMAEventGet), (4 bytes).
    Removing timer.o(i.TimerDMAEventSet), (4 bytes).
    Removing timer.o(i.TimerDisable), (16 bytes).
    Removing timer.o(i.TimerIntDisable), (10 bytes).
    Removing timer.o(i.TimerIntStatus), (10 bytes).
    Removing timer.o(i.TimerIntUnregister), (104 bytes).
    Removing timer.o(i.TimerLoadGet), (10 bytes).
    Removing timer.o(i.TimerLoadGet64), (14 bytes).
    Removing timer.o(i.TimerLoadSet64), (6 bytes).
    Removing timer.o(i.TimerMatchGet), (10 bytes).
    Removing timer.o(i.TimerMatchGet64), (14 bytes).
    Removing timer.o(i.TimerMatchSet), (18 bytes).
    Removing timer.o(i.TimerMatchSet64), (6 bytes).
    Removing timer.o(i.TimerPrescaleGet), (10 bytes).
    Removing timer.o(i.TimerPrescaleMatchGet), (10 bytes).
    Removing timer.o(i.TimerPrescaleMatchSet), (18 bytes).
    Removing timer.o(i.TimerPrescaleSet), (18 bytes).
    Removing timer.o(i.TimerRTCDisable), (10 bytes).
    Removing timer.o(i.TimerRTCEnable), (10 bytes).
    Removing timer.o(i.TimerSynchronize), (4 bytes).
    Removing timer.o(i.TimerUpdateMode), (42 bytes).
    Removing timer.o(i.TimerValueGet), (10 bytes).
    Removing timer.o(i.TimerValueGet64), (14 bytes).
    Removing uart.o(i.UART9BitAddrSend), (38 bytes).
    Removing uart.o(i.UART9BitAddrSet), (10 bytes).
    Removing uart.o(i.UART9BitDisable), (14 bytes).
    Removing uart.o(i.UART9BitEnable), (14 bytes).
    Removing uart.o(i.UARTBreakCtl), (18 bytes).
    Removing uart.o(i.UARTBusy), (8 bytes).
    Removing uart.o(i.UARTCharGet), (12 bytes).
    Removing uart.o(i.UARTCharGetNonBlocking), (16 bytes).
    Removing uart.o(i.UARTCharPutNonBlocking), (16 bytes).
    Removing uart.o(i.UARTCharsAvail), (10 bytes).
    Removing uart.o(i.UARTClockSourceGet), (6 bytes).
    Removing uart.o(i.UARTClockSourceSet), (6 bytes).
    Removing uart.o(i.UARTConfigGetExpClk), (46 bytes).
    Removing uart.o(i.UARTDMADisable), (10 bytes).
    Removing uart.o(i.UARTDMAEnable), (8 bytes).
    Removing uart.o(i.UARTDisable), (30 bytes).
    Removing uart.o(i.UARTDisableSIR), (10 bytes).
    Removing uart.o(i.UARTEnable), (20 bytes).
    Removing uart.o(i.UARTEnableSIR), (18 bytes).
    Removing uart.o(i.UARTFIFOEnable), (10 bytes).
    Removing uart.o(i.UARTFIFOLevelGet), (16 bytes).
    Removing uart.o(i.UARTFIFOLevelSet), (6 bytes).
    Removing uart.o(i.UARTFlowControlGet), (8 bytes).
    Removing uart.o(i.UARTFlowControlSet), (12 bytes).
    Removing uart.o(i.UARTIntDisable), (10 bytes).
    Removing uart.o(i.UARTIntUnregister), (88 bytes).
    Removing uart.o(i.UARTLoopbackEnable), (10 bytes).
    Removing uart.o(i.UARTModemControlClear), (14 bytes).
    Removing uart.o(i.UARTModemControlGet), (8 bytes).
    Removing uart.o(i.UARTModemControlSet), (12 bytes).
    Removing uart.o(i.UARTModemStatusGet), (10 bytes).
    Removing uart.o(i.UARTParityModeGet), (8 bytes).
    Removing uart.o(i.UARTParityModeSet), (12 bytes).
    Removing uart.o(i.UARTRxErrorClear), (6 bytes).
    Removing uart.o(i.UARTRxErrorGet), (8 bytes).
    Removing uart.o(i.UARTSmartCardDisable), (10 bytes).
    Removing uart.o(i.UARTSmartCardEnable), (22 bytes).
    Removing uart.o(i.UARTSpaceAvail), (10 bytes).
    Removing uart.o(i.UARTTxIntModeGet), (8 bytes).
    Removing uart.o(i.UARTTxIntModeSet), (12 bytes).
    Removing cpu.o(.emb_text), (38 bytes).
    Removing interrupt.o(i.IntDisable), (100 bytes).
    Removing interrupt.o(i.IntIsEnabled), (96 bytes).
    Removing interrupt.o(i.IntMasterDisable), (14 bytes).
    Removing interrupt.o(i.IntMasterEnable), (14 bytes).
    Removing interrupt.o(i.IntPendClear), (68 bytes).
    Removing interrupt.o(i.IntPendSet), (84 bytes).
    Removing interrupt.o(i.IntPriorityGet), (28 bytes).
    Removing interrupt.o(i.IntPriorityGroupingGet), (36 bytes).
    Removing interrupt.o(i.IntPriorityGroupingSet), (28 bytes).
    Removing interrupt.o(i.IntPriorityMaskGet), (4 bytes).
    Removing interrupt.o(i.IntPriorityMaskSet), (4 bytes).
    Removing interrupt.o(i.IntPrioritySet), (40 bytes).
    Removing interrupt.o(i.IntTrigger), (12 bytes).
    Removing interrupt.o(i.IntUnregister), (20 bytes).
    Removing interrupt.o(i._IntDefaultHandler), (2 bytes).

265 unused section(s) (total 7080 bytes) removed from the image.

==============================================================================

Image Symbol Table

    Local Symbols

    Symbol Name                              Value     Ov Type        Size  Object(Section)

    ../clib/../cmprslib/zerorunl.c           0x00000000   Number         0  __dczerorl.o ABSOLUTE
    ../clib/division.s                       0x00000000   Number         0  aeabi_sdiv.o ABSOLUTE
    ../clib/microlib/division.c              0x00000000   Number         0  uidiv.o ABSOLUTE
    ../clib/microlib/division.c              0x00000000   Number         0  uldiv.o ABSOLUTE
    ../clib/microlib/init/entry.s            0x00000000   Number         0  entry.o ABSOLUTE
    ../clib/microlib/init/entry.s            0x00000000   Number         0  entry2.o ABSOLUTE
    ../clib/microlib/init/entry.s            0x00000000   Number         0  entry5.o ABSOLUTE
    ../clib/microlib/init/entry.s            0x00000000   Number         0  entry7a.o ABSOLUTE
    ../clib/microlib/init/entry.s            0x00000000   Number         0  entry7b.o ABSOLUTE
    ../clib/microlib/init/entry.s            0x00000000   Number         0  entry8a.o ABSOLUTE
    ../clib/microlib/init/entry.s            0x00000000   Number         0  entry8b.o ABSOLUTE
    ../clib/microlib/init/entry.s            0x00000000   Number         0  entry9a.o ABSOLUTE
    ../clib/microlib/init/entry.s            0x00000000   Number         0  entry9b.o ABSOLUTE
    ../clib/microlib/init/entry.s            0x00000000   Number         0  entry10a.o ABSOLUTE
    ../clib/microlib/init/entry.s            0x00000000   Number         0  entry10b.o ABSOLUTE
    ../clib/microlib/init/entry.s            0x00000000   Number         0  entry11a.o ABSOLUTE
    ../clib/microlib/init/entry.s            0x00000000   Number         0  entry11b.o ABSOLUTE
    ../clib/microlib/longlong.c              0x00000000   Number         0  llushr.o ABSOLUTE
    ../clib/microlib/longlong.c              0x00000000   Number         0  llshl.o ABSOLUTE
    ../clib/microlib/longlong.c              0x00000000   Number         0  llsshr.o ABSOLUTE
    ../clib/microlib/printf/printf.c         0x00000000   Number         0  printfa.o ABSOLUTE
    ../clib/microlib/stdio/fputc.c           0x00000000   Number         0  fputc.o ABSOLUTE
    ../clib/microlib/stdio/fputc.c           0x00000000   Number         0  fputc_h.o ABSOLUTE
    ../clib/microlib/stdio/semi.s            0x00000000   Number         0  semi.o ABSOLUTE
    ../clib/microlib/stdio/streams.c         0x00000000   Number         0  stdout.o ABSOLUTE
    ../clib/microlib/stubs.s                 0x00000000   Number         0  iusefp.o ABSOLUTE
    ../clib/microlib/stubs.s                 0x00000000   Number         0  iusesemip.o ABSOLUTE
    ../fplib/microlib/d2f.c                  0x00000000   Number         0  d2f.o ABSOLUTE
    ../fplib/microlib/f2d.c                  0x00000000   Number         0  f2d.o ABSOLUTE
    ../fplib/microlib/fpadd.c                0x00000000   Number         0  dadd.o ABSOLUTE
    ../fplib/microlib/fpdiv.c                0x00000000   Number         0  ddiv.o ABSOLUTE
    ../fplib/microlib/fpepilogue.c           0x00000000   Number         0  fepilogue.o ABSOLUTE
    ../fplib/microlib/fpepilogue.c           0x00000000   Number         0  depilogue.o ABSOLUTE
    ../fplib/microlib/fpfix.c                0x00000000   Number         0  dfixui.o ABSOLUTE
    ../fplib/microlib/fpfix.c                0x00000000   Number         0  dfixul.o ABSOLUTE
    ../fplib/microlib/fpflt.c                0x00000000   Number         0  dfltui.o ABSOLUTE
    ../fplib/microlib/fpmul.c                0x00000000   Number         0  dmul.o ABSOLUTE
    RTE/Device/TM4C1294NCPDT/startup_TM4C129.s 0x00000000   Number         0  startup_tm4c129.o ABSOLUTE
    adc.c                                    0x00000000   Number         0  adc.o ABSOLUTE
    cdrcmple.s                               0x00000000   Number         0  cdrcmple.o ABSOLUTE
    cpu.c                                    0x00000000   Number         0  cpu.o ABSOLUTE
    cpu.c                                    0x00000000   Number         0  cpu.o ABSOLUTE
    dc.s                                     0x00000000   Number         0  dc.o ABSOLUTE
    gpio.c                                   0x00000000   Number         0  gpio.o ABSOLUTE
    handlers.s                               0x00000000   Number         0  handlers.o ABSOLUTE
    init.s                                   0x00000000   Number         0  init.o ABSOLUTE
    interrupt.c                              0x00000000   Number         0  interrupt.o ABSOLUTE
    main.c                                   0x00000000   Number         0  main.o ABSOLUTE
    pwm.c                                    0x00000000   Number         0  pwm.o ABSOLUTE
    sysctl.c                                 0x00000000   Number         0  sysctl.o ABSOLUTE
    sysctl.c                                 0x00000000   Number         0  sysctl.o ABSOLUTE
    system_TM4C129.c                         0x00000000   Number         0  system_tm4c129.o ABSOLUTE
    timer.c                                  0x00000000   Number         0  timer.o ABSOLUTE
    uart.c                                   0x00000000   Number         0  uart.o ABSOLUTE
    RESET                                    0x00000000   Section      512  startup_tm4c129.o(RESET)
    .ARM.Collect$$$$00000000                 0x00000200   Section        0  entry.o(.ARM.Collect$$$$00000000)
    .ARM.Collect$$$$00000001                 0x00000200   Section        4  entry2.o(.ARM.Collect$$$$00000001)
    .ARM.Collect$$$$00000004                 0x00000204   Section        4  entry5.o(.ARM.Collect$$$$00000004)
    .ARM.Collect$$$$00000008                 0x00000208   Section        0  entry7b.o(.ARM.Collect$$$$00000008)
    .ARM.Collect$$$$0000000A                 0x00000208   Section        0  entry8b.o(.ARM.Collect$$$$0000000A)
    .ARM.Collect$$$$0000000B                 0x00000208   Section        8  entry9a.o(.ARM.Collect$$$$0000000B)
    __lit__00000000                          0x00000210   Data           4  entry2.o(.ARM.Collect$$$$00002712)
    .ARM.Collect$$$$0000000D                 0x00000210   Section        0  entry10a.o(.ARM.Collect$$$$0000000D)
    .ARM.Collect$$$$0000000F                 0x00000210   Section        0  entry11a.o(.ARM.Collect$$$$0000000F)
    .ARM.Collect$$$$00002712                 0x00000210   Section        4  entry2.o(.ARM.Collect$$$$00002712)
    $v0                                      0x00000214   Number         0  startup_tm4c129.o(.text)
    .text                                    0x00000214   Section      276  startup_tm4c129.o(.text)
    .text                                    0x00000328   Section        0  dmul.o(.text)
    .text                                    0x0000040c   Section        0  ddiv.o(.text)
    .text                                    0x000004ea   Section        0  dfltui.o(.text)
    .text                                    0x00000504   Section        0  dfixui.o(.text)
    .text                                    0x00000536   Section        0  f2d.o(.text)
    .text                                    0x0000055c   Section        0  d2f.o(.text)
    .text                                    0x00000594   Section        0  uidiv.o(.text)
    .text                                    0x000005c0   Section        0  uldiv.o(.text)
    .text                                    0x00000622   Section        0  llushr.o(.text)
    .text                                    0x00000642   Section        0  iusefp.o(.text)
    .text                                    0x00000642   Section        0  fepilogue.o(.text)
    .text                                    0x000006b0   Section        0  depilogue.o(.text)
    .text                                    0x0000076a   Section        0  dadd.o(.text)
    .text                                    0x000008b8   Section        0  dfixul.o(.text)
    .text                                    0x000008e8   Section       48  cdrcmple.o(.text)
    .text                                    0x00000918   Section       36  init.o(.text)
    .text                                    0x0000093c   Section        0  llshl.o(.text)
    .text                                    0x0000095a   Section        0  llsshr.o(.text)
    .text                                    0x0000097e   Section        0  __dczerorl.o(.text)
    [Anonymous Symbol]                       0x000009b8   Section        0  main.o(.text.SetupADC)
    [Anonymous Symbol]                       0x00000a14   Section        0  main.o(.text.SetupLEDs)
    [Anonymous Symbol]                       0x00000a98   Section        0  main.o(.text.SetupPWM)
    [Anonymous Symbol]                       0x00000b30   Section        0  main.o(.text.SetupTimer)
    [Anonymous Symbol]                       0x00000bb0   Section        0  main.o(.text.SetupUart)
    [Anonymous Symbol]                       0x00000c4c   Section        0  system_tm4c129.o(.text.SystemInit)
    [Anonymous Symbol]                       0x00000c70   Section        0  main.o(.text.Timer0IntHandler)
    [Anonymous Symbol]                       0x00000df8   Section        0  main.o(.text.UARTIntHandler)
    [Anonymous Symbol]                       0x00000e1c   Section        0  main.o(.text.UARTSend)
    [Anonymous Symbol]                       0x00000e48   Section        0  main.o(.text.UpdateLEDs)
    [Anonymous Symbol]                       0x00000f40   Section        0  main.o(.text.main)
    i.ADCIntClear                            0x00000f7e   Section        0  adc.o(i.ADCIntClear)
    i.ADCIntStatus                           0x00000f88   Section        0  adc.o(i.ADCIntStatus)
    i.ADCProcessorTrigger                    0x00000fbc   Section        0  adc.o(i.ADCProcessorTrigger)
    i.ADCSequenceConfigure                   0x00000fd6   Section        0  adc.o(i.ADCSequenceConfigure)
    i.ADCSequenceDataGet                     0x00001036   Section        0  adc.o(i.ADCSequenceDataGet)
    i.ADCSequenceEnable                      0x0000105a   Section        0  adc.o(i.ADCSequenceEnable)
    i.ADCSequenceStepConfigure               0x00001068   Section        0  adc.o(i.ADCSequenceStepConfigure)
    i.GPIODirModeSet                         0x00001102   Section        0  gpio.o(i.GPIODirModeSet)
    i.GPIOPadConfigSet                       0x0000112c   Section        0  gpio.o(i.GPIOPadConfigSet)
    i.GPIOPinConfigure                       0x0000129c   Section        0  gpio.o(i.GPIOPinConfigure)
    i.GPIOPinTypeGPIOOutput                  0x000012e0   Section        0  gpio.o(i.GPIOPinTypeGPIOOutput)
    i.GPIOPinTypePWM                         0x000012fc   Section        0  gpio.o(i.GPIOPinTypePWM)
    i.GPIOPinTypeUART                        0x00001318   Section        0  gpio.o(i.GPIOPinTypeUART)
    i.GPIOPinWrite                           0x00001334   Section        0  gpio.o(i.GPIOPinWrite)
    i.IntEnable                              0x0000133c   Section        0  interrupt.o(i.IntEnable)
    i.IntRegister                            0x000013a0   Section        0  interrupt.o(i.IntRegister)
    i.PWMGenConfigure                        0x000013d4   Section        0  pwm.o(i.PWMGenConfigure)
    i.PWMGenEnable                           0x000013fa   Section        0  pwm.o(i.PWMGenEnable)
    i.PWMGenPeriodGet                        0x00001404   Section        0  pwm.o(i.PWMGenPeriodGet)
    i.PWMGenPeriodSet                        0x00001416   Section        0  pwm.o(i.PWMGenPeriodSet)
    i.PWMOutputState                         0x00001428   Section        0  pwm.o(i.PWMOutputState)
    i.PWMPulseWidthSet                       0x00001438   Section        0  pwm.o(i.PWMPulseWidthSet)
    i.SysCtlClockFreqSet                     0x00001458   Section        0  sysctl.o(i.SysCtlClockFreqSet)
    i.SysCtlPWMClockSet                      0x0000173c   Section        0  sysctl.o(i.SysCtlPWMClockSet)
    i.SysCtlPeripheralEnable                 0x00001750   Section        0  sysctl.o(i.SysCtlPeripheralEnable)
    i.SysCtlPeripheralReady                  0x00001778   Section        0  sysctl.o(i.SysCtlPeripheralReady)
    i.TimerConfigure                         0x000017a4   Section        0  timer.o(i.TimerConfigure)
    i.TimerEnable                            0x00001804   Section        0  timer.o(i.TimerEnable)
    i.TimerIntClear                          0x00001812   Section        0  timer.o(i.TimerIntClear)
    i.TimerIntEnable                         0x00001816   Section        0  timer.o(i.TimerIntEnable)
    i.TimerIntRegister                       0x00001820   Section        0  timer.o(i.TimerIntRegister)
    i.TimerLoadSet                           0x00001888   Section        0  timer.o(i.TimerLoadSet)
    i.UARTCharPut                            0x0000189a   Section        0  uart.o(i.UARTCharPut)
    i.UARTConfigSetExpClk                    0x000018a6   Section        0  uart.o(i.UARTConfigSetExpClk)
    i.UARTFIFODisable                        0x00001914   Section        0  uart.o(i.UARTFIFODisable)
    i.UARTIntClear                           0x0000191e   Section        0  uart.o(i.UARTIntClear)
    i.UARTIntEnable                          0x00001922   Section        0  uart.o(i.UARTIntEnable)
    i.UARTIntRegister                        0x0000192c   Section        0  uart.o(i.UARTIntRegister)
    i.UARTIntStatus                          0x00001984   Section        0  uart.o(i.UARTIntStatus)
    i.__0sprintf                             0x00001990   Section        0  printfa.o(i.__0sprintf)
    i.__scatterload_copy                     0x000019b8   Section       14  handlers.o(i.__scatterload_copy)
    i.__scatterload_null                     0x000019c6   Section        2  handlers.o(i.__scatterload_null)
    i.__scatterload_zeroinit                 0x000019c8   Section       14  handlers.o(i.__scatterload_zeroinit)
    _fp_digits                               0x000019d9   Thumb Code   366  printfa.o(i._fp_digits)
    i._fp_digits                             0x000019d8   Section        0  printfa.o(i._fp_digits)
    _printf_core                             0x00001b5d   Thumb Code  1744  printfa.o(i._printf_core)
    i._printf_core                           0x00001b5c   Section        0  printfa.o(i._printf_core)
    _printf_post_padding                     0x00002239   Thumb Code    36  printfa.o(i._printf_post_padding)
    i._printf_post_padding                   0x00002238   Section        0  printfa.o(i._printf_post_padding)
    _printf_pre_padding                      0x0000225d   Thumb Code    46  printfa.o(i._printf_pre_padding)
    i._printf_pre_padding                    0x0000225c   Section        0  printfa.o(i._printf_pre_padding)
    _sputc                                   0x0000228b   Thumb Code    10  printfa.o(i._sputc)
    i._sputc                                 0x0000228a   Section        0  printfa.o(i._sputc)
    g_ppui32GPIOIntMapBlizzard               0x00002294   Data         192  gpio.o(.constdata)
    .constdata                               0x00002294   Section      552  gpio.o(.constdata)
    g_ppui32GPIOIntMapSnowflake              0x00002354   Data         216  gpio.o(.constdata)
    g_pui32GPIOBaseAddrs                     0x0000242c   Data         144  gpio.o(.constdata)
    g_pui32VCOFrequencies                    0x000024bc   Data           8  sysctl.o(.constdata)
    .constdata                               0x000024bc   Section      596  sysctl.o(.constdata)
    g_pui32Xtals                             0x000024c4   Data         108  sysctl.o(.constdata)
    g_pppui32XTALtoVCO                       0x00002530   Data         432  sysctl.o(.constdata)
    g_sXTALtoMEMTIM                          0x000026e0   Data          48  sysctl.o(.constdata)
    g_ppui32TimerIntMap                      0x00002710   Data          96  timer.o(.constdata)
    .constdata                               0x00002710   Section      160  timer.o(.constdata)
    g_ppui32TimerIntMapSnowflake             0x00002770   Data          64  timer.o(.constdata)
    g_ppui32UARTIntMap                       0x000027b0   Data          64  uart.o(.constdata)
    .constdata                               0x000027b0   Section      128  uart.o(.constdata)
    g_ppui32UARTIntMapSnowflake              0x000027f0   Data          64  uart.o(.constdata)
    g_pui32Priority                          0x00002830   Data          32  interrupt.o(.constdata)
    .constdata                               0x00002830   Section      268  interrupt.o(.constdata)
    g_pui32Regs                              0x00002850   Data         156  interrupt.o(.constdata)
    g_pui32EnRegs                            0x000028ec   Data          20  interrupt.o(.constdata)
    g_pui32Dii16Regs                         0x00002900   Data          20  interrupt.o(.constdata)
    g_pui32PendRegs                          0x00002914   Data          20  interrupt.o(.constdata)
    g_pui32UnpendRegs                        0x00002928   Data          20  interrupt.o(.constdata)
    .L.str                                   0x0000293c   Data          24  main.o(.rodata.str1.1)
    [Anonymous Symbol]                       0x0000293c   Section        0  main.o(.rodata.str1.1)
    g_pfnRAMVectors                          0x20000400   Data         620  interrupt.o(vtable)
    vtable                                   0x20000400   Section      620  interrupt.o(vtable)
    STACK                                    0x20000680   Section      512  startup_tm4c129.o(STACK)

    Global Symbols

    Symbol Name                              Value     Ov Type        Size  Object(Section)

    BuildAttributes$$THM_ISAv4$E$P$D$K$B$S$7EM$VFPi3$EXTD16$VFPS$VFMA$PE$A:L22UL41UL21$X:L11$S22US41US21$IEEE1$IW$~IW$USESV6$~STKCKD$USESV7$~SHL$OTIME$ROPI$EBA8$MICROLIB$REQ8$PRES8$EABIv2 0x00000000   Number         0  anon$$obj.o ABSOLUTE
    __Vectors                                0x00000000   Data           4  startup_tm4c129.o(RESET)
    __cpp_initialize__aeabi_                  - Undefined Weak Reference
    __cxa_finalize                            - Undefined Weak Reference
    _clock_init                               - Undefined Weak Reference
    _microlib_exit                            - Undefined Weak Reference
    __Vectors_End                            0x00000200   Data           0  startup_tm4c129.o(RESET)
    __Vectors_Size                           0x00000200   Number         0  startup_tm4c129.o ABSOLUTE
    __main                                   0x00000201   Thumb Code     0  entry.o(.ARM.Collect$$$$00000000)
    _main_stk                                0x00000201   Thumb Code     0  entry2.o(.ARM.Collect$$$$00000001)
    _main_scatterload                        0x00000205   Thumb Code     0  entry5.o(.ARM.Collect$$$$00000004)
    __main_after_scatterload                 0x00000209   Thumb Code     0  entry5.o(.ARM.Collect$$$$00000004)
    _main_clock                              0x00000209   Thumb Code     0  entry7b.o(.ARM.Collect$$$$00000008)
    _main_cpp_init                           0x00000209   Thumb Code     0  entry8b.o(.ARM.Collect$$$$0000000A)
    _main_init                               0x00000209   Thumb Code     0  entry9a.o(.ARM.Collect$$$$0000000B)
    __rt_final_cpp                           0x00000211   Thumb Code     0  entry10a.o(.ARM.Collect$$$$0000000D)
    __rt_final_exit                          0x00000211   Thumb Code     0  entry11a.o(.ARM.Collect$$$$0000000F)
    Reset_Handler                            0x00000215   Thumb Code     8  startup_tm4c129.o(.text)
    NMI_Handler                              0x0000021d   Thumb Code     2  startup_tm4c129.o(.text)
    HardFault_Handler                        0x0000021f   Thumb Code     2  startup_tm4c129.o(.text)
    MemManage_Handler                        0x00000221   Thumb Code     2  startup_tm4c129.o(.text)
    BusFault_Handler                         0x00000223   Thumb Code     2  startup_tm4c129.o(.text)
    UsageFault_Handler                       0x00000225   Thumb Code     2  startup_tm4c129.o(.text)
    SVC_Handler                              0x00000227   Thumb Code     2  startup_tm4c129.o(.text)
    DebugMon_Handler                         0x00000229   Thumb Code     2  startup_tm4c129.o(.text)
    PendSV_Handler                           0x0000022b   Thumb Code     2  startup_tm4c129.o(.text)
    SysTick_Handler                          0x0000022d   Thumb Code     2  startup_tm4c129.o(.text)
    GPIOA_Handler                            0x0000022f   Thumb Code     2  startup_tm4c129.o(.text)
    GPIOB_Handler                            0x00000231   Thumb Code     2  startup_tm4c129.o(.text)
    GPIOC_Handler                            0x00000233   Thumb Code     2  startup_tm4c129.o(.text)
    GPIOD_Handler                            0x00000235   Thumb Code     2  startup_tm4c129.o(.text)
    GPIOE_Handler                            0x00000237   Thumb Code     2  startup_tm4c129.o(.text)
    UART0_Handler                            0x00000239   Thumb Code     2  startup_tm4c129.o(.text)
    UART1_Handler                            0x0000023b   Thumb Code     2  startup_tm4c129.o(.text)
    SSI0_Handler                             0x0000023d   Thumb Code     2  startup_tm4c129.o(.text)
    I2C0_Handler                             0x0000023f   Thumb Code     2  startup_tm4c129.o(.text)
    PMW0_FAULT_Handler                       0x00000241   Thumb Code     2  startup_tm4c129.o(.text)
    PWM0_0_Handler                           0x00000243   Thumb Code     2  startup_tm4c129.o(.text)
    PWM0_1_Handler                           0x00000245   Thumb Code     2  startup_tm4c129.o(.text)
    PWM0_2_Handler                           0x00000247   Thumb Code     2  startup_tm4c129.o(.text)
    QEI0_Handler                             0x00000249   Thumb Code     2  startup_tm4c129.o(.text)
    ADC0SS0_Handler                          0x0000024b   Thumb Code     2  startup_tm4c129.o(.text)
    ADC0SS1_Handler                          0x0000024d   Thumb Code     2  startup_tm4c129.o(.text)
    ADC0SS2_Handler                          0x0000024f   Thumb Code     2  startup_tm4c129.o(.text)
    ADC0SS3_Handler                          0x00000251   Thumb Code     2  startup_tm4c129.o(.text)
    WDT0_Handler                             0x00000253   Thumb Code     2  startup_tm4c129.o(.text)
    TIMER0A_Handler                          0x00000255   Thumb Code     2  startup_tm4c129.o(.text)
    TIMER0B_Handler                          0x00000257   Thumb Code     2  startup_tm4c129.o(.text)
    TIMER1A_Handler                          0x00000259   Thumb Code     2  startup_tm4c129.o(.text)
    TIMER1B_Handler                          0x0000025b   Thumb Code     2  startup_tm4c129.o(.text)
    TIMER2A_Handler                          0x0000025d   Thumb Code     2  startup_tm4c129.o(.text)
    TIMER2B_Handler                          0x0000025f   Thumb Code     2  startup_tm4c129.o(.text)
    COMP0_Handler                            0x00000261   Thumb Code     2  startup_tm4c129.o(.text)
    COMP1_Handler                            0x00000263   Thumb Code     2  startup_tm4c129.o(.text)
    COMP2_Handler                            0x00000265   Thumb Code     2  startup_tm4c129.o(.text)
    SYSCTL_Handler                           0x00000267   Thumb Code     2  startup_tm4c129.o(.text)
    FLASH_Handler                            0x00000269   Thumb Code     2  startup_tm4c129.o(.text)
    GPIOF_Handler                            0x0000026b   Thumb Code     2  startup_tm4c129.o(.text)
    GPIOG_Handler                            0x0000026d   Thumb Code     2  startup_tm4c129.o(.text)
    GPIOH_Handler                            0x0000026f   Thumb Code     2  startup_tm4c129.o(.text)
    UART2_Handler                            0x00000271   Thumb Code     2  startup_tm4c129.o(.text)
    SSI1_Handler                             0x00000273   Thumb Code     2  startup_tm4c129.o(.text)
    TIMER3A_Handler                          0x00000275   Thumb Code     2  startup_tm4c129.o(.text)
    TIMER3B_Handler                          0x00000277   Thumb Code     2  startup_tm4c129.o(.text)
    I2C1_Handler                             0x00000279   Thumb Code     2  startup_tm4c129.o(.text)
    CAN0_Handler                             0x0000027b   Thumb Code     2  startup_tm4c129.o(.text)
    CAN1_Handler                             0x0000027d   Thumb Code     2  startup_tm4c129.o(.text)
    ETH_Handler                              0x0000027f   Thumb Code     2  startup_tm4c129.o(.text)
    HIB_Handler                              0x00000281   Thumb Code     2  startup_tm4c129.o(.text)
    USB0_Handler                             0x00000283   Thumb Code     2  startup_tm4c129.o(.text)
    PWM0_3_Handler                           0x00000285   Thumb Code     2  startup_tm4c129.o(.text)
    UDMA_Handler                             0x00000287   Thumb Code     2  startup_tm4c129.o(.text)
    UDMAERR_Handler                          0x00000289   Thumb Code     2  startup_tm4c129.o(.text)
    ADC1SS0_Handler                          0x0000028b   Thumb Code     2  startup_tm4c129.o(.text)
    ADC1SS1_Handler                          0x0000028d   Thumb Code     2  startup_tm4c129.o(.text)
    ADC1SS2_Handler                          0x0000028f   Thumb Code     2  startup_tm4c129.o(.text)
    ADC1SS3_Handler                          0x00000291   Thumb Code     2  startup_tm4c129.o(.text)
    EBI0_Handler                             0x00000293   Thumb Code     2  startup_tm4c129.o(.text)
    GPIOJ_Handler                            0x00000295   Thumb Code     2  startup_tm4c129.o(.text)
    GPIOK_Handler                            0x00000297   Thumb Code     2  startup_tm4c129.o(.text)
    GPIOL_Handler                            0x00000299   Thumb Code     2  startup_tm4c129.o(.text)
    SSI2_Handler                             0x0000029b   Thumb Code     2  startup_tm4c129.o(.text)
    SSI3_Handler                             0x0000029d   Thumb Code     2  startup_tm4c129.o(.text)
    UART3_Handler                            0x0000029f   Thumb Code     2  startup_tm4c129.o(.text)
    UART4_Handler                            0x000002a1   Thumb Code     2  startup_tm4c129.o(.text)
    UART5_Handler                            0x000002a3   Thumb Code     2  startup_tm4c129.o(.text)
    UART6_Handler                            0x000002a5   Thumb Code     2  startup_tm4c129.o(.text)
    UART7_Handler                            0x000002a7   Thumb Code     2  startup_tm4c129.o(.text)
    I2C2_Handler                             0x000002a9   Thumb Code     2  startup_tm4c129.o(.text)
    I2C3_Handler                             0x000002ab   Thumb Code     2  startup_tm4c129.o(.text)
    TIMER4A_Handler                          0x000002ad   Thumb Code     2  startup_tm4c129.o(.text)
    TIMER4B_Handler                          0x000002af   Thumb Code     2  startup_tm4c129.o(.text)
    TIMER5A_Handler                          0x000002b1   Thumb Code     2  startup_tm4c129.o(.text)
    TIMER5B_Handler                          0x000002b3   Thumb Code     2  startup_tm4c129.o(.text)
    WTIMER0A_Handler                         0x000002b5   Thumb Code     2  startup_tm4c129.o(.text)
    WTIMER0B_Handler                         0x000002b7   Thumb Code     2  startup_tm4c129.o(.text)
    WTIMER1A_Handler                         0x000002b9   Thumb Code     2  startup_tm4c129.o(.text)
    WTIMER1B_Handler                         0x000002bb   Thumb Code     2  startup_tm4c129.o(.text)
    WTIMER2A_Handler                         0x000002bd   Thumb Code     2  startup_tm4c129.o(.text)
    WTIMER2B_Handler                         0x000002bf   Thumb Code     2  startup_tm4c129.o(.text)
    WTIMER3A_Handler                         0x000002c1   Thumb Code     2  startup_tm4c129.o(.text)
    WTIMER3B_Handler                         0x000002c3   Thumb Code     2  startup_tm4c129.o(.text)
    WTIMER4A_Handler                         0x000002c5   Thumb Code     2  startup_tm4c129.o(.text)
    WTIMER4B_Handler                         0x000002c7   Thumb Code     2  startup_tm4c129.o(.text)
    WTIMER5A_Handler                         0x000002c9   Thumb Code     2  startup_tm4c129.o(.text)
    WTIMER5B_Handler                         0x000002cb   Thumb Code     2  startup_tm4c129.o(.text)
    FPU_Handler                              0x000002cd   Thumb Code     2  startup_tm4c129.o(.text)
    I2C4_Handler                             0x000002cf   Thumb Code     2  startup_tm4c129.o(.text)
    I2C5_Handler                             0x000002d1   Thumb Code     2  startup_tm4c129.o(.text)
    GPIOM_Handler                            0x000002d3   Thumb Code     2  startup_tm4c129.o(.text)
    GPION_Handler                            0x000002d5   Thumb Code     2  startup_tm4c129.o(.text)
    TAMPER_Handler                           0x000002d7   Thumb Code     2  startup_tm4c129.o(.text)
    GPIOP0_Handler                           0x000002d9   Thumb Code     2  startup_tm4c129.o(.text)
    GPIOP1_Handler                           0x000002db   Thumb Code     2  startup_tm4c129.o(.text)
    GPIOP2_Handler                           0x000002dd   Thumb Code     2  startup_tm4c129.o(.text)
    GPIOP3_Handler                           0x000002df   Thumb Code     2  startup_tm4c129.o(.text)
    GPIOP4_Handler                           0x000002e1   Thumb Code     2  startup_tm4c129.o(.text)
    GPIOP5_Handler                           0x000002e3   Thumb Code     2  startup_tm4c129.o(.text)
    GPIOP6_Handler                           0x000002e5   Thumb Code     2  startup_tm4c129.o(.text)
    GPIOP7_Handler                           0x000002e7   Thumb Code     2  startup_tm4c129.o(.text)
    GPIOQ0_Handler                           0x000002e9   Thumb Code     2  startup_tm4c129.o(.text)
    GPIOQ1_Handler                           0x000002eb   Thumb Code     2  startup_tm4c129.o(.text)
    GPIOQ2_Handler                           0x000002ed   Thumb Code     2  startup_tm4c129.o(.text)
    GPIOQ3_Handler                           0x000002ef   Thumb Code     2  startup_tm4c129.o(.text)
    GPIOQ4_Handler                           0x000002f1   Thumb Code     2  startup_tm4c129.o(.text)
    GPIOQ5_Handler                           0x000002f3   Thumb Code     2  startup_tm4c129.o(.text)
    GPIOQ6_Handler                           0x000002f5   Thumb Code     2  startup_tm4c129.o(.text)
    GPIOQ7_Handler                           0x000002f7   Thumb Code     2  startup_tm4c129.o(.text)
    GPIOR_Handler                            0x000002f9   Thumb Code     2  startup_tm4c129.o(.text)
    GPIOS_Handler                            0x000002fb   Thumb Code     2  startup_tm4c129.o(.text)
    SHAMD5_Handler                           0x000002fd   Thumb Code     2  startup_tm4c129.o(.text)
    AES_Handler                              0x000002ff   Thumb Code     2  startup_tm4c129.o(.text)
    DES3DES_Handler                          0x00000301   Thumb Code     2  startup_tm4c129.o(.text)
    LCDCONTROLLER_Handler                    0x00000303   Thumb Code     2  startup_tm4c129.o(.text)
    TIMER6A_Handler                          0x00000305   Thumb Code     2  startup_tm4c129.o(.text)
    TIMER6B_Handler                          0x00000307   Thumb Code     2  startup_tm4c129.o(.text)
    TIMER7A_Handler                          0x00000309   Thumb Code     2  startup_tm4c129.o(.text)
    TIMER7B_Handler                          0x0000030b   Thumb Code     2  startup_tm4c129.o(.text)
    I2C6_Handler                             0x0000030d   Thumb Code     2  startup_tm4c129.o(.text)
    I2C7_Handler                             0x0000030f   Thumb Code     2  startup_tm4c129.o(.text)
    HIMSCANKEYBOARD_Handler                  0x00000311   Thumb Code     2  startup_tm4c129.o(.text)
    ONEWIRE_Handler                          0x00000313   Thumb Code     2  startup_tm4c129.o(.text)
    HIMPS2_Handler                           0x00000315   Thumb Code     2  startup_tm4c129.o(.text)
    HIMLEDSEQUENCER_Handler                  0x00000317   Thumb Code     2  startup_tm4c129.o(.text)
    HIMCONSUMERIR_Handler                    0x00000319   Thumb Code     2  startup_tm4c129.o(.text)
    I2C8_Handler                             0x0000031b   Thumb Code     2  startup_tm4c129.o(.text)
    I2C9_Handler                             0x0000031d   Thumb Code     2  startup_tm4c129.o(.text)
    GPIOT_Handler                            0x0000031f   Thumb Code     2  startup_tm4c129.o(.text)
    __aeabi_dmul                             0x00000329   Thumb Code   228  dmul.o(.text)
    __aeabi_ddiv                             0x0000040d   Thumb Code   222  ddiv.o(.text)
    __aeabi_ui2d                             0x000004eb   Thumb Code    26  dfltui.o(.text)
    __aeabi_d2uiz                            0x00000505   Thumb Code    50  dfixui.o(.text)
    __aeabi_f2d                              0x00000537   Thumb Code    38  f2d.o(.text)
    __aeabi_d2f                              0x0000055d   Thumb Code    56  d2f.o(.text)
    __aeabi_uidiv                            0x00000595   Thumb Code     0  uidiv.o(.text)
    __aeabi_uidivmod                         0x00000595   Thumb Code    44  uidiv.o(.text)
    __aeabi_uldivmod                         0x000005c1   Thumb Code    98  uldiv.o(.text)
    __aeabi_llsr                             0x00000623   Thumb Code    32  llushr.o(.text)
    _ll_ushift_r                             0x00000623   Thumb Code     0  llushr.o(.text)
    __I$use$fp                               0x00000643   Thumb Code     0  iusefp.o(.text)
    _float_round                             0x00000643   Thumb Code    18  fepilogue.o(.text)
    _float_epilogue                          0x00000655   Thumb Code    92  fepilogue.o(.text)
    _double_round                            0x000006b1   Thumb Code    30  depilogue.o(.text)
    _double_epilogue                         0x000006cf   Thumb Code   156  depilogue.o(.text)
    __aeabi_dadd                             0x0000076b   Thumb Code   322  dadd.o(.text)
    __aeabi_dsub                             0x000008ad   Thumb Code     6  dadd.o(.text)
    __aeabi_drsub                            0x000008b3   Thumb Code     6  dadd.o(.text)
    __aeabi_d2ulz                            0x000008b9   Thumb Code    48  dfixul.o(.text)
    __aeabi_cdrcmple                         0x000008e9   Thumb Code    48  cdrcmple.o(.text)
    __scatterload                            0x00000919   Thumb Code    28  init.o(.text)
    __scatterload_rt2                        0x00000919   Thumb Code     0  init.o(.text)
    __aeabi_llsl                             0x0000093d   Thumb Code    30  llshl.o(.text)
    _ll_shift_l                              0x0000093d   Thumb Code     0  llshl.o(.text)
    __aeabi_lasr                             0x0000095b   Thumb Code    36  llsshr.o(.text)
    _ll_sshift_r                             0x0000095b   Thumb Code     0  llsshr.o(.text)
    __decompress                             0x0000097f   Thumb Code     0  __dczerorl.o(.text)
    __decompress0                            0x0000097f   Thumb Code    58  __dczerorl.o(.text)
    SetupADC                                 0x000009b9   Thumb Code    92  main.o(.text.SetupADC)
    SetupLEDs                                0x00000a15   Thumb Code   130  main.o(.text.SetupLEDs)
    SetupPWM                                 0x00000a99   Thumb Code   152  main.o(.text.SetupPWM)
    SetupTimer                               0x00000b31   Thumb Code   126  main.o(.text.SetupTimer)
    SetupUart                                0x00000bb1   Thumb Code   154  main.o(.text.SetupUart)
    SystemInit                               0x00000c4d   Thumb Code    36  system_tm4c129.o(.text.SystemInit)
    Timer0IntHandler                         0x00000c71   Thumb Code   392  main.o(.text.Timer0IntHandler)
    UARTIntHandler                           0x00000df9   Thumb Code    36  main.o(.text.UARTIntHandler)
    UARTSend                                 0x00000e1d   Thumb Code    42  main.o(.text.UARTSend)
    UpdateLEDs                               0x00000e49   Thumb Code   246  main.o(.text.UpdateLEDs)
    main                                     0x00000f41   Thumb Code    62  main.o(.text.main)
    ADCIntClear                              0x00000f7f   Thumb Code    10  adc.o(i.ADCIntClear)
    ADCIntStatus                             0x00000f89   Thumb Code    52  adc.o(i.ADCIntStatus)
    ADCProcessorTrigger                      0x00000fbd   Thumb Code    26  adc.o(i.ADCProcessorTrigger)
    ADCSequenceConfigure                     0x00000fd7   Thumb Code    96  adc.o(i.ADCSequenceConfigure)
    ADCSequenceDataGet                       0x00001037   Thumb Code    36  adc.o(i.ADCSequenceDataGet)
    ADCSequenceEnable                        0x0000105b   Thumb Code    14  adc.o(i.ADCSequenceEnable)
    ADCSequenceStepConfigure                 0x00001069   Thumb Code   154  adc.o(i.ADCSequenceStepConfigure)
    GPIODirModeSet                           0x00001103   Thumb Code    40  gpio.o(i.GPIODirModeSet)
    GPIOPadConfigSet                         0x0000112d   Thumb Code   354  gpio.o(i.GPIOPadConfigSet)
    GPIOPinConfigure                         0x0000129d   Thumb Code    60  gpio.o(i.GPIOPinConfigure)
    GPIOPinTypeGPIOOutput                    0x000012e1   Thumb Code    28  gpio.o(i.GPIOPinTypeGPIOOutput)
    GPIOPinTypePWM                           0x000012fd   Thumb Code    28  gpio.o(i.GPIOPinTypePWM)
    GPIOPinTypeUART                          0x00001319   Thumb Code    28  gpio.o(i.GPIOPinTypeUART)
    GPIOPinWrite                             0x00001335   Thumb Code     6  gpio.o(i.GPIOPinWrite)
    IntEnable                                0x0000133d   Thumb Code    92  interrupt.o(i.IntEnable)
    IntRegister                              0x000013a1   Thumb Code    44  interrupt.o(i.IntRegister)
    PWMGenConfigure                          0x000013d5   Thumb Code    38  pwm.o(i.PWMGenConfigure)
    PWMGenEnable                             0x000013fb   Thumb Code    10  pwm.o(i.PWMGenEnable)
    PWMGenPeriodGet                          0x00001405   Thumb Code    18  pwm.o(i.PWMGenPeriodGet)
    PWMGenPeriodSet                          0x00001417   Thumb Code    18  pwm.o(i.PWMGenPeriodSet)
    PWMOutputState                           0x00001429   Thumb Code    16  pwm.o(i.PWMOutputState)
    PWMPulseWidthSet                         0x00001439   Thumb Code    32  pwm.o(i.PWMPulseWidthSet)
    SysCtlClockFreqSet                       0x00001459   Thumb Code   700  sysctl.o(i.SysCtlClockFreqSet)
    SysCtlPWMClockSet                        0x0000173d   Thumb Code    14  sysctl.o(i.SysCtlPWMClockSet)
    SysCtlPeripheralEnable                   0x00001751   Thumb Code    36  sysctl.o(i.SysCtlPeripheralEnable)
    SysCtlPeripheralReady                    0x00001779   Thumb Code    40  sysctl.o(i.SysCtlPeripheralReady)
    TimerConfigure                           0x000017a5   Thumb Code    88  timer.o(i.TimerConfigure)
    TimerEnable                              0x00001805   Thumb Code    14  timer.o(i.TimerEnable)
    TimerIntClear                            0x00001813   Thumb Code     4  timer.o(i.TimerIntClear)
    TimerIntEnable                           0x00001817   Thumb Code     8  timer.o(i.TimerIntEnable)
    TimerIntRegister                         0x00001821   Thumb Code    88  timer.o(i.TimerIntRegister)
    TimerLoadSet                             0x00001889   Thumb Code    18  timer.o(i.TimerLoadSet)
    UARTCharPut                              0x0000189b   Thumb Code    12  uart.o(i.UARTCharPut)
    UARTConfigSetExpClk                      0x000018a7   Thumb Code   110  uart.o(i.UARTConfigSetExpClk)
    UARTFIFODisable                          0x00001915   Thumb Code    10  uart.o(i.UARTFIFODisable)
    UARTIntClear                             0x0000191f   Thumb Code     4  uart.o(i.UARTIntClear)
    UARTIntEnable                            0x00001923   Thumb Code     8  uart.o(i.UARTIntEnable)
    UARTIntRegister                          0x0000192d   Thumb Code    70  uart.o(i.UARTIntRegister)
    UARTIntStatus                            0x00001985   Thumb Code    10  uart.o(i.UARTIntStatus)
    __0sprintf                               0x00001991   Thumb Code    34  printfa.o(i.__0sprintf)
    __1sprintf                               0x00001991   Thumb Code     0  printfa.o(i.__0sprintf)
    __2sprintf                               0x00001991   Thumb Code     0  printfa.o(i.__0sprintf)
    __c89sprintf                             0x00001991   Thumb Code     0  printfa.o(i.__0sprintf)
    sprintf                                  0x00001991   Thumb Code     0  printfa.o(i.__0sprintf)
    __scatterload_copy                       0x000019b9   Thumb Code    14  handlers.o(i.__scatterload_copy)
    __scatterload_null                       0x000019c7   Thumb Code     2  handlers.o(i.__scatterload_null)
    __scatterload_zeroinit                   0x000019c9   Thumb Code    14  handlers.o(i.__scatterload_zeroinit)
    Region$$Table$$Base                      0x00002954   Number         0  anon$$obj.o(Region$$Table)
    Region$$Table$$Limit                     0x00002974   Number         0  anon$$obj.o(Region$$Table)
    SystemCoreClock                          0x20000000   Data           4  system_tm4c129.o(.data.SystemCoreClock)
    SysClock                                 0x20000670   Data           4  main.o(.bss.SysClock)
    g_ui32PWMDutyCycle                       0x20000674   Data           4  main.o(.bss.g_ui32PWMDutyCycle)
    g_ui32Temperature                        0x20000678   Data           4  main.o(.bss.g_ui32Temperature)
    __initial_sp                             0x20000880   Data           0  startup_tm4c129.o(STACK)



==============================================================================

Memory Map of the image

  Image Entry point : 0x00000215

  Load Region LR_1 (Base: 0x00000000, Size: 0x0000326c, Max: 0xffffffff, ABSOLUTE, COMPRESSED[0x00002c14])

    Execution Region ER_RO (Exec base: 0x00000000, Load base: 0x00000000, Size: 0x00002974, Max: 0xffffffff, ABSOLUTE)

    Exec Addr    Load Addr    Size         Type   Attr      Idx    E Section Name        Object

    0x00000000   0x00000000   0x00000200   Data   RO           35    RESET               startup_tm4c129.o
    0x00000200   0x00000200   0x00000000   Code   RO         1890  * .ARM.Collect$$$$00000000  mc_w.l(entry.o)
    0x00000200   0x00000200   0x00000004   Code   RO         1933    .ARM.Collect$$$$00000001  mc_w.l(entry2.o)
    0x00000204   0x00000204   0x00000004   Code   RO         1936    .ARM.Collect$$$$00000004  mc_w.l(entry5.o)
    0x00000208   0x00000208   0x00000000   Code   RO         1938    .ARM.Collect$$$$00000008  mc_w.l(entry7b.o)
    0x00000208   0x00000208   0x00000000   Code   RO         1940    .ARM.Collect$$$$0000000A  mc_w.l(entry8b.o)
    0x00000208   0x00000208   0x00000008   Code   RO         1941    .ARM.Collect$$$$0000000B  mc_w.l(entry9a.o)
    0x00000210   0x00000210   0x00000000   Code   RO         1943    .ARM.Collect$$$$0000000D  mc_w.l(entry10a.o)
    0x00000210   0x00000210   0x00000000   Code   RO         1945    .ARM.Collect$$$$0000000F  mc_w.l(entry11a.o)
    0x00000210   0x00000210   0x00000004   Code   RO         1934    .ARM.Collect$$$$00002712  mc_w.l(entry2.o)
    0x00000214   0x00000214   0x00000114   Code   RO           36  * .text               startup_tm4c129.o
    0x00000328   0x00000328   0x000000e4   Code   RO         1921    .text               mf_w.l(dmul.o)
    0x0000040c   0x0000040c   0x000000de   Code   RO         1923    .text               mf_w.l(ddiv.o)
    0x000004ea   0x000004ea   0x0000001a   Code   RO         1925    .text               mf_w.l(dfltui.o)
    0x00000504   0x00000504   0x00000032   Code   RO         1927    .text               mf_w.l(dfixui.o)
    0x00000536   0x00000536   0x00000026   Code   RO         1929    .text               mf_w.l(f2d.o)
    0x0000055c   0x0000055c   0x00000038   Code   RO         1931    .text               mf_w.l(d2f.o)
    0x00000594   0x00000594   0x0000002c   Code   RO         1961    .text               mc_w.l(uidiv.o)
    0x000005c0   0x000005c0   0x00000062   Code   RO         1963    .text               mc_w.l(uldiv.o)
    0x00000622   0x00000622   0x00000020   Code   RO         1965    .text               mc_w.l(llushr.o)
    0x00000642   0x00000642   0x00000000   Code   RO         1967    .text               mc_w.l(iusefp.o)
    0x00000642   0x00000642   0x0000006e   Code   RO         1968    .text               mf_w.l(fepilogue.o)
    0x000006b0   0x000006b0   0x000000ba   Code   RO         1970    .text               mf_w.l(depilogue.o)
    0x0000076a   0x0000076a   0x0000014e   Code   RO         1972    .text               mf_w.l(dadd.o)
    0x000008b8   0x000008b8   0x00000030   Code   RO         1974    .text               mf_w.l(dfixul.o)
    0x000008e8   0x000008e8   0x00000030   Code   RO         1976    .text               mf_w.l(cdrcmple.o)
    0x00000918   0x00000918   0x00000024   Code   RO         1978    .text               mc_w.l(init.o)
    0x0000093c   0x0000093c   0x0000001e   Code   RO         1981    .text               mc_w.l(llshl.o)
    0x0000095a   0x0000095a   0x00000024   Code   RO         1983    .text               mc_w.l(llsshr.o)
    0x0000097e   0x0000097e   0x0000003a   Code   RO         1994    .text               mc_w.l(__dczerorl.o)
    0x000009b8   0x000009b8   0x0000005c   Code   RO            8    .text.SetupADC      main.o
    0x00000a14   0x00000a14   0x00000082   Code   RO           12    .text.SetupLEDs     main.o
    0x00000a96   0x00000a96   0x00000002   PAD
    0x00000a98   0x00000a98   0x00000098   Code   RO           10    .text.SetupPWM      main.o
    0x00000b30   0x00000b30   0x0000007e   Code   RO            6    .text.SetupTimer    main.o
    0x00000bae   0x00000bae   0x00000002   PAD
    0x00000bb0   0x00000bb0   0x0000009a   Code   RO            4    .text.SetupUart     main.o
    0x00000c4a   0x00000c4a   0x00000002   PAD
    0x00000c4c   0x00000c4c   0x00000024   Code   RO           45    .text.SystemInit    system_tm4c129.o
    0x00000c70   0x00000c70   0x00000188   Code   RO           14    .text.Timer0IntHandler  main.o
    0x00000df8   0x00000df8   0x00000024   Code   RO           20    .text.UARTIntHandler  main.o
    0x00000e1c   0x00000e1c   0x0000002a   Code   RO           18    .text.UARTSend      main.o
    0x00000e46   0x00000e46   0x00000002   PAD
    0x00000e48   0x00000e48   0x000000f6   Code   RO           16    .text.UpdateLEDs    main.o
    0x00000f3e   0x00000f3e   0x00000002   PAD
    0x00000f40   0x00000f40   0x0000003e   Code   RO            2    .text.main          main.o
    0x00000f7e   0x00000f7e   0x0000000a   Code   RO           65    i.ADCIntClear       driverlib.lib(adc.o)
    0x00000f88   0x00000f88   0x00000034   Code   RO           72    i.ADCIntStatus      driverlib.lib(adc.o)
    0x00000fbc   0x00000fbc   0x0000001a   Code   RO           77    i.ADCProcessorTrigger  driverlib.lib(adc.o)
    0x00000fd6   0x00000fd6   0x00000060   Code   RO           80    i.ADCSequenceConfigure  driverlib.lib(adc.o)
    0x00001036   0x00001036   0x00000024   Code   RO           83    i.ADCSequenceDataGet  driverlib.lib(adc.o)
    0x0000105a   0x0000105a   0x0000000e   Code   RO           85    i.ADCSequenceEnable  driverlib.lib(adc.o)
    0x00001068   0x00001068   0x0000009a   Code   RO           88    i.ADCSequenceStepConfigure  driverlib.lib(adc.o)
    0x00001102   0x00001102   0x00000028   Code   RO          338    i.GPIODirModeSet    driverlib.lib(gpio.o)
    0x0000112a   0x0000112a   0x00000002   PAD
    0x0000112c   0x0000112c   0x00000170   Code   RO          350    i.GPIOPadConfigSet  driverlib.lib(gpio.o)
    0x0000129c   0x0000129c   0x00000044   Code   RO          351    i.GPIOPinConfigure  driverlib.lib(gpio.o)
    0x000012e0   0x000012e0   0x0000001c   Code   RO          362    i.GPIOPinTypeGPIOOutput  driverlib.lib(gpio.o)
    0x000012fc   0x000012fc   0x0000001c   Code   RO          369    i.GPIOPinTypePWM    driverlib.lib(gpio.o)
    0x00001318   0x00001318   0x0000001c   Code   RO          374    i.GPIOPinTypeUART   driverlib.lib(gpio.o)
    0x00001334   0x00001334   0x00000006   Code   RO          380    i.GPIOPinWrite      driverlib.lib(gpio.o)
    0x0000133a   0x0000133a   0x00000002   PAD
    0x0000133c   0x0000133c   0x00000064   Code   RO         1781    i.IntEnable         driverlib.lib(interrupt.o)
    0x000013a0   0x000013a0   0x00000034   Code   RO         1793    i.IntRegister       driverlib.lib(interrupt.o)
    0x000013d4   0x000013d4   0x00000026   Code   RO          654    i.PWMGenConfigure   driverlib.lib(pwm.o)
    0x000013fa   0x000013fa   0x0000000a   Code   RO          656    i.PWMGenEnable      driverlib.lib(pwm.o)
    0x00001404   0x00001404   0x00000012   Code   RO          668    i.PWMGenPeriodGet   driverlib.lib(pwm.o)
    0x00001416   0x00001416   0x00000012   Code   RO          669    i.PWMGenPeriodSet   driverlib.lib(pwm.o)
    0x00001428   0x00001428   0x00000010   Code   RO          676    i.PWMOutputState    driverlib.lib(pwm.o)
    0x00001438   0x00001438   0x00000020   Code   RO          679    i.PWMPulseWidthSet  driverlib.lib(pwm.o)
    0x00001458   0x00001458   0x000002e4   Code   RO          881    i.SysCtlClockFreqSet  driverlib.lib(sysctl.o)
    0x0000173c   0x0000173c   0x00000014   Code   RO          908    i.SysCtlPWMClockSet  driverlib.lib(sysctl.o)
    0x00001750   0x00001750   0x00000028   Code   RO          913    i.SysCtlPeripheralEnable  driverlib.lib(sysctl.o)
    0x00001778   0x00001778   0x0000002c   Code   RO          917    i.SysCtlPeripheralReady  driverlib.lib(sysctl.o)
    0x000017a4   0x000017a4   0x00000060   Code   RO         1237    i.TimerConfigure    driverlib.lib(timer.o)
    0x00001804   0x00001804   0x0000000e   Code   RO         1246    i.TimerEnable       driverlib.lib(timer.o)
    0x00001812   0x00001812   0x00000004   Code   RO         1247    i.TimerIntClear     driverlib.lib(timer.o)
    0x00001816   0x00001816   0x00000008   Code   RO         1249    i.TimerIntEnable    driverlib.lib(timer.o)
    0x0000181e   0x0000181e   0x00000002   PAD
    0x00001820   0x00001820   0x00000068   Code   RO         1250    i.TimerIntRegister  driverlib.lib(timer.o)
    0x00001888   0x00001888   0x00000012   Code   RO         1255    i.TimerLoadSet      driverlib.lib(timer.o)
    0x0000189a   0x0000189a   0x0000000c   Code   RO         1483    i.UARTCharPut       driverlib.lib(uart.o)
    0x000018a6   0x000018a6   0x0000006e   Code   RO         1489    i.UARTConfigSetExpClk  driverlib.lib(uart.o)
    0x00001914   0x00001914   0x0000000a   Code   RO         1496    i.UARTFIFODisable   driverlib.lib(uart.o)
    0x0000191e   0x0000191e   0x00000004   Code   RO         1502    i.UARTIntClear      driverlib.lib(uart.o)
    0x00001922   0x00001922   0x00000008   Code   RO         1504    i.UARTIntEnable     driverlib.lib(uart.o)
    0x0000192a   0x0000192a   0x00000002   PAD
    0x0000192c   0x0000192c   0x00000058   Code   RO         1505    i.UARTIntRegister   driverlib.lib(uart.o)
    0x00001984   0x00001984   0x0000000a   Code   RO         1506    i.UARTIntStatus     driverlib.lib(uart.o)
    0x0000198e   0x0000198e   0x00000002   PAD
    0x00001990   0x00001990   0x00000028   Code   RO         1896    i.__0sprintf        mc_w.l(printfa.o)
    0x000019b8   0x000019b8   0x0000000e   Code   RO         1988    i.__scatterload_copy  mc_w.l(handlers.o)
    0x000019c6   0x000019c6   0x00000002   Code   RO         1989    i.__scatterload_null  mc_w.l(handlers.o)
    0x000019c8   0x000019c8   0x0000000e   Code   RO         1990    i.__scatterload_zeroinit  mc_w.l(handlers.o)
    0x000019d6   0x000019d6   0x00000002   PAD
    0x000019d8   0x000019d8   0x00000184   Code   RO         1901    i._fp_digits        mc_w.l(printfa.o)
    0x00001b5c   0x00001b5c   0x000006dc   Code   RO         1902    i._printf_core      mc_w.l(printfa.o)
    0x00002238   0x00002238   0x00000024   Code   RO         1903    i._printf_post_padding  mc_w.l(printfa.o)
    0x0000225c   0x0000225c   0x0000002e   Code   RO         1904    i._printf_pre_padding  mc_w.l(printfa.o)
    0x0000228a   0x0000228a   0x0000000a   Code   RO         1906    i._sputc            mc_w.l(printfa.o)
    0x00002294   0x00002294   0x00000228   Data   RO          383    .constdata          driverlib.lib(gpio.o)
    0x000024bc   0x000024bc   0x00000254   Data   RO          935    .constdata          driverlib.lib(sysctl.o)
    0x00002710   0x00002710   0x000000a0   Data   RO         1271    .constdata          driverlib.lib(timer.o)
    0x000027b0   0x000027b0   0x00000080   Data   RO         1522    .constdata          driverlib.lib(uart.o)
    0x00002830   0x00002830   0x0000010c   Data   RO         1797    .constdata          driverlib.lib(interrupt.o)
    0x0000293c   0x0000293c   0x00000018   Data   RO           25    .rodata.str1.1      main.o
    0x00002954   0x00002954   0x00000020   Data   RO         1987    Region$$Table       anon$$obj.o


    Execution Region ER_RW (Exec base: 0x20000000, Load base: 0x00002c00, Size: 0x0000066c, Max: 0xffffffff, ABSOLUTE, COMPRESSED[0x00000014])

    Exec Addr    Load Addr    Size         Type   Attr      Idx    E Section Name        Object

    0x20000000   COMPRESSED   0x00000004   Data   RW           47    .data.SystemCoreClock  system_tm4c129.o
    0x20000004   COMPRESSED   0x000003fc   PAD
    0x20000400   COMPRESSED   0x0000026c   Data   RW         1798    vtable              driverlib.lib(interrupt.o)


    Execution Region ER_ZI (Exec base: 0x20000670, Load base: 0x00002c14, Size: 0x00000210, Max: 0xffffffff, ABSOLUTE)

    Exec Addr    Load Addr    Size         Type   Attr      Idx    E Section Name        Object

    0x20000670        -       0x00000004   Zero   RW           24    .bss.SysClock       main.o
    0x20000674        -       0x00000004   Zero   RW           22    .bss.g_ui32PWMDutyCycle  main.o
    0x20000678        -       0x00000004   Zero   RW           23    .bss.g_ui32Temperature  main.o
    0x2000067c   0x00002c14   0x00000004   PAD
    0x20000680        -       0x00000200   Zero   RW           33    STACK               startup_tm4c129.o


==============================================================================

Image component sizes


      Code (inc. data)   RO Data    RW Data    ZI Data      Debug   Object Name

      1432         24         24          0         12       2323   main.o
       276          8        512          0        512       6024   startup_tm4c129.o
        36          0          0          4          0       1514   system_tm4c129.o

    ----------------------------------------------------------------------
      1754         32        568       1024        528       9861   Object Totals
         0          0         32          0          0          0   (incl. Generated)
        10          0          0       1020          4          0   (incl. Padding)

    ----------------------------------------------------------------------

      Code (inc. data)   RO Data    RW Data    ZI Data      Debug   Library Member Name

       388          0          0          0          0       9638   adc.o
       566         22        552          0          0       5165   gpio.o
       152         16        268        620          0       2150   interrupt.o
       132          0          0          0          0       3169   pwm.o
       844         54        596          0          0       4974   sysctl.o
       244         24        160          0          0       4358   timer.o
       242         18        128          0          0       4936   uart.o
        58          0          0          0          0          0   __dczerorl.o
         0          0          0          0          0          0   entry.o
         0          0          0          0          0          0   entry10a.o
         0          0          0          0          0          0   entry11a.o
         8          4          0          0          0          0   entry2.o
         4          0          0          0          0          0   entry5.o
         0          0          0          0          0          0   entry7b.o
         0          0          0          0          0          0   entry8b.o
         8          4          0          0          0          0   entry9a.o
        30          0          0          0          0          0   handlers.o
        36          8          0          0          0         68   init.o
         0          0          0          0          0          0   iusefp.o
        30          0          0          0          0         68   llshl.o
        36          0          0          0          0         68   llsshr.o
        32          0          0          0          0         68   llushr.o
      2276         86          0          0          0        520   printfa.o
        44          0          0          0          0         80   uidiv.o
        98          0          0          0          0         92   uldiv.o
        48          0          0          0          0         68   cdrcmple.o
        56          0          0          0          0         88   d2f.o
       334          0          0          0          0        148   dadd.o
       222          0          0          0          0        100   ddiv.o
       186          0          0          0          0        176   depilogue.o
        50          0          0          0          0         76   dfixui.o
        48          0          0          0          0         68   dfixul.o
        26          0          0          0          0         76   dfltui.o
       228          0          0          0          0         96   dmul.o
        38          0          0          0          0         68   f2d.o
       110          0          0          0          0        168   fepilogue.o

    ----------------------------------------------------------------------
      6586        236       1704        620          0      36486   Library Totals
        12          0          0          0          0          0   (incl. Padding)

    ----------------------------------------------------------------------

      Code (inc. data)   RO Data    RW Data    ZI Data      Debug   Library Name

      2568        134       1704        620          0      34390   driverlib.lib
      2660        102          0          0          0        964   mc_w.l
      1346          0          0          0          0       1132   mf_w.l

    ----------------------------------------------------------------------
      6586        236       1704        620          0      36486   Library Totals

    ----------------------------------------------------------------------

==============================================================================


      Code (inc. data)   RO Data    RW Data    ZI Data      Debug   

      8340        268       2272       1644        528      42171   Grand Totals
      8340        268       2272         20        528      42171   ELF Image Totals (compressed)
      8340        268       2272         20          0          0   ROM Totals

==============================================================================

    Total RO  Size (Code + RO Data)                10612 (  10.36kB)
    Total RW  Size (RW Data + ZI Data)              2172 (   2.12kB)
    Total ROM Size (Code + RO Data + RW Data)      10632 (  10.38kB)

==============================================================================

