Component: Arm Compiler for Embedded 6.21 Tool: armlink [5ec1fa00]

==============================================================================

Section Cross References

    main.o(.text.SetupUart) refers to sysctl.o(i.SysCtlPeripheralEnable) for SysCtlPeripheralEnable
    main.o(.text.SetupUart) refers to sysctl.o(i.SysCtlPeripheralReady) for SysCtlPeripheralReady
    main.o(.text.SetupUart) refers to main.o(.bss.SysClock) for SysClock
    main.o(.text.SetupUart) refers to uart.o(i.UARTConfigSetExpClk) for UARTConfigSetExpClk
    main.o(.text.SetupUart) refers to uart.o(i.UARTFIFODisable) for UARTFIFODisable
    main.o(.text.SetupUart) refers to gpio.o(i.GPIOPinConfigure) for GPIOPinConfigure
    main.o(.text.SetupUart) refers to gpio.o(i.GPIOPinTypeUART) for GPIOPinTypeUART
    main.o(.ARM.exidx.text.SetupUart) refers to main.o(.text.SetupUart) for [Anonymous Symbol]
    main.o(.text.UARTSend) refers to uart.o(i.UARTCharPut) for UARTCharPut
    main.o(.ARM.exidx.text.UARTSend) refers to main.o(.text.UARTSend) for [Anonymous Symbol]
    main.o(.text.SetupADC) refers to sysctl.o(i.SysCtlPeripheralEnable) for SysCtlPeripheralEnable
    main.o(.text.SetupADC) refers to sysctl.o(i.SysCtlPeripheralReady) for SysCtlPeripheralReady
    main.o(.text.SetupADC) refers to gpio.o(i.GPIOPinTypeADC) for GPIOPinTypeADC
    main.o(.text.SetupADC) refers to adc.o(i.ADCSequenceConfigure) for ADCSequenceConfigure
    main.o(.text.SetupADC) refers to adc.o(i.ADCSequenceStepConfigure) for ADCSequenceStepConfigure
    main.o(.text.SetupADC) refers to adc.o(i.ADCSequenceEnable) for ADCSequenceEnable
    main.o(.text.SetupADC) refers to adc.o(i.ADCIntClear) for ADCIntClear
    main.o(.ARM.exidx.text.SetupADC) refers to main.o(.text.SetupADC) for [Anonymous Symbol]
    main.o(.text.Thread_ReadSensor) refers to adc.o(i.ADCProcessorTrigger) for ADCProcessorTrigger
    main.o(.text.Thread_ReadSensor) refers to adc.o(i.ADCIntStatus) for ADCIntStatus
    main.o(.text.Thread_ReadSensor) refers to adc.o(i.ADCIntClear) for ADCIntClear
    main.o(.text.Thread_ReadSensor) refers to adc.o(i.ADCSequenceDataGet) for ADCSequenceDataGet
    main.o(.text.Thread_ReadSensor) refers to main.o(.bss.sensorMutex) for sensorMutex
    main.o(.text.Thread_ReadSensor) refers to rtx_mutex.o(.text.osMutexAcquire) for osMutexAcquire
    main.o(.text.Thread_ReadSensor) refers to main.o(.bss.readingIndex) for readingIndex
    main.o(.text.Thread_ReadSensor) refers to main.o(.bss.sensorReadings) for sensorReadings
    main.o(.text.Thread_ReadSensor) refers to rtx_mutex.o(.text.osMutexRelease) for osMutexRelease
    main.o(.text.Thread_ReadSensor) refers to rtx_delay.o(.text.osDelay) for osDelay
    main.o(.ARM.exidx.text.Thread_ReadSensor) refers to main.o(.text.Thread_ReadSensor) for [Anonymous Symbol]
    main.o(.text.Thread_Average) refers to main.o(.bss.sensorMutex) for sensorMutex
    main.o(.text.Thread_Average) refers to rtx_mutex.o(.text.osMutexAcquire) for osMutexAcquire
    main.o(.text.Thread_Average) refers to main.o(.bss.sensorReadings) for sensorReadings
    main.o(.text.Thread_Average) refers to main.o(.rodata.str1.1) for .L.str
    main.o(.text.Thread_Average) refers to printfa.o(i.__0sprintf) for sprintf
    main.o(.text.Thread_Average) refers to main.o(.text.UARTSend) for UARTSend
    main.o(.text.Thread_Average) refers to rtx_mutex.o(.text.osMutexRelease) for osMutexRelease
    main.o(.text.Thread_Average) refers to main.o(.bss.queueAverageResult) for queueAverageResult
    main.o(.text.Thread_Average) refers to rtx_msgqueue.o(.text.osMessageQueuePut) for osMessageQueuePut
    main.o(.text.Thread_Average) refers to rtx_delay.o(.text.osDelay) for osDelay
    main.o(.ARM.exidx.text.Thread_Average) refers to main.o(.text.Thread_Average) for [Anonymous Symbol]
    main.o(.text.Thread_UARTWrite) refers to main.o(.bss.queueAverageResult) for queueAverageResult
    main.o(.text.Thread_UARTWrite) refers to rtx_msgqueue.o(.text.osMessageQueueGet) for osMessageQueueGet
    main.o(.text.Thread_UARTWrite) refers to main.o(.rodata.str1.1) for .L.str.1
    main.o(.text.Thread_UARTWrite) refers to printfa.o(i.__0snprintf) for snprintf
    main.o(.text.Thread_UARTWrite) refers to uart.o(i.UARTCharPutNonBlocking) for UARTCharPutNonBlocking
    main.o(.ARM.exidx.text.Thread_UARTWrite) refers to main.o(.text.Thread_UARTWrite) for [Anonymous Symbol]
    main.o(.text.main) refers to sysctl.o(i.SysCtlClockFreqSet) for SysCtlClockFreqSet
    main.o(.text.main) refers to main.o(.bss.SysClock) for SysClock
    main.o(.text.main) refers to main.o(.text.SetupUart) for SetupUart
    main.o(.text.main) refers to main.o(.text.SetupADC) for SetupADC
    main.o(.text.main) refers to rtx_kernel.o(.text.osKernelInitialize) for osKernelInitialize
    main.o(.text.main) refers to rtx_mutex.o(.text.osMutexNew) for osMutexNew
    main.o(.text.main) refers to main.o(.bss.sensorMutex) for sensorMutex
[...]
    osRtxThreadBlock                         0x000025c9   Thumb Code   136  rtx_thread.o(.text.osRtxThreadBlock)
    [Anonymous Symbol]                       0x000025c8   Section        0  rtx_thread.o(.text.osRtxThreadBlock)
    osRtxThreadDelayInsert                   0x00002651   Thumb Code   250  rtx_thread.o(.text.osRtxThreadDelayInsert)
    [Anonymous Symbol]                       0x00002650   Section        0  rtx_thread.o(.text.osRtxThreadDelayInsert)
    [Anonymous Symbol]                       0x0000274c   Section        0  rtx_thread.o(.text.osRtxThreadDelayRemove)
    [Anonymous Symbol]                       0x000027e8   Section        0  rtx_thread.o(.text.osRtxThreadDelayTick)
    [Anonymous Symbol]                       0x00002938   Section        0  rtx_thread.o(.text.osRtxThreadDestroy)
    [Anonymous Symbol]                       0x00002998   Section        0  rtx_thread.o(.text.osRtxThreadDispatch)
    osRtxThreadFree                          0x00002a31   Thumb Code   162  rtx_thread.o(.text.osRtxThreadFree)
    [Anonymous Symbol]                       0x00002a30   Section        0  rtx_thread.o(.text.osRtxThreadFree)
    osRtxThreadGetRunning                    0x00002ad5   Thumb Code    12  rtx_msgqueue.o(.text.osRtxThreadGetRunning)
    [Anonymous Symbol]                       0x00002ad4   Section        0  rtx_msgqueue.o(.text.osRtxThreadGetRunning)
    osRtxThreadGetRunning                    0x00002ae1   Thumb Code    12  rtx_mutex.o(.text.osRtxThreadGetRunning)
    [Anonymous Symbol]                       0x00002ae0   Section        0  rtx_mutex.o(.text.osRtxThreadGetRunning)
    osRtxThreadGetRunning                    0x00002aed   Thumb Code    12  rtx_thread.o(.text.osRtxThreadGetRunning)
    [Anonymous Symbol]                       0x00002aec   Section        0  rtx_thread.o(.text.osRtxThreadGetRunning)
    osRtxThreadGetRunning                    0x00002af9   Thumb Code    12  rtx_timer.o(.text.osRtxThreadGetRunning)
    [Anonymous Symbol]                       0x00002af8   Section        0  rtx_timer.o(.text.osRtxThreadGetRunning)
    osRtxThreadId                            0x00002b05   Thumb Code    10  rtx_thread.o(.text.osRtxThreadId)
    [Anonymous Symbol]                       0x00002b04   Section        0  rtx_thread.o(.text.osRtxThreadId)
    [Anonymous Symbol]                       0x00002b10   Section        0  rtx_thread.o(.text.osRtxThreadJoinWakeup)
    [Anonymous Symbol]                       0x00002b4c   Section        0  rtx_thread.o(.text.osRtxThreadListGet)
    [Anonymous Symbol]                       0x00002b84   Section        0  rtx_thread.o(.text.osRtxThreadListPut)
    [Anonymous Symbol]                       0x00002bfc   Section        0  rtx_thread.o(.text.osRtxThreadListRemove)
    osRtxThreadListRoot                      0x00002c31   Thumb Code    34  rtx_thread.o(.text.osRtxThreadListRoot)
    [Anonymous Symbol]                       0x00002c30   Section        0  rtx_thread.o(.text.osRtxThreadListRoot)
    [Anonymous Symbol]                       0x00002c54   Section        0  rtx_thread.o(.text.osRtxThreadListSort)
    osRtxThreadObject                        0x00002cad   Thumb Code    10  rtx_system.o(.text.osRtxThreadObject)
    [Anonymous Symbol]                       0x00002cac   Section        0  rtx_system.o(.text.osRtxThreadObject)
    osRtxThreadObject                        0x00002cb9   Thumb Code    10  rtx_thread.o(.text.osRtxThreadObject)
    [Anonymous Symbol]                       0x00002cb8   Section        0  rtx_thread.o(.text.osRtxThreadObject)
    osRtxThreadPostProcess                   0x00002cc5   Thumb Code    68  rtx_thread.o(.text.osRtxThreadPostProcess)
    [Anonymous Symbol]                       0x00002cc4   Section        0  rtx_thread.o(.text.osRtxThreadPostProcess)
    [Anonymous Symbol]                       0x00002d08   Section        0  rtx_thread.o(.text.osRtxThreadReadyPut)
    [Anonymous Symbol]                       0x00002d28   Section        0  rtx_thread.o(.text.osRtxThreadRegPtr)
    osRtxThreadSetRunning                    0x00002d4d   Thumb Code    20  rtx_thread.o(.text.osRtxThreadSetRunning)
    [Anonymous Symbol]                       0x00002d4c   Section        0  rtx_thread.o(.text.osRtxThreadSetRunning)
    osRtxThreadSetRunning                    0x00002d61   Thumb Code    20  rtx_timer.o(.text.osRtxThreadSetRunning)
    [Anonymous Symbol]                       0x00002d60   Section        0  rtx_timer.o(.text.osRtxThreadSetRunning)
    [Anonymous Symbol]                       0x00002d74   Section        0  rtx_thread.o(.text.osRtxThreadStartup)
    [Anonymous Symbol]                       0x00002e0c   Section        0  rtx_thread.o(.text.osRtxThreadSwitch)
    [Anonymous Symbol]                       0x00002e3c   Section        0  rtx_thread.o(.text.osRtxThreadWaitEnter)
    [Anonymous Symbol]                       0x00002eb4   Section        0  rtx_thread.o(.text.osRtxThreadWaitExit)
    [Anonymous Symbol]                       0x00002efc   Section        0  rtx_system.o(.text.osRtxTick_Handler)
    [Anonymous Symbol]                       0x0000300c   Section        0  rtx_timer.o(.text.osRtxTimerSetup)
    [Anonymous Symbol]                       0x0000303c   Section        0  rtx_timer.o(.text.osRtxTimerThread)
    osRtxTimerTick                           0x00003071   Thumb Code   220  rtx_timer.o(.text.osRtxTimerTick)
    [Anonymous Symbol]                       0x00003070   Section        0  rtx_timer.o(.text.osRtxTimerTick)
    osThreadEntry                            0x0000314d   Thumb Code    16  rtx_thread.o(.text.osThreadEntry)
    [Anonymous Symbol]                       0x0000314c   Section        0  rtx_thread.o(.text.osThreadEntry)
    [Anonymous Symbol]                       0x0000315c   Section        0  rtx_thread.o(.text.osThreadExit)
    [Anonymous Symbol]                       0x00003180   Section        0  rtx_thread.o(.text.osThreadNew)
    svcRtxDelay                              0x000031f5   Thumb Code    80  rtx_delay.o(.text.svcRtxDelay)
    [Anonymous Symbol]                       0x000031f4   Section        0  rtx_delay.o(.text.svcRtxDelay)
    svcRtxKernelInitialize                   0x00003245   Thumb Code   772  rtx_kernel.o(.text.svcRtxKernelInitialize)
    [Anonymous Symbol]                       0x00003244   Section        0  rtx_kernel.o(.text.svcRtxKernelInitialize)
    svcRtxKernelStart                        0x00003549   Thumb Code   164  rtx_kernel.o(.text.svcRtxKernelStart)
    [Anonymous Symbol]                       0x00003548   Section        0  rtx_kernel.o(.text.svcRtxKernelStart)
    svcRtxMessageQueueGet                    0x000035ed   Thumb Code   360  rtx_msgqueue.o(.text.svcRtxMessageQueueGet)
    [Anonymous Symbol]                       0x000035ec   Section        0  rtx_msgqueue.o(.text.svcRtxMessageQueueGet)
    svcRtxMessageQueueNew                    0x00003755   Thumb Code   656  rtx_msgqueue.o(.text.svcRtxMessageQueueNew)
    [Anonymous Symbol]                       0x00003754   Section        0  rtx_msgqueue.o(.text.svcRtxMessageQueueNew)
    svcRtxMessageQueuePut                    0x000039e5   Thumb Code   348  rtx_msgqueue.o(.text.svcRtxMessageQueuePut)
    [Anonymous Symbol]                       0x000039e4   Section        0  rtx_msgqueue.o(.text.svcRtxMessageQueuePut)
    svcRtxMutexAcquire                       0x00003b41   Thumb Code   374  rtx_mutex.o(.text.svcRtxMutexAcquire)
    [Anonymous Symbol]                       0x00003b40   Section        0  rtx_mutex.o(.text.svcRtxMutexAcquire)
    svcRtxMutexNew                           0x00003cb9   Thumb Code   322  rtx_mutex.o(.text.svcRtxMutexNew)
    [Anonymous Symbol]                       0x00003cb8   Section        0  rtx_mutex.o(.text.svcRtxMutexNew)
    svcRtxMutexRelease                       0x00003dfd   Thumb Code   416  rtx_mutex.o(.text.svcRtxMutexRelease)
    [Anonymous Symbol]                       0x00003dfc   Section        0  rtx_mutex.o(.text.svcRtxMutexRelease)
    svcRtxThreadExit                         0x00003f9d   Thumb Code    98  rtx_thread.o(.text.svcRtxThreadExit)
    [Anonymous Symbol]                       0x00003f9c   Section        0  rtx_thread.o(.text.svcRtxThreadExit)
    svcRtxThreadNew                          0x00004001   Thumb Code  1130  rtx_thread.o(.text.svcRtxThreadNew)
    [Anonymous Symbol]                       0x00004000   Section        0  rtx_thread.o(.text.svcRtxThreadNew)
    xPSR_InitVal                             0x0000446d   Thumb Code    18  rtx_thread.o(.text.xPSR_InitVal)
    [Anonymous Symbol]                       0x0000446c   Section        0  rtx_thread.o(.text.xPSR_InitVal)
    i.ADCIntClear                            0x0000447e   Section        0  adc.o(i.ADCIntClear)
    i.ADCIntStatus                           0x00004488   Section        0  adc.o(i.ADCIntStatus)
    i.ADCProcessorTrigger                    0x000044bc   Section        0  adc.o(i.ADCProcessorTrigger)
    i.ADCSequenceConfigure                   0x000044d6   Section        0  adc.o(i.ADCSequenceConfigure)
    i.ADCSequenceDataGet                     0x00004536   Section        0  adc.o(i.ADCSequenceDataGet)
    i.ADCSequenceEnable                      0x0000455a   Section        0  adc.o(i.ADCSequenceEnable)
    i.ADCSequenceStepConfigure               0x00004568   Section        0  adc.o(i.ADCSequenceStepConfigure)
    i.GPIODirModeSet                         0x00004602   Section        0  gpio.o(i.GPIODirModeSet)
    i.GPIOPadConfigSet                       0x0000462c   Section        0  gpio.o(i.GPIOPadConfigSet)
    i.GPIOPinConfigure                       0x0000479c   Section        0  gpio.o(i.GPIOPinConfigure)
    i.GPIOPinTypeADC                         0x000047e0   Section        0  gpio.o(i.GPIOPinTypeADC)
    i.GPIOPinTypeUART                        0x000047fc   Section        0  gpio.o(i.GPIOPinTypeUART)
    i.SysCtlClockFreqSet                     0x00004818   Section        0  sysctl.o(i.SysCtlClockFreqSet)
    i.SysCtlPeripheralEnable                 0x00004afc   Section        0  sysctl.o(i.SysCtlPeripheralEnable)
    i.SysCtlPeripheralReady                  0x00004b24   Section        0  sysctl.o(i.SysCtlPeripheralReady)
    i.UARTCharPut                            0x00004b50   Section        0  uart.o(i.UARTCharPut)
    i.UARTCharPutNonBlocking                 0x00004b5c   Section        0  uart.o(i.UARTCharPutNonBlocking)
    i.UARTConfigSetExpClk                    0x00004b6c   Section        0  uart.o(i.UARTConfigSetExpClk)
    i.UARTFIFODisable                        0x00004bda   Section        0  uart.o(i.UARTFIFODisable)
    i.__0snprintf                            0x00004be4   Section        0  printfa.o(i.__0snprintf)
    i.__0sprintf                             0x00004c18   Section        0  printfa.o(i.__0sprintf)
    i.__scatterload_copy                     0x00004c40   Section       14  handlers.o(i.__scatterload_copy)
    i.__scatterload_null                     0x00004c4e   Section        2  handlers.o(i.__scatterload_null)
    i.__scatterload_zeroinit                 0x00004c50   Section       14  handlers.o(i.__scatterload_zeroinit)
    _fp_digits                               0x00004c61   Thumb Code   366  printfa.o(i._fp_digits)
    i._fp_digits                             0x00004c60   Section        0  printfa.o(i._fp_digits)
    _printf_core                             0x00004de5   Thumb Code  1744  printfa.o(i._printf_core)
    i._printf_core                           0x00004de4   Section        0  printfa.o(i._printf_core)
    _printf_post_padding                     0x000054c1   Thumb Code    36  printfa.o(i._printf_post_padding)
    i._printf_post_padding                   0x000054c0   Section        0  printfa.o(i._printf_post_padding)
    _printf_pre_padding                      0x000054e5   Thumb Code    46  printfa.o(i._printf_pre_padding)
    i._printf_pre_padding                    0x000054e4   Section        0  printfa.o(i._printf_pre_padding)
    _snputc                                  0x00005513   Thumb Code    22  printfa.o(i._snputc)
    i._snputc                                0x00005512   Section        0  printfa.o(i._snputc)
    _sputc                                   0x00005529   Thumb Code    10  printfa.o(i._sputc)
    i._sputc                                 0x00005528   Section        0  printfa.o(i._sputc)
    g_ppui32GPIOIntMapBlizzard               0x00005534   Data         192  gpio.o(.constdata)
    .constdata                               0x00005534   Section      552  gpio.o(.constdata)
    g_ppui32GPIOIntMapSnowflake              0x000055f4   Data         216  gpio.o(.constdata)
    g_pui32GPIOBaseAddrs                     0x000056cc   Data         144  gpio.o(.constdata)
    g_pui32VCOFrequencies                    0x0000575c   Data           8  sysctl.o(.constdata)
    .constdata                               0x0000575c   Section      596  sysctl.o(.constdata)
    g_pui32Xtals                             0x00005764   Data         108  sysctl.o(.constdata)
    g_pppui32XTALtoVCO                       0x000057d0   Data         432  sysctl.o(.constdata)
    g_sXTALtoMEMTIM                          0x00005980   Data          48  sysctl.o(.constdata)
    __tagsym$$used.0                         0x000059b0   Number         0  rtx_lib.o(.rodata)
    __tagsym$$used.1                         0x00005a20   Number         0  rtx_lib.o(.rodata)
    os_idle_thread_attr                      0x00005a5c   Data          36  rtx_lib.o(.rodata.os_idle_thread_attr)
    [Anonymous Symbol]                       0x00005a5c   Section        0  rtx_lib.o(.rodata.os_idle_thread_attr)
    os_timer_mq_attr                         0x00005a80   Data          24  rtx_lib.o(.rodata.os_timer_mq_attr)
    [Anonymous Symbol]                       0x00005a80   Section        0  rtx_lib.o(.rodata.os_timer_mq_attr)
    os_timer_thread_attr                     0x00005a98   Data          36  rtx_lib.o(.rodata.os_timer_thread_attr)
    [Anonymous Symbol]                       0x00005a98   Section        0  rtx_lib.o(.rodata.os_timer_thread_attr)
    .L.str.1                                 0x00005abc   Data          12  main.o(.rodata.str1.1)
    [Anonymous Symbol]                       0x00005abc   Section        0  main.o(.rodata.str1.1)
    .L.str                                   0x00005ac8   Data          16  main.o(.rodata.str1.1)
    .L.str                                   0x00005ad8   Data          11  rtx_kernel.o(.rodata.str1.1)
    [Anonymous Symbol]                       0x00005ad8   Section        0  rtx_kernel.o(.rodata.str1.1)
    os_isr_queue                             0x200000b0   Data          64  rtx_lib.o(.bss.os)
    [Anonymous Symbol]                       0x200000b0   Section        0  rtx_lib.o(.bss.os)
    os_mem                                   0x200000f0   Data       32768  rtx_lib.o(.bss.os)
    PendST                                   0x200080f0   Data           1  os_systick.o(.bss.os)
    [Anonymous Symbol]                       0x200080f0   Section        0  os_systick.o(.bss.os)
    os_timer_mq_cb                           0x200080f4   Data          52  rtx_lib.o(.bss.os.msgqueue.cb)
    [Anonymous Symbol]                       0x200080f4   Section        0  rtx_lib.o(.bss.os.msgqueue.cb)
    os_timer_mq_data                         0x20008128   Data          80  rtx_lib.o(.bss.os.msgqueue.mem)
    [Anonymous Symbol]                       0x20008128   Section        0  rtx_lib.o(.bss.os.msgqueue.mem)
    os_idle_thread_cb                        0x20008178   Data          80  rtx_lib.o(.bss.os.thread.cb)
    [Anonymous Symbol]                       0x20008178   Section        0  rtx_lib.o(.bss.os.thread.cb)
    os_timer_thread_cb                       0x200081c8   Data          80  rtx_lib.o(.bss.os.thread.cb)
    os_idle_thread_stack                     0x20008218   Data         512  rtx_lib.o(.bss.os.thread.idle.stack)
    [Anonymous Symbol]                       0x20008218   Section        0  rtx_lib.o(.bss.os.thread.idle.stack)
    os_timer_thread_stack                    0x20008418   Data         512  rtx_lib.o(.bss.os.thread.timer.stack)
    [Anonymous Symbol]                       0x20008418   Section        0  rtx_lib.o(.bss.os.thread.timer.stack)
    STACK                                    0x20008650   Section      512  startup_tm4c129.o(STACK)
    FPCCR                                    0xe000ef34   Number         0  irq_armv7m.o ABSOLUTE

    Global Symbols

    Symbol Name                              Value     Ov Type        Size  Object(Section)

    BuildAttributes$$THM_ISAv4$E$P$D$K$B$S$7EM$VFPi3$EXTD16$VFPS$VFMA$PE$A:L22UL41UL21$X:L11$S22US41US21$IEEE1$IW$~IW$USESV6$~STKCKD$USESV7$~SHL$OTIME$ROPI$EBA8$MICROLIB$REQ8$PRES8$EABIv2 0x00000000   Number         0  anon$$obj.o ABSOLUTE
    __Vectors                                0x00000000   Data           4  startup_tm4c129.o(RESET)
    .bss.os.evflags.cb$$Base                  - Undefined Weak Reference
    .bss.os.evflags.cb$$Limit                 - Undefined Weak Reference
    .bss.os.mempool.cb$$Base                  - Undefined Weak Reference
    .bss.os.mempool.cb$$Limit                 - Undefined Weak Reference
    .bss.os.mutex.cb$$Base                    - Undefined Weak Reference
    .bss.os.mutex.cb$$Limit                   - Undefined Weak Reference
    .bss.os.semaphore.cb$$Base                - Undefined Weak Reference
    .bss.os.semaphore.cb$$Limit               - Undefined Weak Reference
    .bss.os.timer.cb$$Base                    - Undefined Weak Reference
    .bss.os.timer.cb$$Limit                   - Undefined Weak Reference
    __cpp_initialize__aeabi_                  - Undefined Weak Reference
    __cxa_finalize                            - Undefined Weak Reference
    __decompress                              - Undefined Weak Reference
    _clock_init                               - Undefined Weak Reference
    _microlib_exit                            - Undefined Weak Reference
    __Vectors_End                            0x00000200   Data           0  startup_tm4c129.o(RESET)
    __Vectors_Size                           0x00000200   Number         0  startup_tm4c129.o ABSOLUTE
    __main                                   0x00000201   Thumb Code     0  entry.o(.ARM.Collect$$$$00000000)
    _main_stk                                0x00000201   Thumb Code     0  entry2.o(.ARM.Collect$$$$00000001)
    _main_scatterload                        0x00000205   Thumb Code     0  entry5.o(.ARM.Collect$$$$00000004)
    __main_after_scatterload                 0x00000209   Thumb Code     0  entry5.o(.ARM.Collect$$$$00000004)
    _main_clock                              0x00000209   Thumb Code     0  entry7b.o(.ARM.Collect$$$$00000008)
    _main_cpp_init                           0x00000209   Thumb Code     0  entry8b.o(.ARM.Collect$$$$0000000A)
    _main_init                               0x00000209   Thumb Code     0  entry9a.o(.ARM.Collect$$$$0000000B)
    __rt_final_cpp                           0x00000211   Thumb Code     0  entry10a.o(.ARM.Collect$$$$0000000D)
    __rt_final_exit                          0x00000211   Thumb Code     0  entry11a.o(.ARM.Collect$$$$0000000F)
    SVC_Handler                              0x00000215   Thumb Code   152  irq_armv7m.o(.text)
    PendSV_Handler                           0x000002ad   Thumb Code    16  irq_armv7m.o(.text)
    SysTick_Handler                          0x000002bd   Thumb Code    16  irq_armv7m.o(.text)
    Reset_Handler                            0x000002d9   Thumb Code     8  startup_tm4c129.o(.text)
    NMI_Handler                              0x000002e1   Thumb Code     2  startup_tm4c129.o(.text)
    HardFault_Handler                        0x000002e3   Thumb Code     2  startup_tm4c129.o(.text)
    MemManage_Handler                        0x000002e5   Thumb Code     2  startup_tm4c129.o(.text)
    BusFault_Handler                         0x000002e7   Thumb Code     2  startup_tm4c129.o(.text)
    UsageFault_Handler                       0x000002e9   Thumb Code     2  startup_tm4c129.o(.text)
    DebugMon_Handler                         0x000002ed   Thumb Code     2  startup_tm4c129.o(.text)
    GPIOA_Handler                            0x000002f3   Thumb Code     2  startup_tm4c129.o(.text)
    GPIOB_Handler                            0x000002f5   Thumb Code     2  startup_tm4c129.o(.text)
    GPIOC_Handler                            0x000002f7   Thumb Code     2  startup_tm4c129.o(.text)
    GPIOD_Handler                            0x000002f9   Thumb Code     2  startup_tm4c129.o(.text)
    GPIOE_Handler                            0x000002fb   Thumb Code     2  startup_tm4c129.o(.text)
    UART0_Handler                            0x000002fd   Thumb Code     2  startup_tm4c129.o(.text)
    UART1_Handler                            0x000002ff   Thumb Code     2  startup_tm4c129.o(.text)
    SSI0_Handler                             0x00000301   Thumb Code     2  startup_tm4c129.o(.text)
    I2C0_Handler                             0x00000303   Thumb Code     2  startup_tm4c129.o(.text)
    PMW0_FAULT_Handler                       0x00000305   Thumb Code     2  startup_tm4c129.o(.text)
    PWM0_0_Handler                           0x00000307   Thumb Code     2  startup_tm4c129.o(.text)
    PWM0_1_Handler                           0x00000309   Thumb Code     2  startup_tm4c129.o(.text)
    PWM0_2_Handler                           0x0000030b   Thumb Code     2  startup_tm4c129.o(.text)
    QEI0_Handler                             0x0000030d   Thumb Code     2  startup_tm4c129.o(.text)
    ADC0SS0_Handler                          0x0000030f   Thumb Code     2  startup_tm4c129.o(.text)
    ADC0SS1_Handler                          0x00000311   Thumb Code     2  startup_tm4c129.o(.text)
    ADC0SS2_Handler                          0x00000313   Thumb Code     2  startup_tm4c129.o(.text)
    ADC0SS3_Handler                          0x00000315   Thumb Code     2  startup_tm4c129.o(.text)
    WDT0_Handler                             0x00000317   Thumb Code     2  startup_tm4c129.o(.text)
    TIMER0A_Handler                          0x00000319   Thumb Code     2  startup_tm4c129.o(.text)
    TIMER0B_Handler                          0x0000031b   Thumb Code     2  startup_tm4c129.o(.text)
    TIMER1A_Handler                          0x0000031d   Thumb Code     2  startup_tm4c129.o(.text)
    TIMER1B_Handler                          0x0000031f   Thumb Code     2  startup_tm4c129.o(.text)
    TIMER2A_Handler                          0x00000321   Thumb Code     2  startup_tm4c129.o(.text)
    TIMER2B_Handler                          0x00000323   Thumb Code     2  startup_tm4c129.o(.text)
    COMP0_Handler                            0x00000325   Thumb Code     2  startup_tm4c129.o(.text)
    COMP1_Handler                            0x00000327   Thumb Code     2  startup_tm4c129.o(.text)
    COMP2_Handler                            0x00000329   Thumb Code     2  startup_tm4c129.o(.text)
    SYSCTL_Handler                           0x0000032b   Thumb Code     2  startup_tm4c129.o(.text)
    FLASH_Handler                            0x0000032d   Thumb Code     2  startup_tm4c129.o(.text)
    GPIOF_Handler                            0x0000032f   Thumb Code     2  startup_tm4c129.o(.text)
    GPIOG_Handler                            0x00000331   Thumb Code     2  startup_tm4c129.o(.text)
    GPIOH_Handler                            0x00000333   Thumb Code     2  startup_tm4c129.o(.text)
    UART2_Handler                            0x00000335   Thumb Code     2  startup_tm4c129.o(.text)
    SSI1_Handler                             0x00000337   Thumb Code     2  startup_tm4c129.o(.text)
    TIMER3A_Handler                          0x00000339   Thumb Code     2  startup_tm4c129.o(.text)
    TIMER3B_Handler                          0x0000033b   Thumb Code     2  startup_tm4c129.o(.text)
    I2C1_Handler                             0x0000033d   Thumb Code     2  startup_tm4c129.o(.text)
    CAN0_Handler                             0x0000033f   Thumb Code     2  startup_tm4c129.o(.text)
    CAN1_Handler                             0x00000341   Thumb Code     2  startup_tm4c129.o(.text)
    ETH_Handler                              0x00000343   Thumb Code     2  startup_tm4c129.o(.text)
    HIB_Handler                              0x00000345   Thumb Code     2  startup_tm4c129.o(.text)
    USB0_Handler                             0x00000347   Thumb Code     2  startup_tm4c129.o(.text)
    PWM0_3_Handler                           0x00000349   Thumb Code     2  startup_tm4c129.o(.text)
    UDMA_Handler                             0x0000034b   Thumb Code     2  startup_tm4c129.o(.text)
    UDMAERR_Handler                          0x0000034d   Thumb Code     2  startup_tm4c129.o(.text)
    ADC1SS0_Handler                          0x0000034f   Thumb Code     2  startup_tm4c129.o(.text)
    ADC1SS1_Handler                          0x00000351   Thumb Code     2  startup_tm4c129.o(.text)
    ADC1SS2_Handler                          0x00000353   Thumb Code     2  startup_tm4c129.o(.text)
    ADC1SS3_Handler                          0x00000355   Thumb Code     2  startup_tm4c129.o(.text)
    EBI0_Handler                             0x00000357   Thumb Code     2  startup_tm4c129.o(.text)
    GPIOJ_Handler                            0x00000359   Thumb Code     2  startup_tm4c129.o(.text)
    GPIOK_Handler                            0x0000035b   Thumb Code     2  startup_tm4c129.o(.text)
    GPIOL_Handler                            0x0000035d   Thumb Code     2  startup_tm4c129.o(.text)
    SSI2_Handler                             0x0000035f   Thumb Code     2  startup_tm4c129.o(.text)
    SSI3_Handler                             0x00000361   Thumb Code     2  startup_tm4c129.o(.text)
    UART3_Handler                            0x00000363   Thumb Code     2  startup_tm4c129.o(.text)
    UART4_Handler                            0x00000365   Thumb Code     2  startup_tm4c129.o(.text)
    UART5_Handler                            0x00000367   Thumb Code     2  startup_tm4c129.o(.text)
    UART6_Handler                            0x00000369   Thumb Code     2  startup_tm4c129.o(.text)
    UART7_Handler                            0x0000036b   Thumb Code     2  startup_tm4c129.o(.text)
    I2C2_Handler                             0x0000036d   Thumb Code     2  startup_tm4c129.o(.text)
    I2C3_Handler                             0x0000036f   Thumb Code     2  startup_tm4c129.o(.text)
    TIMER4A_Handler                          0x00000371   Thumb Code     2  startup_tm4c129.o(.text)
    TIMER4B_Handler                          0x00000373   Thumb Code     2  startup_tm4c129.o(.text)
    TIMER5A_Handler                          0x00000375   Thumb Code     2  startup_tm4c129.o(.text)
    TIMER5B_Handler                          0x00000377   Thumb Code     2  startup_tm4c129.o(.text)
    WTIMER0A_Handler                         0x00000379   Thumb Code     2  startup_tm4c129.o(.text)
    WTIMER0B_Handler                         0x0000037b   Thumb Code     2  startup_tm4c129.o(.text)
    WTIMER1A_Handler                         0x0000037d   Thumb Code     2  startup_tm4c129.o(.text)
    WTIMER1B_Handler                         0x0000037f   Thumb Code     2  startup_tm4c129.o(.text)
    WTIMER2A_Handler                         0x00000381   Thumb Code     2  startup_tm4c129.o(.text)
    WTIMER2B_Handler                         0x00000383   Thumb Code     2  startup_tm4c129.o(.text)
    WTIMER3A_Handler                         0x00000385   Thumb Code     2  startup_tm4c129.o(.text)
    WTIMER3B_Handler                         0x00000387   Thumb Code     2  startup_tm4c129.o(.text)
    WTIMER4A_Handler                         0x00000389   Thumb Code     2  startup_tm4c129.o(.text)
    WTIMER4B_Handler                         0x0000038b   Thumb Code     2  startup_tm4c129.o(.text)
    WTIMER5A_Handler                         0x0000038d   Thumb Code     2  startup_tm4c129.o(.text)
    WTIMER5B_Handler                         0x0000038f   Thumb Code     2  startup_tm4c129.o(.text)
    FPU_Handler                              0x00000391   Thumb Code     2  startup_tm4c129.o(.text)
    I2C4_Handler                             0x00000393   Thumb Code     2  startup_tm4c129.o(.text)
    I2C5_Handler                             0x00000395   Thumb Code     2  startup_tm4c129.o(.text)
    GPIOM_Handler                            0x00000397   Thumb Code     2  startup_tm4c129.o(.text)
    GPION_Handler                            0x00000399   Thumb Code     2  startup_tm4c129.o(.text)
    TAMPER_Handler                           0x0000039b   Thumb Code     2  startup_tm4c129.o(.text)
    GPIOP0_Handler                           0x0000039d   Thumb Code     2  startup_tm4c129.o(.text)
    GPIOP1_Handler                           0x0000039f   Thumb Code     2  startup_tm4c129.o(.text)
    GPIOP2_Handler                           0x000003a1   Thumb Code     2  startup_tm4c129.o(.text)
    GPIOP3_Handler                           0x000003a3   Thumb Code     2  startup_tm4c129.o(.text)
    GPIOP4_Handler                           0x000003a5   Thumb Code     2  startup_tm4c129.o(.text)
    GPIOP5_Handler                           0x000003a7   Thumb Code     2  startup_tm4c129.o(.text)
    GPIOP6_Handler                           0x000003a9   Thumb Code     2  startup_tm4c129.o(.text)
    GPIOP7_Handler                           0x000003ab   Thumb Code     2  startup_tm4c129.o(.text)
    GPIOQ0_Handler                           0x000003ad   Thumb Code     2  startup_tm4c129.o(.text)
    GPIOQ1_Handler                           0x000003af   Thumb Code     2  startup_tm4c129.o(.text)
    GPIOQ2_Handler                           0x000003b1   Thumb Code     2  startup_tm4c129.o(.text)
    GPIOQ3_Handler                           0x000003b3   Thumb Code     2  startup_tm4c129.o(.text)
    GPIOQ4_Handler                           0x000003b5   Thumb Code     2  startup_tm4c129.o(.text)
    GPIOQ5_Handler                           0x000003b7   Thumb Code     2  startup_tm4c129.o(.text)
    GPIOQ6_Handler                           0x000003b9   Thumb Code     2  startup_tm4c129.o(.text)
    GPIOQ7_Handler                           0x000003bb   Thumb Code     2  startup_tm4c129.o(.text)
    GPIOR_Handler                            0x000003bd   Thumb Code     2  startup_tm4c129.o(.text)
    GPIOS_Handler                            0x000003bf   Thumb Code     2  startup_tm4c129.o(.text)
    SHAMD5_Handler                           0x000003c1   Thumb Code     2  startup_tm4c129.o(.text)
    AES_Handler                              0x000003c3   Thumb Code     2  startup_tm4c129.o(.text)
    DES3DES_Handler                          0x000003c5   Thumb Code     2  startup_tm4c129.o(.text)
    LCDCONTROLLER_Handler                    0x000003c7   Thumb Code     2  startup_tm4c129.o(.text)
    TIMER6A_Handler                          0x000003c9   Thumb Code     2  startup_tm4c129.o(.text)
    TIMER6B_Handler                          0x000003cb   Thumb Code     2  startup_tm4c129.o(.text)
    TIMER7A_Handler                          0x000003cd   Thumb Code     2  startup_tm4c129.o(.text)
    TIMER7B_Handler                          0x000003cf   Thumb Code     2  startup_tm4c129.o(.text)
    I2C6_Handler                             0x000003d1   Thumb Code     2  startup_tm4c129.o(.text)
    I2C7_Handler                             0x000003d3   Thumb Code     2  startup_tm4c129.o(.text)
    HIMSCANKEYBOARD_Handler                  0x000003d5   Thumb Code     2  startup_tm4c129.o(.text)
    ONEWIRE_Handler                          0x000003d7   Thumb Code     2  startup_tm4c129.o(.text)
    HIMPS2_Handler                           0x000003d9   Thumb Code     2  startup_tm4c129.o(.text)
    HIMLEDSEQUENCER_Handler                  0x000003db   Thumb Code     2  startup_tm4c129.o(.text)
    HIMCONSUMERIR_Handler                    0x000003dd   Thumb Code     2  startup_tm4c129.o(.text)
    I2C8_Handler                             0x000003df   Thumb Code     2  startup_tm4c129.o(.text)
    I2C9_Handler                             0x000003e1   Thumb Code     2  startup_tm4c129.o(.text)
    GPIOT_Handler                            0x000003e3   Thumb Code     2  startup_tm4c129.o(.text)
    __aeabi_memcpy                           0x000003ed   Thumb Code    36  memcpya.o(.text)
    __aeabi_memcpy4                          0x000003ed   Thumb Code     0  memcpya.o(.text)
    __aeabi_memcpy8                          0x000003ed   Thumb Code     0  memcpya.o(.text)
    __aeabi_memset                           0x00000411   Thumb Code    14  memseta.o(.text)
    __aeabi_memset4                          0x00000411   Thumb Code     0  memseta.o(.text)
    __aeabi_memset8                          0x00000411   Thumb Code     0  memseta.o(.text)
    __aeabi_memclr                           0x0000041f   Thumb Code     4  memseta.o(.text)
    __aeabi_memclr4                          0x0000041f   Thumb Code     0  memseta.o(.text)
    __aeabi_memclr8                          0x0000041f   Thumb Code     0  memseta.o(.text)
    _memset$wrapper                          0x00000423   Thumb Code    18  memseta.o(.text)
    __aeabi_uidiv                            0x00000435   Thumb Code     0  uidiv.o(.text)
    __aeabi_uidivmod                         0x00000435   Thumb Code    44  uidiv.o(.text)
    __aeabi_uldivmod                         0x00000461   Thumb Code    98  uldiv.o(.text)
    __I$use$fp                               0x000004c3   Thumb Code     0  iusefp.o(.text)
    __aeabi_dadd                             0x000004c3   Thumb Code   322  dadd.o(.text)
    __aeabi_dsub                             0x00000605   Thumb Code     6  dadd.o(.text)
    __aeabi_drsub                            0x0000060b   Thumb Code     6  dadd.o(.text)
    __aeabi_dmul                             0x00000611   Thumb Code   228  dmul.o(.text)
    __aeabi_ddiv                             0x000006f5   Thumb Code   222  ddiv.o(.text)
    __aeabi_d2ulz                            0x000007d3   Thumb Code    48  dfixul.o(.text)
    __aeabi_cdrcmple                         0x00000805   Thumb Code    48  cdrcmple.o(.text)
    __scatterload                            0x00000835   Thumb Code    38  init.o(.text)
    __scatterload_rt2                        0x00000835   Thumb Code     0  init.o(.text)
    __aeabi_llsl                             0x00000865   Thumb Code    30  llshl.o(.text)
    _ll_shift_l                              0x00000865   Thumb Code     0  llshl.o(.text)
    __aeabi_llsr                             0x00000883   Thumb Code    32  llushr.o(.text)
    _ll_ushift_r                             0x00000883   Thumb Code     0  llushr.o(.text)
    __aeabi_lasr                             0x000008a3   Thumb Code    36  llsshr.o(.text)
    _ll_sshift_r                             0x000008a3   Thumb Code     0  llsshr.o(.text)
    _double_round                            0x000008c7   Thumb Code    30  depilogue.o(.text)
    _double_epilogue                         0x000008e5   Thumb Code   156  depilogue.o(.text)
    EvrRtxDelay                              0x00000981   Thumb Code     8  rtx_evr.o(.text.EvrRtxDelay)
    EvrRtxDelayCompleted                     0x00000989   Thumb Code     8  rtx_evr.o(.text.EvrRtxDelayCompleted)
    EvrRtxDelayError                         0x00000991   Thumb Code     8  rtx_evr.o(.text.EvrRtxDelayError)
    EvrRtxDelayStarted                       0x00000999   Thumb Code     8  rtx_evr.o(.text.EvrRtxDelayStarted)
    EvrRtxEventFlagsWaitTimeout              0x000009a1   Thumb Code     8  rtx_evr.o(.text.EvrRtxEventFlagsWaitTimeout)
    EvrRtxKernelError                        0x000009a9   Thumb Code     8  rtx_evr.o(.text.EvrRtxKernelError)
    EvrRtxKernelErrorNotify                  0x000009b1   Thumb Code    10  rtx_evr.o(.text.EvrRtxKernelErrorNotify)
    EvrRtxKernelInitialize                   0x000009bd   Thumb Code     2  rtx_evr.o(.text.EvrRtxKernelInitialize)
    EvrRtxKernelInitialized                  0x000009c1   Thumb Code     2  rtx_evr.o(.text.EvrRtxKernelInitialized)
    EvrRtxKernelStart                        0x000009c5   Thumb Code     2  rtx_evr.o(.text.EvrRtxKernelStart)
    EvrRtxKernelStarted                      0x000009c9   Thumb Code     2  rtx_evr.o(.text.EvrRtxKernelStarted)
    EvrRtxMemoryAlloc                        0x000009cd   Thumb Code    14  rtx_evr.o(.text.EvrRtxMemoryAlloc)
    EvrRtxMemoryBlockAlloc                   0x000009dd   Thumb Code    10  rtx_evr.o(.text.EvrRtxMemoryBlockAlloc)
    EvrRtxMemoryBlockFree                    0x000009e9   Thumb Code    12  rtx_evr.o(.text.EvrRtxMemoryBlockFree)
    EvrRtxMemoryBlockInit                    0x000009f5   Thumb Code    14  rtx_evr.o(.text.EvrRtxMemoryBlockInit)
    EvrRtxMemoryFree                         0x00000a05   Thumb Code    12  rtx_evr.o(.text.EvrRtxMemoryFree)
    EvrRtxMemoryInit                         0x00000a11   Thumb Code    12  rtx_evr.o(.text.EvrRtxMemoryInit)
    EvrRtxMemoryPoolAllocTimeout             0x00000a1d   Thumb Code     8  rtx_evr.o(.text.EvrRtxMemoryPoolAllocTimeout)
    EvrRtxMessageQueueCreated                0x00000a25   Thumb Code    10  rtx_evr.o(.text.EvrRtxMessageQueueCreated)
    EvrRtxMessageQueueError                  0x00000a31   Thumb Code    10  rtx_evr.o(.text.EvrRtxMessageQueueError)
    EvrRtxMessageQueueGet                    0x00000a3d   Thumb Code    14  rtx_evr.o(.text.EvrRtxMessageQueueGet)
    EvrRtxMessageQueueGetPending             0x00000a4d   Thumb Code    12  rtx_evr.o(.text.EvrRtxMessageQueueGetPending)
    EvrRtxMessageQueueGetTimeout             0x00000a59   Thumb Code     8  rtx_evr.o(.text.EvrRtxMessageQueueGetTimeout)
    EvrRtxMessageQueueInsertPending          0x00000a61   Thumb Code    10  rtx_evr.o(.text.EvrRtxMessageQueueInsertPending)
    EvrRtxMessageQueueInserted               0x00000a6d   Thumb Code    10  rtx_evr.o(.text.EvrRtxMessageQueueInserted)
    EvrRtxMessageQueueNew                    0x00000a79   Thumb Code    12  rtx_evr.o(.text.EvrRtxMessageQueueNew)
    EvrRtxMessageQueueNotInserted            0x00000a85   Thumb Code    10  rtx_evr.o(.text.EvrRtxMessageQueueNotInserted)
    EvrRtxMessageQueueNotRetrieved           0x00000a91   Thumb Code    10  rtx_evr.o(.text.EvrRtxMessageQueueNotRetrieved)
    EvrRtxMessageQueuePut                    0x00000a9d   Thumb Code    16  rtx_evr.o(.text.EvrRtxMessageQueuePut)
    EvrRtxMessageQueuePutPending             0x00000aad   Thumb Code    12  rtx_evr.o(.text.EvrRtxMessageQueuePutPending)
    EvrRtxMessageQueuePutTimeout             0x00000ab9   Thumb Code     8  rtx_evr.o(.text.EvrRtxMessageQueuePutTimeout)
    EvrRtxMessageQueueRetrieved              0x00000ac1   Thumb Code    10  rtx_evr.o(.text.EvrRtxMessageQueueRetrieved)
    EvrRtxMutexAcquire                       0x00000acd   Thumb Code    10  rtx_evr.o(.text.EvrRtxMutexAcquire)
    EvrRtxMutexAcquirePending                0x00000ad9   Thumb Code    10  rtx_evr.o(.text.EvrRtxMutexAcquirePending)
    EvrRtxMutexAcquireTimeout                0x00000ae5   Thumb Code     8  rtx_evr.o(.text.EvrRtxMutexAcquireTimeout)
    EvrRtxMutexAcquired                      0x00000aed   Thumb Code    10  rtx_evr.o(.text.EvrRtxMutexAcquired)
    EvrRtxMutexCreated                       0x00000af9   Thumb Code    10  rtx_evr.o(.text.EvrRtxMutexCreated)
    EvrRtxMutexError                         0x00000b05   Thumb Code    10  rtx_evr.o(.text.EvrRtxMutexError)
    EvrRtxMutexNew                           0x00000b11   Thumb Code     8  rtx_evr.o(.text.EvrRtxMutexNew)
    EvrRtxMutexNotAcquired                   0x00000b19   Thumb Code     8  rtx_evr.o(.text.EvrRtxMutexNotAcquired)
    EvrRtxMutexRelease                       0x00000b21   Thumb Code     8  rtx_evr.o(.text.EvrRtxMutexRelease)
    EvrRtxMutexReleased                      0x00000b29   Thumb Code    10  rtx_evr.o(.text.EvrRtxMutexReleased)
    EvrRtxSemaphoreAcquireTimeout            0x00000b35   Thumb Code     8  rtx_evr.o(.text.EvrRtxSemaphoreAcquireTimeout)
    EvrRtxThreadBlocked                      0x00000b3d   Thumb Code    10  rtx_evr.o(.text.EvrRtxThreadBlocked)
    EvrRtxThreadCreated                      0x00000b49   Thumb Code    12  rtx_evr.o(.text.EvrRtxThreadCreated)
    EvrRtxThreadDestroyed                    0x00000b55   Thumb Code     8  rtx_evr.o(.text.EvrRtxThreadDestroyed)
    EvrRtxThreadError                        0x00000b5d   Thumb Code    10  rtx_evr.o(.text.EvrRtxThreadError)
    EvrRtxThreadExit                         0x00000b69   Thumb Code     2  rtx_evr.o(.text.EvrRtxThreadExit)
    EvrRtxThreadFlagsWaitCompleted           0x00000b6d   Thumb Code    14  rtx_evr.o(.text.EvrRtxThreadFlagsWaitCompleted)
    EvrRtxThreadFlagsWaitTimeout             0x00000b7d   Thumb Code     8  rtx_evr.o(.text.EvrRtxThreadFlagsWaitTimeout)
    EvrRtxThreadJoined                       0x00000b85   Thumb Code     8  rtx_evr.o(.text.EvrRtxThreadJoined)
    EvrRtxThreadNew                          0x00000b8d   Thumb Code    12  rtx_evr.o(.text.EvrRtxThreadNew)
    EvrRtxThreadPreempted                    0x00000b99   Thumb Code     8  rtx_evr.o(.text.EvrRtxThreadPreempted)
    EvrRtxThreadSwitched                     0x00000ba1   Thumb Code     8  rtx_evr.o(.text.EvrRtxThreadSwitched)
    EvrRtxThreadUnblocked                    0x00000ba9   Thumb Code    10  rtx_evr.o(.text.EvrRtxThreadUnblocked)
    EvrRtxTimerCallback                      0x00000bb5   Thumb Code    10  rtx_evr.o(.text.EvrRtxTimerCallback)
    OS_Tick_AcknowledgeIRQ                   0x00000ee9   Thumb Code    12  os_systick.o(.text.OS_Tick_AcknowledgeIRQ)
    OS_Tick_Enable                           0x00000ef5   Thumb Code    60  os_systick.o(.text.OS_Tick_Enable)
    OS_Tick_GetIRQn                          0x00000f31   Thumb Code     6  os_systick.o(.text.OS_Tick_GetIRQn)
    OS_Tick_Setup                            0x00000f39   Thumb Code   126  os_systick.o(.text.OS_Tick_Setup)
    SetupADC                                 0x0000104d   Thumb Code   138  main.o(.text.SetupADC)
    SetupUart                                0x000010d9   Thumb Code   132  main.o(.text.SetupUart)
    SystemInit                               0x00001175   Thumb Code    36  system_tm4c129.o(.text.SystemInit)
    Thread_Average                           0x00001215   Thumb Code   184  main.o(.text.Thread_Average)
    Thread_ReadSensor                        0x000012cd   Thumb Code   168  main.o(.text.Thread_ReadSensor)
    Thread_UARTWrite                         0x00001375   Thumb Code   108  main.o(.text.Thread_UARTWrite)
    UARTSend                                 0x000014a9   Thumb Code    42  main.o(.text.UARTSend)
    main                                     0x0000190d   Thumb Code   144  main.o(.text.main)
    osDelay                                  0x0000199d   Thumb Code    84  rtx_delay.o(.text.osDelay)
    osKernelInitialize                       0x000019f1   Thumb Code    74  rtx_kernel.o(.text.osKernelInitialize)
    osKernelStart                            0x00001a3d   Thumb Code    70  rtx_kernel.o(.text.osKernelStart)
    osMessageQueueGet                        0x00001a85   Thumb Code   126  rtx_msgqueue.o(.text.osMessageQueueGet)
    osMessageQueueNew                        0x00001b05   Thumb Code   114  rtx_msgqueue.o(.text.osMessageQueueNew)
    osMessageQueuePut                        0x00001b79   Thumb Code   138  rtx_msgqueue.o(.text.osMessageQueuePut)
    osMutexAcquire                           0x00001c05   Thumb Code   100  rtx_mutex.o(.text.osMutexAcquire)
    osMutexNew                               0x00001c69   Thumb Code    86  rtx_mutex.o(.text.osMutexNew)
    osMutexRelease                           0x00001cc1   Thumb Code    86  rtx_mutex.o(.text.osMutexRelease)
    osRtxErrorNotify                         0x00001d19   Thumb Code    46  rtx_config.o(.text.osRtxErrorNotify)
    osRtxIdleThread                          0x00001d55   Thumb Code     8  rtx_config.o(.text.osRtxIdleThread)
    osRtxKernelBeforeInit                    0x00001d5d   Thumb Code     2  rtx_kernel.o(.text.osRtxKernelBeforeInit)
    osRtxKernelErrorNotify                   0x00001d61   Thumb Code    28  rtx_kernel.o(.text.osRtxKernelErrorNotify)
    osRtxMemoryAlloc                         0x00001d95   Thumb Code   332  rtx_memory.o(.text.osRtxMemoryAlloc)
    osRtxMemoryFree                          0x00001ee1   Thumb Code   194  rtx_memory.o(.text.osRtxMemoryFree)
    osRtxMemoryInit                          0x00001fa5   Thumb Code   150  rtx_memory.o(.text.osRtxMemoryInit)
    osRtxMemoryPoolAlloc                     0x0000203d   Thumb Code    74  rtx_mempool.o(.text.osRtxMemoryPoolAlloc)
    osRtxMemoryPoolFree                      0x00002089   Thumb Code   100  rtx_mempool.o(.text.osRtxMemoryPoolFree)
    osRtxMemoryPoolInit                      0x000020ed   Thumb Code   152  rtx_mempool.o(.text.osRtxMemoryPoolInit)
    osRtxMessageQueueTimerSetup              0x000022ed   Thumb Code    62  rtx_msgqueue.o(.text.osRtxMessageQueueTimerSetup)
    osRtxMutexOwnerRelease                   0x00002345   Thumb Code   152  rtx_mutex.o(.text.osRtxMutexOwnerRelease)
    osRtxMutexOwnerRestore                   0x000023dd   Thumb Code   172  rtx_mutex.o(.text.osRtxMutexOwnerRestore)
    osRtxPendSV_Handler                      0x000024b9   Thumb Code   184  rtx_system.o(.text.osRtxPendSV_Handler)
    osRtxPostProcess                         0x00002571   Thumb Code    66  rtx_system.o(.text.osRtxPostProcess)
    osRtxThreadBeforeFree                    0x000025c1   Thumb Code     8  rtx_thread.o(.text.osRtxThreadBeforeFree)
    osRtxThreadDelayRemove                   0x0000274d   Thumb Code   156  rtx_thread.o(.text.osRtxThreadDelayRemove)
    osRtxThreadDelayTick                     0x000027e9   Thumb Code   336  rtx_thread.o(.text.osRtxThreadDelayTick)
    osRtxThreadDestroy                       0x00002939   Thumb Code    96  rtx_thread.o(.text.osRtxThreadDestroy)
    osRtxThreadDispatch                      0x00002999   Thumb Code   150  rtx_thread.o(.text.osRtxThreadDispatch)
    osRtxThreadJoinWakeup                    0x00002b11   Thumb Code    60  rtx_thread.o(.text.osRtxThreadJoinWakeup)
    osRtxThreadListGet                       0x00002b4d   Thumb Code    54  rtx_thread.o(.text.osRtxThreadListGet)
    osRtxThreadListPut                       0x00002b85   Thumb Code   118  rtx_thread.o(.text.osRtxThreadListPut)
    osRtxThreadListRemove                    0x00002bfd   Thumb Code    50  rtx_thread.o(.text.osRtxThreadListRemove)
    osRtxThreadListSort                      0x00002c55   Thumb Code    88  rtx_thread.o(.text.osRtxThreadListSort)
    osRtxThreadReadyPut                      0x00002d09   Thumb Code    32  rtx_thread.o(.text.osRtxThreadReadyPut)
    osRtxThreadRegPtr                        0x00002d29   Thumb Code    34  rtx_thread.o(.text.osRtxThreadRegPtr)
    osRtxThreadStartup                       0x00002d75   Thumb Code   150  rtx_thread.o(.text.osRtxThreadStartup)
    osRtxThreadSwitch                        0x00002e0d   Thumb Code    46  rtx_thread.o(.text.osRtxThreadSwitch)
    osRtxThreadWaitEnter                     0x00002e3d   Thumb Code   118  rtx_thread.o(.text.osRtxThreadWaitEnter)
    osRtxThreadWaitExit                      0x00002eb5   Thumb Code    70  rtx_thread.o(.text.osRtxThreadWaitExit)
    osRtxTick_Handler                        0x00002efd   Thumb Code   272  rtx_system.o(.text.osRtxTick_Handler)
    osRtxTimerSetup                          0x0000300d   Thumb Code    48  rtx_timer.o(.text.osRtxTimerSetup)
    osRtxTimerThread                         0x0000303d   Thumb Code    50  rtx_timer.o(.text.osRtxTimerThread)
    osThreadExit                             0x0000315d   Thumb Code    36  rtx_thread.o(.text.osThreadExit)
    osThreadNew                              0x00003181   Thumb Code   114  rtx_thread.o(.text.osThreadNew)
    ADCIntClear                              0x0000447f   Thumb Code    10  adc.o(i.ADCIntClear)
    ADCIntStatus                             0x00004489   Thumb Code    52  adc.o(i.ADCIntStatus)
    ADCProcessorTrigger                      0x000044bd   Thumb Code    26  adc.o(i.ADCProcessorTrigger)
    ADCSequenceConfigure                     0x000044d7   Thumb Code    96  adc.o(i.ADCSequenceConfigure)
    ADCSequenceDataGet                       0x00004537   Thumb Code    36  adc.o(i.ADCSequenceDataGet)
    ADCSequenceEnable                        0x0000455b   Thumb Code    14  adc.o(i.ADCSequenceEnable)
    ADCSequenceStepConfigure                 0x00004569   Thumb Code   154  adc.o(i.ADCSequenceStepConfigure)
    GPIODirModeSet                           0x00004603   Thumb Code    40  gpio.o(i.GPIODirModeSet)
    GPIOPadConfigSet                         0x0000462d   Thumb Code   354  gpio.o(i.GPIOPadConfigSet)
    GPIOPinConfigure                         0x0000479d   Thumb Code    60  gpio.o(i.GPIOPinConfigure)
    GPIOPinTypeADC                           0x000047e1   Thumb Code    28  gpio.o(i.GPIOPinTypeADC)
    GPIOPinTypeUART                          0x000047fd   Thumb Code    28  gpio.o(i.GPIOPinTypeUART)
    SysCtlClockFreqSet                       0x00004819   Thumb Code   700  sysctl.o(i.SysCtlClockFreqSet)
    SysCtlPeripheralEnable                   0x00004afd   Thumb Code    36  sysctl.o(i.SysCtlPeripheralEnable)
    SysCtlPeripheralReady                    0x00004b25   Thumb Code    40  sysctl.o(i.SysCtlPeripheralReady)
    UARTCharPut                              0x00004b51   Thumb Code    12  uart.o(i.UARTCharPut)
    UARTCharPutNonBlocking                   0x00004b5d   Thumb Code    16  uart.o(i.UARTCharPutNonBlocking)
    UARTConfigSetExpClk                      0x00004b6d   Thumb Code   110  uart.o(i.UARTConfigSetExpClk)
    UARTFIFODisable                          0x00004bdb   Thumb Code    10  uart.o(i.UARTFIFODisable)
    __0snprintf                              0x00004be5   Thumb Code    48  printfa.o(i.__0snprintf)
    __1snprintf                              0x00004be5   Thumb Code     0  printfa.o(i.__0snprintf)
    __2snprintf                              0x00004be5   Thumb Code     0  printfa.o(i.__0snprintf)
    __c89snprintf                            0x00004be5   Thumb Code     0  printfa.o(i.__0snprintf)
    snprintf                                 0x00004be5   Thumb Code     0  printfa.o(i.__0snprintf)
    __0sprintf                               0x00004c19   Thumb Code    34  printfa.o(i.__0sprintf)
    __1sprintf                               0x00004c19   Thumb Code     0  printfa.o(i.__0sprintf)
    __2sprintf                               0x00004c19   Thumb Code     0  printfa.o(i.__0sprintf)
    __c89sprintf                             0x00004c19   Thumb Code     0  printfa.o(i.__0sprintf)
    sprintf                                  0x00004c19   Thumb Code     0  printfa.o(i.__0sprintf)
    __scatterload_copy                       0x00004c41   Thumb Code    14  handlers.o(i.__scatterload_copy)
    __scatterload_null                       0x00004c4f   Thumb Code     2  handlers.o(i.__scatterload_null)
    __scatterload_zeroinit                   0x00004c51   Thumb Code    14  handlers.o(i.__scatterload_zeroinit)
    osRtxConfig                              0x000059b0   Data         112  rtx_lib.o(.rodata)
    os_cb_sections                           0x00005a20   Data          56  rtx_lib.o(.rodata)
    osRtxUserSVC                             0x00005a58   Data           4  rtx_lib.o(.rodata.osRtxUserSVC)
    Region$$Table$$Base                      0x00005ae4   Number         0  anon$$obj.o(Region$$Table)
    Region$$Table$$Limit                     0x00005b04   Number         0  anon$$obj.o(Region$$Table)
    SystemCoreClock                          0x20000000   Data           4  system_tm4c129.o(.data.SystemCoreClock)
    osRtxInfo                                0x20000004   Data         164  rtx_kernel.o(.data.os)
    SysClock                                 0x200000a8   Data           4  main.o(.bss.SysClock)
    .bss.os.msgqueue.cb$$Base                0x200080f4   Number         0  rtx_lib.o(.bss.os.msgqueue.cb)
    .bss.os.msgqueue.cb$$Limit               0x20008128   Number         0  rtx_lib.o(.bss.os.msgqueue.cb)
    .bss.os.thread.cb$$Base                  0x20008178   Number         0  rtx_lib.o(.bss.os.thread.cb)
    .bss.os.thread.cb$$Limit                 0x20008218   Number         0  rtx_lib.o(.bss.os.thread.cb)
    queueAverageResult                       0x20008618   Data           4  main.o(.bss.queueAverageResult)
    readingIndex                             0x2000861c   Data           1  main.o(.bss.readingIndex)
    sensorMutex                              0x20008620   Data           4  main.o(.bss.sensorMutex)
    sensorReadings                           0x20008624   Data          40  main.o(.bss.sensorReadings)
    __initial_sp                             0x20008850   Data           0  startup_tm4c129.o(STACK)



==============================================================================

Memory Map of the image

  Image Entry point : 0x000002d9

  Load Region LR_1 (Base: 0x00000000, Size: 0x00005bac, Max: 0xffffffff, ABSOLUTE)

    Execution Region ER_RO (Exec base: 0x00000000, Load base: 0x00000000, Size: 0x00005b04, Max: 0xffffffff, ABSOLUTE)

    Exec Addr    Load Addr    Size         Type   Attr      Idx    E Section Name        Object

    0x00000000   0x00000000   0x00000200   Data   RO         1273    RESET               startup_tm4c129.o
    0x00000200   0x00000200   0x00000000   Code   RO         2653  * .ARM.Collect$$$$00000000  mc_w.l(entry.o)
    0x00000200   0x00000200   0x00000004   Code   RO         2690    .ARM.Collect$$$$00000001  mc_w.l(entry2.o)
    0x00000204   0x00000204   0x00000004   Code   RO         2693    .ARM.Collect$$$$00000004  mc_w.l(entry5.o)
    0x00000208   0x00000208   0x00000000   Code   RO         2695    .ARM.Collect$$$$00000008  mc_w.l(entry7b.o)
    0x00000208   0x00000208   0x00000000   Code   RO         2697    .ARM.Collect$$$$0000000A  mc_w.l(entry8b.o)
    0x00000208   0x00000208   0x00000008   Code   RO         2698    .ARM.Collect$$$$0000000B  mc_w.l(entry9a.o)
    0x00000210   0x00000210   0x00000000   Code   RO         2700    .ARM.Collect$$$$0000000D  mc_w.l(entry10a.o)
    0x00000210   0x00000210   0x00000000   Code   RO         2702    .ARM.Collect$$$$0000000F  mc_w.l(entry11a.o)
    0x00000210   0x00000210   0x00000004   Code   RO         2691    .ARM.Collect$$$$00002712  mc_w.l(entry2.o)
    0x00000214   0x00000214   0x000000c4   Code   RO           29    .text               irq_armv7m.o
    0x000002d8   0x000002d8   0x00000114   Code   RO         1274  * .text               startup_tm4c129.o
    0x000003ec   0x000003ec   0x00000024   Code   RO         2656    .text               mc_w.l(memcpya.o)
    0x00000410   0x00000410   0x00000024   Code   RO         2658    .text               mc_w.l(memseta.o)
    0x00000434   0x00000434   0x0000002c   Code   RO         2718    .text               mc_w.l(uidiv.o)
    0x00000460   0x00000460   0x00000062   Code   RO         2720    .text               mc_w.l(uldiv.o)
    0x000004c2   0x000004c2   0x00000000   Code   RO         2722    .text               mc_w.l(iusefp.o)
    0x000004c2   0x000004c2   0x0000014e   Code   RO         2723    .text               mf_w.l(dadd.o)
    0x00000610   0x00000610   0x000000e4   Code   RO         2725    .text               mf_w.l(dmul.o)
    0x000006f4   0x000006f4   0x000000de   Code   RO         2727    .text               mf_w.l(ddiv.o)
    0x000007d2   0x000007d2   0x00000030   Code   RO         2729    .text               mf_w.l(dfixul.o)
    0x00000802   0x00000802   0x00000002   PAD
    0x00000804   0x00000804   0x00000030   Code   RO         2731    .text               mf_w.l(cdrcmple.o)
    0x00000834   0x00000834   0x00000030   Code   RO         2733    .text               mc_w.l(init.o)
    0x00000864   0x00000864   0x0000001e   Code   RO         2736    .text               mc_w.l(llshl.o)
    0x00000882   0x00000882   0x00000020   Code   RO         2738    .text               mc_w.l(llushr.o)
    0x000008a2   0x000008a2   0x00000024   Code   RO         2740    .text               mc_w.l(llsshr.o)
    0x000008c6   0x000008c6   0x000000ba   Code   RO         2743    .text               mf_w.l(depilogue.o)
    0x00000980   0x00000980   0x00000008   Code   RO          293    .text.EvrRtxDelay   rtx_evr.o
    0x00000988   0x00000988   0x00000008   Code   RO          301    .text.EvrRtxDelayCompleted  rtx_evr.o
    0x00000990   0x00000990   0x00000008   Code   RO          291    .text.EvrRtxDelayError  rtx_evr.o
    0x00000998   0x00000998   0x00000008   Code   RO          297    .text.EvrRtxDelayStarted  rtx_evr.o
    0x000009a0   0x000009a0   0x00000008   Code   RO          349    .text.EvrRtxEventFlagsWaitTimeout  rtx_evr.o
    0x000009a8   0x000009a8   0x00000008   Code   RO          137    .text.EvrRtxKernelError  rtx_evr.o
    0x000009b0   0x000009b0   0x0000000a   Code   RO          185    .text.EvrRtxKernelErrorNotify  rtx_evr.o
    0x000009ba   0x000009ba   0x00000002   PAD
    0x000009bc   0x000009bc   0x00000002   Code   RO          139    .text.EvrRtxKernelInitialize  rtx_evr.o
    0x000009be   0x000009be   0x00000002   PAD
    0x000009c0   0x000009c0   0x00000002   Code   RO          141    .text.EvrRtxKernelInitialized  rtx_evr.o
    0x000009c2   0x000009c2   0x00000002   PAD
    0x000009c4   0x000009c4   0x00000002   Code   RO          149    .text.EvrRtxKernelStart  rtx_evr.o
    0x000009c6   0x000009c6   0x00000002   PAD
    0x000009c8   0x000009c8   0x00000002   Code   RO          151    .text.EvrRtxKernelStarted  rtx_evr.o
    0x000009ca   0x000009ca   0x00000002   PAD
    0x000009cc   0x000009cc   0x0000000e   Code   RO          127    .text.EvrRtxMemoryAlloc  rtx_evr.o
    0x000009da   0x000009da   0x00000002   PAD
    0x000009dc   0x000009dc   0x0000000a   Code   RO          133    .text.EvrRtxMemoryBlockAlloc  rtx_evr.o
    0x000009e6   0x000009e6   0x00000002   PAD
    0x000009e8   0x000009e8   0x0000000c   Code   RO          135    .text.EvrRtxMemoryBlockFree  rtx_evr.o
    0x000009f4   0x000009f4   0x0000000e   Code   RO          131    .text.EvrRtxMemoryBlockInit  rtx_evr.o
    0x00000a02   0x00000a02   0x00000002   PAD
    0x00000a04   0x00000a04   0x0000000c   Code   RO          129    .text.EvrRtxMemoryFree  rtx_evr.o
    0x00000a10   0x00000a10   0x0000000c   Code   RO          125    .text.EvrRtxMemoryInit  rtx_evr.o
    0x00000a1c   0x00000a1c   0x00000008   Code   RO          427    .text.EvrRtxMemoryPoolAllocTimeout  rtx_evr.o
    0x00000a24   0x00000a24   0x0000000a   Code   RO          455    .text.EvrRtxMessageQueueCreated  rtx_evr.o
    0x00000a2e   0x00000a2e   0x00000002   PAD
    0x00000a30   0x00000a30   0x0000000a   Code   RO          451    .text.EvrRtxMessageQueueError  rtx_evr.o
    0x00000a3a   0x00000a3a   0x00000002   PAD
    0x00000a3c   0x00000a3c   0x0000000e   Code   RO          471    .text.EvrRtxMessageQueueGet  rtx_evr.o
    0x00000a4a   0x00000a4a   0x00000002   PAD
    0x00000a4c   0x00000a4c   0x0000000c   Code   RO          473    .text.EvrRtxMessageQueueGetPending  rtx_evr.o
    0x00000a58   0x00000a58   0x00000008   Code   RO          475    .text.EvrRtxMessageQueueGetTimeout  rtx_evr.o
    0x00000a60   0x00000a60   0x0000000a   Code   RO          465    .text.EvrRtxMessageQueueInsertPending  rtx_evr.o
    0x00000a6a   0x00000a6a   0x00000002   PAD
    0x00000a6c   0x00000a6c   0x0000000a   Code   RO          467    .text.EvrRtxMessageQueueInserted  rtx_evr.o
    0x00000a76   0x00000a76   0x00000002   PAD
    0x00000a78   0x00000a78   0x0000000c   Code   RO          453    .text.EvrRtxMessageQueueNew  rtx_evr.o
    0x00000a84   0x00000a84   0x0000000a   Code   RO          469    .text.EvrRtxMessageQueueNotInserted  rtx_evr.o
    0x00000a8e   0x00000a8e   0x00000002   PAD
    0x00000a90   0x00000a90   0x0000000a   Code   RO          479    .text.EvrRtxMessageQueueNotRetrieved  rtx_evr.o
    0x00000a9a   0x00000a9a   0x00000002   PAD
    0x00000a9c   0x00000a9c   0x00000010   Code   RO          459    .text.EvrRtxMessageQueuePut  rtx_evr.o
    0x00000aac   0x00000aac   0x0000000c   Code   RO          461    .text.EvrRtxMessageQueuePutPending  rtx_evr.o
    0x00000ab8   0x00000ab8   0x00000008   Code   RO          463    .text.EvrRtxMessageQueuePutTimeout  rtx_evr.o
    0x00000ac0   0x00000ac0   0x0000000a   Code   RO          477    .text.EvrRtxMessageQueueRetrieved  rtx_evr.o
    0x00000aca   0x00000aca   0x00000002   PAD
    0x00000acc   0x00000acc   0x0000000a   Code   RO          367    .text.EvrRtxMutexAcquire  rtx_evr.o
    0x00000ad6   0x00000ad6   0x00000002   PAD
    0x00000ad8   0x00000ad8   0x0000000a   Code   RO          369    .text.EvrRtxMutexAcquirePending  rtx_evr.o
    0x00000ae2   0x00000ae2   0x00000002   PAD
    0x00000ae4   0x00000ae4   0x00000008   Code   RO          371    .text.EvrRtxMutexAcquireTimeout  rtx_evr.o
    0x00000aec   0x00000aec   0x0000000a   Code   RO          373    .text.EvrRtxMutexAcquired  rtx_evr.o
    0x00000af6   0x00000af6   0x00000002   PAD
    0x00000af8   0x00000af8   0x0000000a   Code   RO          363    .text.EvrRtxMutexCreated  rtx_evr.o
    0x00000b02   0x00000b02   0x00000002   PAD
    0x00000b04   0x00000b04   0x0000000a   Code   RO          359    .text.EvrRtxMutexError  rtx_evr.o
    0x00000b0e   0x00000b0e   0x00000002   PAD
    0x00000b10   0x00000b10   0x00000008   Code   RO          361    .text.EvrRtxMutexNew  rtx_evr.o
    0x00000b18   0x00000b18   0x00000008   Code   RO          375    .text.EvrRtxMutexNotAcquired  rtx_evr.o
    0x00000b20   0x00000b20   0x00000008   Code   RO          377    .text.EvrRtxMutexRelease  rtx_evr.o
    0x00000b28   0x00000b28   0x0000000a   Code   RO          379    .text.EvrRtxMutexReleased  rtx_evr.o
    0x00000b32   0x00000b32   0x00000002   PAD
    0x00000b34   0x00000b34   0x00000008   Code   RO          399    .text.EvrRtxSemaphoreAcquireTimeout  rtx_evr.o
    0x00000b3c   0x00000b3c   0x0000000a   Code   RO          235    .text.EvrRtxThreadBlocked  rtx_evr.o
    0x00000b46   0x00000b46   0x00000002   PAD
    0x00000b48   0x00000b48   0x0000000c   Code   RO          193    .text.EvrRtxThreadCreated  rtx_evr.o
    0x00000b54   0x00000b54   0x00000008   Code   RO          247    .text.EvrRtxThreadDestroyed  rtx_evr.o
    0x00000b5c   0x00000b5c   0x0000000a   Code   RO          189    .text.EvrRtxThreadError  rtx_evr.o
    0x00000b66   0x00000b66   0x00000002   PAD
    0x00000b68   0x00000b68   0x00000002   Code   RO          243    .text.EvrRtxThreadExit  rtx_evr.o
    0x00000b6a   0x00000b6a   0x00000002   PAD
    0x00000b6c   0x00000b6c   0x0000000e   Code   RO          287    .text.EvrRtxThreadFlagsWaitCompleted  rtx_evr.o
    0x00000b7a   0x00000b7a   0x00000002   PAD
    0x00000b7c   0x00000b7c   0x00000008   Code   RO          285    .text.EvrRtxThreadFlagsWaitTimeout  rtx_evr.o
    0x00000b84   0x00000b84   0x00000008   Code   RO          233    .text.EvrRtxThreadJoined  rtx_evr.o
    0x00000b8c   0x00000b8c   0x0000000c   Code   RO          191    .text.EvrRtxThreadNew  rtx_evr.o
    0x00000b98   0x00000b98   0x00000008   Code   RO          239    .text.EvrRtxThreadPreempted  rtx_evr.o
    0x00000ba0   0x00000ba0   0x00000008   Code   RO          241    .text.EvrRtxThreadSwitched  rtx_evr.o
    0x00000ba8   0x00000ba8   0x0000000a   Code   RO          237    .text.EvrRtxThreadUnblocked  rtx_evr.o
    0x00000bb2   0x00000bb2   0x00000002   PAD
    0x00000bb4   0x00000bb4   0x0000000a   Code   RO          305    .text.EvrRtxTimerCallback  rtx_evr.o
    0x00000bbe   0x00000bbe   0x00000002   PAD
    0x00000bc0   0x00000bc0   0x00000014   Code   RO           39    .text.IsException   rtx_delay.o
    0x00000bd4   0x00000bd4   0x00000014   Code   RO          510    .text.IsException   rtx_kernel.o
    0x00000be8   0x00000be8   0x00000014   Code   RO          729    .text.IsException   rtx_msgqueue.o
    0x00000bfc   0x00000bfc   0x00000014   Code   RO          810    .text.IsException   rtx_mutex.o
    0x00000c10   0x00000c10   0x00000014   Code   RO         1011    .text.IsException   rtx_thread.o
    0x00000c24   0x00000c24   0x0000002e   Code   RO           41    .text.IsIrqMasked   rtx_delay.o
    0x00000c52   0x00000c52   0x00000002   PAD
    0x00000c54   0x00000c54   0x0000002e   Code   RO          512    .text.IsIrqMasked   rtx_kernel.o
    0x00000c82   0x00000c82   0x00000002   PAD
    0x00000c84   0x00000c84   0x0000002e   Code   RO          731    .text.IsIrqMasked   rtx_msgqueue.o
    0x00000cb2   0x00000cb2   0x00000002   PAD
    0x00000cb4   0x00000cb4   0x0000002e   Code   RO          812    .text.IsIrqMasked   rtx_mutex.o
    0x00000ce2   0x00000ce2   0x00000002   PAD
    0x00000ce4   0x00000ce4   0x0000002e   Code   RO         1013    .text.IsIrqMasked   rtx_thread.o
    0x00000d12   0x00000d12   0x00000002   PAD
    0x00000d14   0x00000d14   0x00000022   Code   RO          765    .text.IsMessageQueuePtrValid  rtx_msgqueue.o
    0x00000d36   0x00000d36   0x00000002   PAD
    0x00000d38   0x00000d38   0x00000022   Code   RO          828    .text.IsMutexPtrValid  rtx_mutex.o
    0x00000d5a   0x00000d5a   0x00000002   PAD
    0x00000d5c   0x00000d5c   0x00000022   Code   RO         1097    .text.IsThreadPtrValid  rtx_thread.o
    0x00000d7e   0x00000d7e   0x00000002   PAD
    0x00000d80   0x00000d80   0x00000018   Code   RO          631    .text.MemBlockPtr   rtx_memory.o
    0x00000d98   0x00000d98   0x0000000a   Code   RO          629    .text.MemHeadPtr    rtx_memory.o
    0x00000da2   0x00000da2   0x00000002   PAD
    0x00000da4   0x00000da4   0x00000052   Code   RO          781    .text.MessageQueueGet  rtx_msgqueue.o
    0x00000df6   0x00000df6   0x00000002   PAD
    0x00000df8   0x00000df8   0x000000ac   Code   RO          773    .text.MessageQueuePut  rtx_msgqueue.o
    0x00000ea4   0x00000ea4   0x00000042   Code   RO          769    .text.MessageQueueRemove  rtx_msgqueue.o
    0x00000ee6   0x00000ee6   0x00000002   PAD
    0x00000ee8   0x00000ee8   0x0000000c   Code   RO         1241    .text.OS_Tick_AcknowledgeIRQ  os_systick.o
    0x00000ef4   0x00000ef4   0x0000003c   Code   RO         1237    .text.OS_Tick_Enable  os_systick.o
    0x00000f30   0x00000f30   0x00000006   Code   RO         1243    .text.OS_Tick_GetIRQn  os_systick.o
    0x00000f36   0x00000f36   0x00000002   PAD
    0x00000f38   0x00000f38   0x0000007e   Code   RO         1235    .text.OS_Tick_Setup  os_systick.o
    0x00000fb6   0x00000fb6   0x00000002   PAD
    0x00000fb8   0x00000fb8   0x00000050   Code   RO          574    .text.SVC_Setup     rtx_kernel.o
    0x00001008   0x00001008   0x00000010   Code   RO          934    .text.SetPendSV     rtx_system.o
    0x00001018   0x00001018   0x00000034   Code   RO          979    .text.SetPrivileged  rtx_thread.o
    0x0000104c   0x0000104c   0x0000008a   Code   RO            6    .text.SetupADC      main.o
    0x000010d6   0x000010d6   0x00000002   PAD
    0x000010d8   0x000010d8   0x00000084   Code   RO            2    .text.SetupUart     main.o
    0x0000115c   0x0000115c   0x00000018   Code   RO          975    .text.StackOffsetR0  rtx_thread.o
    0x00001174   0x00001174   0x00000024   Code   RO         1283    .text.SystemInit    system_tm4c129.o
    0x00001198   0x00001198   0x0000007c   Code   RO         1105    .text.ThreadFlagsCheck  rtx_thread.o
    0x00001214   0x00001214   0x000000b8   Code   RO           10    .text.Thread_Average  main.o
    0x000012cc   0x000012cc   0x000000a8   Code   RO            8    .text.Thread_ReadSensor  main.o
    0x00001374   0x00001374   0x0000006c   Code   RO           12    .text.Thread_UARTWrite  main.o
    0x000013e0   0x000013e0   0x0000009e   Code   RO         1208    .text.TimerInsert   rtx_timer.o
    0x0000147e   0x0000147e   0x00000002   PAD
    0x00001480   0x00001480   0x00000028   Code   RO         1204    .text.TimerUnlink   rtx_timer.o
    0x000014a8   0x000014a8   0x0000002a   Code   RO            4    .text.UARTSend      main.o
    0x000014d2   0x000014d2   0x00000002   PAD
    0x000014d4   0x000014d4   0x00000010   Code   RO          576    .text.__NVIC_GetPriorityGrouping  rtx_kernel.o
    0x000014e4   0x000014e4   0x00000038   Code   RO         1107    .text.atomic_chk32_all  rtx_thread.o
    0x0000151c   0x0000151c   0x00000034   Code   RO         1109    .text.atomic_chk32_any  rtx_thread.o
    0x00001550   0x00001550   0x0000002c   Code   RO          936    .text.atomic_dec16_nz  rtx_system.o
    0x0000157c   0x0000157c   0x00000020   Code   RO          656    .text.atomic_dec32  rtx_mempool.o
    0x0000159c   0x0000159c   0x00000028   Code   RO          783    .text.atomic_dec32_nz  rtx_msgqueue.o
    0x000015c4   0x000015c4   0x00000034   Code   RO          938    .text.atomic_inc16_lim  rtx_system.o
    0x000015f8   0x000015f8   0x00000038   Code   RO          942    .text.atomic_inc16_lt  rtx_system.o
    0x00001630   0x00001630   0x00000020   Code   RO          650    .text.atomic_inc32  rtx_mempool.o
    0x00001650   0x00001650   0x00000020   Code   RO          775    .text.atomic_inc32  rtx_msgqueue.o
    0x00001670   0x00001670   0x00000028   Code   RO          648    .text.atomic_link_get  rtx_mempool.o
    0x00001698   0x00001698   0x00000030   Code   RO          654    .text.atomic_link_put  rtx_mempool.o
    0x000016c8   0x000016c8   0x00000028   Code   RO          785    .text.atomic_wr8    rtx_msgqueue.o
    0x000016f0   0x000016f0   0x000000ac   Code   RO          743    .text.isrRtxMessageQueueGet  rtx_msgqueue.o
    0x0000179c   0x0000179c   0x000000bc   Code   RO          739    .text.isrRtxMessageQueuePut  rtx_msgqueue.o
    0x00001858   0x00001858   0x00000054   Code   RO          918    .text.isr_queue_get  rtx_system.o
    0x000018ac   0x000018ac   0x0000005e   Code   RO          932    .text.isr_queue_put  rtx_system.o
    0x0000190a   0x0000190a   0x00000002   PAD
    0x0000190c   0x0000190c   0x00000090   Code   RO           14    .text.main          main.o
    0x0000199c   0x0000199c   0x00000054   Code   RO           37    .text.osDelay       rtx_delay.o
    0x000019f0   0x000019f0   0x0000004a   Code   RO          508    .text.osKernelInitialize  rtx_kernel.o
    0x00001a3a   0x00001a3a   0x00000002   PAD
    0x00001a3c   0x00001a3c   0x00000046   Code   RO          524    .text.osKernelStart  rtx_kernel.o
    0x00001a82   0x00001a82   0x00000002   PAD
    0x00001a84   0x00001a84   0x0000007e   Code   RO          741    .text.osMessageQueueGet  rtx_msgqueue.o
    0x00001b02   0x00001b02   0x00000002   PAD
    0x00001b04   0x00001b04   0x00000072   Code   RO          727    .text.osMessageQueueNew  rtx_msgqueue.o
    0x00001b76   0x00001b76   0x00000002   PAD
    0x00001b78   0x00001b78   0x0000008a   Code   RO          737    .text.osMessageQueuePut  rtx_msgqueue.o
    0x00001c02   0x00001c02   0x00000002   PAD
    0x00001c04   0x00001c04   0x00000064   Code   RO          818    .text.osMutexAcquire  rtx_mutex.o
    0x00001c68   0x00001c68   0x00000056   Code   RO          808    .text.osMutexNew    rtx_mutex.o
    0x00001cbe   0x00001cbe   0x00000002   PAD
    0x00001cc0   0x00001cc0   0x00000056   Code   RO          820    .text.osMutexRelease  rtx_mutex.o
    0x00001d16   0x00001d16   0x00000002   PAD
    0x00001d18   0x00001d18   0x0000002e   Code   RO         1263    .text.osRtxErrorNotify  rtx_config.o
    0x00001d46   0x00001d46   0x00000002   PAD
    0x00001d48   0x00001d48   0x0000000a   Code   RO          922    .text.osRtxEventFlagsObject  rtx_system.o
    0x00001d52   0x00001d52   0x00000002   PAD
    0x00001d54   0x00001d54   0x00000008   Code   RO         1261    .text.osRtxIdleThread  rtx_config.o
    0x00001d5c   0x00001d5c   0x00000002   Code   RO          504    .text.osRtxKernelBeforeInit  rtx_kernel.o
    0x00001d5e   0x00001d5e   0x00000002   PAD
    0x00001d60   0x00001d60   0x0000001c   Code   RO          506    .text.osRtxKernelErrorNotify  rtx_kernel.o
    0x00001d7c   0x00001d7c   0x0000000c   Code   RO          914    .text.osRtxKernelGetState  rtx_system.o
    0x00001d88   0x00001d88   0x0000000c   Code   RO          983    .text.osRtxKernelGetState  rtx_thread.o
    0x00001d94   0x00001d94   0x0000014c   Code   RO          633    .text.osRtxMemoryAlloc  rtx_memory.o
    0x00001ee0   0x00001ee0   0x000000c2   Code   RO          635    .text.osRtxMemoryFree  rtx_memory.o
    0x00001fa2   0x00001fa2   0x00000002   PAD
    0x00001fa4   0x00001fa4   0x00000096   Code   RO          627    .text.osRtxMemoryInit  rtx_memory.o
    0x0000203a   0x0000203a   0x00000002   PAD
    0x0000203c   0x0000203c   0x0000004a   Code   RO          646    .text.osRtxMemoryPoolAlloc  rtx_mempool.o
    0x00002086   0x00002086   0x00000002   PAD
    0x00002088   0x00002088   0x00000064   Code   RO          652    .text.osRtxMemoryPoolFree  rtx_mempool.o
    0x000020ec   0x000020ec   0x00000098   Code   RO          644    .text.osRtxMemoryPoolInit  rtx_mempool.o
    0x00002184   0x00002184   0x0000000a   Code   RO          926    .text.osRtxMemoryPoolObject  rtx_system.o
    0x0000218e   0x0000218e   0x00000002   PAD
    0x00002190   0x00002190   0x0000000a   Code   RO          928    .text.osRtxMessageObject  rtx_system.o
    0x0000219a   0x0000219a   0x00000002   PAD
    0x0000219c   0x0000219c   0x0000000a   Code   RO          723    .text.osRtxMessageQueueId  rtx_msgqueue.o
    0x000021a6   0x000021a6   0x00000002   PAD
    0x000021a8   0x000021a8   0x00000144   Code   RO          767    .text.osRtxMessageQueuePostProcess  rtx_msgqueue.o
    0x000022ec   0x000022ec   0x0000003e   Code   RO          721    .text.osRtxMessageQueueTimerSetup  rtx_msgqueue.o
    0x0000232a   0x0000232a   0x00000002   PAD
    0x0000232c   0x0000232c   0x0000000a   Code   RO          830    .text.osRtxMutexId  rtx_mutex.o
    0x00002336   0x00002336   0x00000002   PAD
    0x00002338   0x00002338   0x0000000a   Code   RO          971    .text.osRtxMutexObject  rtx_thread.o
    0x00002342   0x00002342   0x00000002   PAD
    0x00002344   0x00002344   0x00000098   Code   RO          802    .text.osRtxMutexOwnerRelease  rtx_mutex.o
    0x000023dc   0x000023dc   0x000000ac   Code   RO          806    .text.osRtxMutexOwnerRestore  rtx_mutex.o
    0x00002488   0x00002488   0x0000000a   Code   RO          771    .text.osRtxObject   rtx_msgqueue.o
    0x00002492   0x00002492   0x00000002   PAD
    0x00002494   0x00002494   0x0000000a   Code   RO          804    .text.osRtxObject   rtx_mutex.o
    0x0000249e   0x0000249e   0x00000002   PAD
    0x000024a0   0x000024a0   0x0000000a   Code   RO          940    .text.osRtxObject   rtx_system.o
    0x000024aa   0x000024aa   0x00000002   PAD
    0x000024ac   0x000024ac   0x0000000a   Code   RO          959    .text.osRtxObject   rtx_thread.o
    0x000024b6   0x000024b6   0x00000002   PAD
    0x000024b8   0x000024b8   0x000000b8   Code   RO          916    .text.osRtxPendSV_Handler  rtx_system.o
    0x00002570   0x00002570   0x00000042   Code   RO          930    .text.osRtxPostProcess  rtx_system.o
    0x000025b2   0x000025b2   0x00000002   PAD
    0x000025b4   0x000025b4   0x0000000a   Code   RO          924    .text.osRtxSemaphoreObject  rtx_system.o
    0x000025be   0x000025be   0x00000002   PAD
    0x000025c0   0x000025c0   0x00000008   Code   RO         1001    .text.osRtxThreadBeforeFree  rtx_thread.o
    0x000025c8   0x000025c8   0x00000088   Code   RO          987    .text.osRtxThreadBlock  rtx_thread.o
    0x00002650   0x00002650   0x000000fa   Code   RO          993    .text.osRtxThreadDelayInsert  rtx_thread.o
    0x0000274a   0x0000274a   0x00000002   PAD
    0x0000274c   0x0000274c   0x0000009c   Code   RO          965    .text.osRtxThreadDelayRemove  rtx_thread.o
    0x000027e8   0x000027e8   0x00000150   Code   RO          967    .text.osRtxThreadDelayTick  rtx_thread.o
    0x00002938   0x00002938   0x00000060   Code   RO          997    .text.osRtxThreadDestroy  rtx_thread.o
    0x00002998   0x00002998   0x00000096   Code   RO          981    .text.osRtxThreadDispatch  rtx_thread.o
    0x00002a2e   0x00002a2e   0x00000002   PAD
    0x00002a30   0x00002a30   0x000000a2   Code   RO          999    .text.osRtxThreadFree  rtx_thread.o
    0x00002ad2   0x00002ad2   0x00000002   PAD
    0x00002ad4   0x00002ad4   0x0000000c   Code   RO          779    .text.osRtxThreadGetRunning  rtx_msgqueue.o
    0x00002ae0   0x00002ae0   0x0000000c   Code   RO          834    .text.osRtxThreadGetRunning  rtx_mutex.o
    0x00002aec   0x00002aec   0x0000000c   Code   RO          985    .text.osRtxThreadGetRunning  rtx_thread.o
    0x00002af8   0x00002af8   0x0000000c   Code   RO         1202    .text.osRtxThreadGetRunning  rtx_timer.o
    0x00002b04   0x00002b04   0x0000000a   Code   RO         1005    .text.osRtxThreadId  rtx_thread.o
    0x00002b0e   0x00002b0e   0x00000002   PAD
    0x00002b10   0x00002b10   0x0000003c   Code   RO          995    .text.osRtxThreadJoinWakeup  rtx_thread.o
    0x00002b4c   0x00002b4c   0x00000036   Code   RO          955    .text.osRtxThreadListGet  rtx_thread.o
    0x00002b82   0x00002b82   0x00000002   PAD
    0x00002b84   0x00002b84   0x00000076   Code   RO          951    .text.osRtxThreadListPut  rtx_thread.o
    0x00002bfa   0x00002bfa   0x00000002   PAD
    0x00002bfc   0x00002bfc   0x00000032   Code   RO          961    .text.osRtxThreadListRemove  rtx_thread.o
    0x00002c2e   0x00002c2e   0x00000002   PAD
    0x00002c30   0x00002c30   0x00000022   Code   RO          969    .text.osRtxThreadListRoot  rtx_thread.o
    0x00002c52   0x00002c52   0x00000002   PAD
    0x00002c54   0x00002c54   0x00000058   Code   RO          957    .text.osRtxThreadListSort  rtx_thread.o
    0x00002cac   0x00002cac   0x0000000a   Code   RO          920    .text.osRtxThreadObject  rtx_system.o
    0x00002cb6   0x00002cb6   0x00000002   PAD
    0x00002cb8   0x00002cb8   0x0000000a   Code   RO          953    .text.osRtxThreadObject  rtx_thread.o
    0x00002cc2   0x00002cc2   0x00000002   PAD
    0x00002cc4   0x00002cc4   0x00000044   Code   RO         1103    .text.osRtxThreadPostProcess  rtx_thread.o
    0x00002d08   0x00002d08   0x00000020   Code   RO          963    .text.osRtxThreadReadyPut  rtx_thread.o
    0x00002d28   0x00002d28   0x00000022   Code   RO          973    .text.osRtxThreadRegPtr  rtx_thread.o
    0x00002d4a   0x00002d4a   0x00000002   PAD
    0x00002d4c   0x00002d4c   0x00000014   Code   RO         1139    .text.osRtxThreadSetRunning  rtx_thread.o
    0x00002d60   0x00002d60   0x00000014   Code   RO         1206    .text.osRtxThreadSetRunning  rtx_timer.o
    0x00002d74   0x00002d74   0x00000096   Code   RO         1003    .text.osRtxThreadStartup  rtx_thread.o
    0x00002e0a   0x00002e0a   0x00000002   PAD
    0x00002e0c   0x00002e0c   0x0000002e   Code   RO          977    .text.osRtxThreadSwitch  rtx_thread.o
    0x00002e3a   0x00002e3a   0x00000002   PAD
    0x00002e3c   0x00002e3c   0x00000076   Code   RO          991    .text.osRtxThreadWaitEnter  rtx_thread.o
    0x00002eb2   0x00002eb2   0x00000002   PAD
    0x00002eb4   0x00002eb4   0x00000046   Code   RO          989    .text.osRtxThreadWaitExit  rtx_thread.o
    0x00002efa   0x00002efa   0x00000002   PAD
    0x00002efc   0x00002efc   0x00000110   Code   RO          912    .text.osRtxTick_Handler  rtx_system.o
    0x0000300c   0x0000300c   0x00000030   Code   RO         1178    .text.osRtxTimerSetup  rtx_timer.o
    0x0000303c   0x0000303c   0x00000032   Code   RO         1182    .text.osRtxTimerThread  rtx_timer.o
    0x0000306e   0x0000306e   0x00000002   PAD
    0x00003070   0x00003070   0x000000dc   Code   RO         1180    .text.osRtxTimerTick  rtx_timer.o
    0x0000314c   0x0000314c   0x00000010   Code   RO         1099    .text.osThreadEntry  rtx_thread.o
    0x0000315c   0x0000315c   0x00000024   Code   RO         1051    .text.osThreadExit  rtx_thread.o
    0x00003180   0x00003180   0x00000072   Code   RO         1009    .text.osThreadNew   rtx_thread.o
    0x000031f2   0x000031f2   0x00000002   PAD
    0x000031f4   0x000031f4   0x00000050   Code   RO           45    .text.svcRtxDelay   rtx_delay.o
    0x00003244   0x00003244   0x00000304   Code   RO          568    .text.svcRtxKernelInitialize  rtx_kernel.o
    0x00003548   0x00003548   0x000000a4   Code   RO          572    .text.svcRtxKernelStart  rtx_kernel.o
    0x000035ec   0x000035ec   0x00000168   Code   RO          787    .text.svcRtxMessageQueueGet  rtx_msgqueue.o
    0x00003754   0x00003754   0x00000290   Code   RO          725    .text.svcRtxMessageQueueNew  rtx_msgqueue.o
    0x000039e4   0x000039e4   0x0000015c   Code   RO          777    .text.svcRtxMessageQueuePut  rtx_msgqueue.o
    0x00003b40   0x00003b40   0x00000176   Code   RO          832    .text.svcRtxMutexAcquire  rtx_mutex.o
    0x00003cb6   0x00003cb6   0x00000002   PAD
    0x00003cb8   0x00003cb8   0x00000142   Code   RO          826    .text.svcRtxMutexNew  rtx_mutex.o
    0x00003dfa   0x00003dfa   0x00000002   PAD
    0x00003dfc   0x00003dfc   0x000001a0   Code   RO          836    .text.svcRtxMutexRelease  rtx_mutex.o
    0x00003f9c   0x00003f9c   0x00000062   Code   RO         1137    .text.svcRtxThreadExit  rtx_thread.o
    0x00003ffe   0x00003ffe   0x00000002   PAD
    0x00004000   0x00004000   0x0000046a   Code   RO         1007    .text.svcRtxThreadNew  rtx_thread.o
    0x0000446a   0x0000446a   0x00000002   PAD
    0x0000446c   0x0000446c   0x00000012   Code   RO         1101    .text.xPSR_InitVal  rtx_thread.o
    0x0000447e   0x0000447e   0x0000000a   Code   RO         1303    i.ADCIntClear       driverlib.lib(adc.o)
    0x00004488   0x00004488   0x00000034   Code   RO         1310    i.ADCIntStatus      driverlib.lib(adc.o)
    0x000044bc   0x000044bc   0x0000001a   Code   RO         1315    i.ADCProcessorTrigger  driverlib.lib(adc.o)
    0x000044d6   0x000044d6   0x00000060   Code   RO         1318    i.ADCSequenceConfigure  driverlib.lib(adc.o)
    0x00004536   0x00004536   0x00000024   Code   RO         1321    i.ADCSequenceDataGet  driverlib.lib(adc.o)
    0x0000455a   0x0000455a   0x0000000e   Code   RO         1323    i.ADCSequenceEnable  driverlib.lib(adc.o)
    0x00004568   0x00004568   0x0000009a   Code   RO         1326    i.ADCSequenceStepConfigure  driverlib.lib(adc.o)
    0x00004602   0x00004602   0x00000028   Code   RO         1576    i.GPIODirModeSet    driverlib.lib(gpio.o)
    0x0000462a   0x0000462a   0x00000002   PAD
    0x0000462c   0x0000462c   0x00000170   Code   RO         1588    i.GPIOPadConfigSet  driverlib.lib(gpio.o)
    0x0000479c   0x0000479c   0x00000044   Code   RO         1589    i.GPIOPinConfigure  driverlib.lib(gpio.o)
    0x000047e0   0x000047e0   0x0000001c   Code   RO         1591    i.GPIOPinTypeADC    driverlib.lib(gpio.o)
    0x000047fc   0x000047fc   0x0000001c   Code   RO         1612    i.GPIOPinTypeUART   driverlib.lib(gpio.o)
    0x00004818   0x00004818   0x000002e4   Code   RO         1886    i.SysCtlClockFreqSet  driverlib.lib(sysctl.o)
    0x00004afc   0x00004afc   0x00000028   Code   RO         1918    i.SysCtlPeripheralEnable  driverlib.lib(sysctl.o)
    0x00004b24   0x00004b24   0x0000002c   Code   RO         1922    i.SysCtlPeripheralReady  driverlib.lib(sysctl.o)
    0x00004b50   0x00004b50   0x0000000c   Code   RO         2246    i.UARTCharPut       driverlib.lib(uart.o)
    0x00004b5c   0x00004b5c   0x00000010   Code   RO         2247    i.UARTCharPutNonBlocking  driverlib.lib(uart.o)
    0x00004b6c   0x00004b6c   0x0000006e   Code   RO         2252    i.UARTConfigSetExpClk  driverlib.lib(uart.o)
    0x00004bda   0x00004bda   0x0000000a   Code   RO         2259    i.UARTFIFODisable   driverlib.lib(uart.o)
    0x00004be4   0x00004be4   0x00000034   Code   RO         2664    i.__0snprintf       mc_w.l(printfa.o)
    0x00004c18   0x00004c18   0x00000028   Code   RO         2665    i.__0sprintf        mc_w.l(printfa.o)
    0x00004c40   0x00004c40   0x0000000e   Code   RO         2747    i.__scatterload_copy  mc_w.l(handlers.o)
    0x00004c4e   0x00004c4e   0x00000002   Code   RO         2748    i.__scatterload_null  mc_w.l(handlers.o)
    0x00004c50   0x00004c50   0x0000000e   Code   RO         2749    i.__scatterload_zeroinit  mc_w.l(handlers.o)
    0x00004c5e   0x00004c5e   0x00000002   PAD
    0x00004c60   0x00004c60   0x00000184   Code   RO         2670    i._fp_digits        mc_w.l(printfa.o)
    0x00004de4   0x00004de4   0x000006dc   Code   RO         2671    i._printf_core      mc_w.l(printfa.o)
    0x000054c0   0x000054c0   0x00000024   Code   RO         2672    i._printf_post_padding  mc_w.l(printfa.o)
    0x000054e4   0x000054e4   0x0000002e   Code   RO         2673    i._printf_pre_padding  mc_w.l(printfa.o)
    0x00005512   0x00005512   0x00000016   Code   RO         2674    i._snputc           mc_w.l(printfa.o)
    0x00005528   0x00005528   0x0000000a   Code   RO         2675    i._sputc            mc_w.l(printfa.o)
    0x00005532   0x00005532   0x00000002   PAD
    0x00005534   0x00005534   0x00000228   Data   RO         1621    .constdata          driverlib.lib(gpio.o)
    0x0000575c   0x0000575c   0x00000254   Data   RO         1940    .constdata          driverlib.lib(sysctl.o)
    0x000059b0   0x000059b0   0x00000070   Data   RO          613    .rodata             rtx_lib.o
    0x00005a20   0x00005a20   0x00000038   Data   RO          616    .rodata             rtx_lib.o
    0x00005a58   0x00005a58   0x00000004   Data   RO          615    .rodata.osRtxUserSVC  rtx_lib.o
    0x00005a5c   0x00005a5c   0x00000024   Data   RO          610    .rodata.os_idle_thread_attr  rtx_lib.o
    0x00005a80   0x00005a80   0x00000018   Data   RO          612    .rodata.os_timer_mq_attr  rtx_lib.o
    0x00005a98   0x00005a98   0x00000024   Data   RO          611    .rodata.os_timer_thread_attr  rtx_lib.o
    0x00005abc   0x00005abc   0x0000001c   Data   RO           20    .rodata.str1.1      main.o
    0x00005ad8   0x00005ad8   0x0000000b   Data   RO          600    .rodata.str1.1      rtx_kernel.o
    0x00005ae3   0x00005ae3   0x00000001   PAD
    0x00005ae4   0x00005ae4   0x00000020   Data   RO         2746    Region$$Table       anon$$obj.o


    Execution Region ER_RW (Exec base: 0x20000000, Load base: 0x00005b04, Size: 0x000000a8, Max: 0xffffffff, ABSOLUTE)

    Exec Addr    Load Addr    Size         Type   Attr      Idx    E Section Name        Object

    0x20000000   0x00005b04   0x00000004   Data   RW         1285    .data.SystemCoreClock  system_tm4c129.o
    0x20000004   0x00005b08   0x000000a4   Data   RW          601    .data.os            rtx_kernel.o


    Execution Region ER_ZI (Exec base: 0x200000a8, Load base: 0x00005bac, Size: 0x000087a8, Max: 0xffffffff, ABSOLUTE)

    Exec Addr    Load Addr    Size         Type   Attr      Idx    E Section Name        Object

    0x200000a8        -       0x00000004   Zero   RW           18    .bss.SysClock       main.o
    0x200000ac   0x00005bac   0x00000004   PAD
    0x200000b0        -       0x00008040   Zero   RW          609    .bss.os             rtx_lib.o
    0x200080f0        -       0x00000001   Zero   RW         1253    .bss.os             os_systick.o
    0x200080f1   0x00005bac   0x00000003   PAD
    0x200080f4        -       0x00000034   Zero   RW          620    .bss.os.msgqueue.cb  rtx_lib.o
    0x20008128        -       0x00000050   Zero   RW          621    .bss.os.msgqueue.mem  rtx_lib.o
    0x20008178        -       0x000000a0   Zero   RW          617    .bss.os.thread.cb   rtx_lib.o
    0x20008218        -       0x00000200   Zero   RW          618    .bss.os.thread.idle.stack  rtx_lib.o
    0x20008418        -       0x00000200   Zero   RW          619    .bss.os.thread.timer.stack  rtx_lib.o
    0x20008618        -       0x00000004   Zero   RW           21    .bss.queueAverageResult  main.o
    0x2000861c        -       0x00000001   Zero   RW           17    .bss.readingIndex   main.o
    0x2000861d   0x00005bac   0x00000003   PAD
    0x20008620        -       0x00000004   Zero   RW           19    .bss.sensorMutex    main.o
    0x20008624        -       0x00000028   Zero   RW           16    .bss.sensorReadings  main.o
    0x2000864c   0x00005bac   0x00000004   PAD
    0x20008650        -       0x00000200   Zero   RW         1271    STACK               startup_tm4c129.o


==============================================================================

Image component sizes


      Code (inc. data)   RO Data    RW Data    ZI Data      Debug   Object Name

       196         12          0          0          0        726   irq_armv7m.o
       916          0         28          0         53       2615   main.o
       204          0          0          0          1       4933   os_systick.o
        54          6          0          0          0        748   rtx_config.o
       230          0          0          0          0       2836   rtx_delay.o
       520          0          0          0          0      26561   rtx_evr.o
      1272          0         11        164          0      18178   rtx_kernel.o
         0          0        268          0      34148       5688   rtx_lib.o
       710          0          0          0          0       2390   rtx_memory.o
       478          0          0          0          0      12694   rtx_mempool.o
      3052          0          0          0          0      15320   rtx_msgqueue.o
      1840          0          0          0          0       9517   rtx_mutex.o
       940         10          0          0          0       6359   rtx_system.o
      4120          0          0          0          0      33982   rtx_thread.o
       548          0          0          0          0       9425   rtx_timer.o
       276          8        512          0        512       6088   startup_tm4c129.o
        36          0          0          4          0       1518   system_tm4c129.o

    ----------------------------------------------------------------------
     15574         36        852        168      34728     159578   Object Totals
         0          0         32          0          0          0   (incl. Generated)
       182          0          1          0         14          0   (incl. Padding)

    ----------------------------------------------------------------------

      Code (inc. data)   RO Data    RW Data    ZI Data      Debug   Library Member Name

       388          0          0          0          0       9638   adc.o
       532         22        552          0          0       4118   gpio.o
       824         48        596          0          0       4490   sysctl.o
       148          0          0          0          0       3104   uart.o
         0          0          0          0          0          0   entry.o
         0          0          0          0          0          0   entry10a.o
         0          0          0          0          0          0   entry11a.o
         8          4          0          0          0          0   entry2.o
         4          0          0          0          0          0   entry5.o
         0          0          0          0          0          0   entry7b.o
         0          0          0          0          0          0   entry8b.o
         8          4          0          0          0          0   entry9a.o
        30          0          0          0          0          0   handlers.o
        48         10          0          0          0         68   init.o
         0          0          0          0          0          0   iusefp.o
        30          0          0          0          0         68   llshl.o
        36          0          0          0          0         68   llsshr.o
        32          0          0          0          0         68   llushr.o
        36          0          0          0          0         68   memcpya.o
        36          0          0          0          0        108   memseta.o
      2350         90          0          0          0        676   printfa.o
        44          0          0          0          0         80   uidiv.o
        98          0          0          0          0         92   uldiv.o
        48          0          0          0          0         68   cdrcmple.o
       334          0          0          0          0        148   dadd.o
       222          0          0          0          0        100   ddiv.o
       186          0          0          0          0        176   depilogue.o
        48          0          0          0          0         68   dfixul.o
       228          0          0          0          0         96   dmul.o

    ----------------------------------------------------------------------
      5726        178       1148          0          0      23302   Library Totals
         8          0          0          0          0          0   (incl. Padding)

    ----------------------------------------------------------------------

      Code (inc. data)   RO Data    RW Data    ZI Data      Debug   Library Name

      1892         70       1148          0          0      21350   driverlib.lib
      2760        108          0          0          0       1296   mc_w.l
      1066          0          0          0          0        656   mf_w.l

    ----------------------------------------------------------------------
      5726        178       1148          0          0      23302   Library Totals

    ----------------------------------------------------------------------

==============================================================================


      Code (inc. data)   RO Data    RW Data    ZI Data      Debug   

     21300        214       2000        168      34728     180284   Grand Totals
     21300        214       2000        168      34728     180284   ELF Image Totals
     21300        214       2000        168          0          0   ROM Totals

==============================================================================

    Total RO  Size (Code + RO Data)                23300 (  22.75kB)
    Total RW  Size (RW Data + ZI Data)             34896 (  34.08kB)
    Total ROM Size (Code + RO Data + RW Data)      23468 (  22.92kB)

==============================================================================

